Archive member included to satisfy reference by file (symbol)

contiki-srf06-cc26xx.a(contiki-main.o)
                              obj_srf06-cc26xx/startup_gcc.o (main)
contiki-srf06-cc26xx.a(sensors.o)
                              border-router.co (sensors_event)
contiki-srf06-cc26xx.a(leds.o)
                              contiki-srf06-cc26xx.a(contiki-main.o) (leds_init)
contiki-srf06-cc26xx.a(leds-arch.o)
                              contiki-srf06-cc26xx.a(leds.o) (leds_arch_init)
contiki-srf06-cc26xx.a(sensortag-senso)
                              contiki-srf06-cc26xx.a(sensors.o) (sensors_flags)
contiki-srf06-cc26xx.a(bmp-280-sensor.)
                              contiki-srf06-cc26xx.a(sensortag-senso) (bmp_280_sensor)
contiki-srf06-cc26xx.a(tmp-007-sensor.)
                              contiki-srf06-cc26xx.a(sensortag-senso) (tmp_007_sensor)
contiki-srf06-cc26xx.a(opt-3001-sensor)
                              contiki-srf06-cc26xx.a(sensortag-senso) (opt_3001_sensor)
contiki-srf06-cc26xx.a(hdc-1000-sensor)
                              contiki-srf06-cc26xx.a(sensortag-senso) (hdc_1000_sensor)
contiki-srf06-cc26xx.a(mpu-9250-sensor)
                              contiki-srf06-cc26xx.a(sensortag-senso) (mpu_9250_sensor)
contiki-srf06-cc26xx.a(button-sensor.o)
                              contiki-srf06-cc26xx.a(sensortag-senso) (button_right_sensor)
contiki-srf06-cc26xx.a(reed-relay.o)
                              contiki-srf06-cc26xx.a(sensortag-senso) (reed_relay_sensor)
contiki-srf06-cc26xx.a(board.o)
                              contiki-srf06-cc26xx.a(contiki-main.o) (board_init)
contiki-srf06-cc26xx.a(board-i2c.o)
                              contiki-srf06-cc26xx.a(board.o) (board_i2c_wakeup)
contiki-srf06-cc26xx.a(clock.o)
                              contiki-srf06-cc26xx.a(contiki-main.o) (clock_init)
contiki-srf06-cc26xx.a(rtimer-arch.o)
                              contiki-srf06-cc26xx.a(mpu-9250-sensor) (rtimer_arch_now)
contiki-srf06-cc26xx.a(soc-rtc.o)
                              contiki-srf06-cc26xx.a(contiki-main.o) (soc_rtc_init)
contiki-srf06-cc26xx.a(contiki-watchdo)
                              contiki-srf06-cc26xx.a(contiki-main.o) (watchdog_init)
contiki-srf06-cc26xx.a(putchar.o)
                              border-router.co (putchar)
contiki-srf06-cc26xx.a(ieee-addr.o)
                              contiki-srf06-cc26xx.a(contiki-main.o) (ieee_addr_cpy_to)
contiki-srf06-cc26xx.a(slip-arch.o)
                              obj_srf06-cc26xx/slip-bridge.o (slip_arch_init)
contiki-srf06-cc26xx.a(slip.o)
                              obj_srf06-cc26xx/slip-bridge.o (slip_set_input_callback)
contiki-srf06-cc26xx.a(cc26xx-uart.o)
                              contiki-srf06-cc26xx.a(contiki-main.o) (cc26xx_uart_init)
contiki-srf06-cc26xx.a(lpm.o)
                              contiki-srf06-cc26xx.a(button-sensor.o) (lpm_shutdown)
contiki-srf06-cc26xx.a(gpio-interrupt.)
                              contiki-srf06-cc26xx.a(button-sensor.o) (gpio_interrupt_register_handler)
contiki-srf06-cc26xx.a(oscillators.o)
                              contiki-srf06-cc26xx.a(contiki-main.o) (oscillators_select_lf_xosc)
contiki-srf06-cc26xx.a(ieee-mode.o)
                              contiki-srf06-cc26xx.a(contiki-main.o) (ieee_mode_driver)
contiki-srf06-cc26xx.a(random.o)
                              contiki-srf06-cc26xx.a(contiki-main.o) (random_init)
contiki-srf06-cc26xx.a(soc-trng.o)
                              contiki-srf06-cc26xx.a(random.o) (soc_trng_rand_synchronous)
contiki-srf06-cc26xx.a(dbg-printf.o)
                              obj_srf06-cc26xx/slip-bridge.o (printf)
contiki-srf06-cc26xx.a(strformat.o)
                              contiki-srf06-cc26xx.a(dbg-printf.o) (format_str_v)
contiki-srf06-cc26xx.a(ctimer.o)
                              contiki-srf06-cc26xx.a(contiki-main.o) (ctimer_init)
contiki-srf06-cc26xx.a(autostart.o)
                              contiki-srf06-cc26xx.a(contiki-main.o) (autostart_start)
contiki-srf06-cc26xx.a(energest.o)
                              contiki-srf06-cc26xx.a(contiki-main.o) (energest_init)
contiki-srf06-cc26xx.a(etimer.o)
                              contiki-srf06-cc26xx.a(clock.o) (etimer_request_poll)
contiki-srf06-cc26xx.a(process.o)
                              contiki-srf06-cc26xx.a(sensors.o) (process_alloc_event)
contiki-srf06-cc26xx.a(rtimer.o)
                              contiki-srf06-cc26xx.a(contiki-main.o) (rtimer_init)
contiki-srf06-cc26xx.a(timer.o)
                              contiki-srf06-cc26xx.a(button-sensor.o) (timer_set)
contiki-srf06-cc26xx.a(serial-line.o)
                              contiki-srf06-cc26xx.a(contiki-main.o) (serial_line_init)
contiki-srf06-cc26xx.a(list.o)
                              contiki-srf06-cc26xx.a(lpm.o) (list_init)
contiki-srf06-cc26xx.a(ringbuf.o)
                              contiki-srf06-cc26xx.a(serial-line.o) (ringbuf_init)
contiki-srf06-cc26xx.a(uip-ds6.o)
[...]
Memory Configuration

Name             Origin             Length             Attributes
FLASH            0x0000000000000000 0x000000000001ffa8 xr
FLASH_CCFG       0x000000000001ffa8 0x0000000000000058 xr
SRAM             0x0000000020000000 0x0000000000005000 xrw
GPRAM            0x0000000011000000 0x0000000000002000 xrw
*default*        0x0000000000000000 0xffffffffffffffff

Linker script and memory map

LOAD obj_srf06-cc26xx/fault-handlers.o
LOAD obj_srf06-cc26xx/ccfg.o
LOAD obj_srf06-cc26xx/startup_gcc.o
LOAD border-router.co
LOAD obj_srf06-cc26xx/slip-bridge.o
LOAD contiki-srf06-cc26xx.a
LOAD /usr/lib/gcc/arm-none-eabi/4.8/../../../arm-none-eabi/lib/armv7-m/libm.a
START GROUP
LOAD /usr/lib/gcc/arm-none-eabi/4.8/armv7-m/libgcc.a
LOAD /usr/lib/gcc/arm-none-eabi/4.8/../../../arm-none-eabi/lib/armv7-m/libc.a
END GROUP
                0x0000000020005000                _estack = (ORIGIN (SRAM) + 0x5000)
                0x0000000000000000                _Min_Heap_Size = 0x0
                0x0000000000000100                _Min_Stack_Size = 0x100

.text           0x0000000000000000    0x10244
                0x0000000000000000                _text = .
 *(SORT(.vectors))
 .vectors       0x0000000000000000       0xc8 obj_srf06-cc26xx/startup_gcc.o
                0x0000000000000000                g_pfnVectors
 *(SORT(.text*))
 .text.value    0x00000000000000c8       0xa0 contiki-srf06-cc26xx.a(opt-3001-sensor)
 .text.value    0x0000000000000168       0x98 contiki-srf06-cc26xx.a(hdc-1000-sensor)
 .text.value    0x0000000000000200      0x160 contiki-srf06-cc26xx.a(mpu-9250-sensor)
 .text.__ieee754_pow
                0x0000000000000360      0xab8 /usr/lib/gcc/arm-none-eabi/4.8/../../../arm-none-eabi/lib/armv7-m/libm.a(lib_a-e_pow.o)
                0x0000000000000360                __ieee754_pow
 .text.scalbn   0x0000000000000e18      0x100 /usr/lib/gcc/arm-none-eabi/4.8/../../../arm-none-eabi/lib/armv7-m/libm.a(lib_a-s_scalbn.o)
                0x0000000000000e18                scalbn
 .text.FaultISR
                0x0000000000000f18       0x18 obj_srf06-cc26xx/fault-handlers.o
                0x0000000000000f18                FaultISR
 .text.ResetISR
                0x0000000000000f30       0x4c obj_srf06-cc26xx/startup_gcc.o
                0x0000000000000f30                ResetISR
 .text.request_prefix
                0x0000000000000f7c       0x2c border-router.co
                0x0000000000000f7c                request_prefix
 .text.process_thread_border_router_process
                0x0000000000000fa8       0xf0 border-router.co
 .text.set_prefix_64
                0x0000000000001098       0x68 border-router.co
                0x0000000000001098                set_prefix_64
 .text.init     0x0000000000001100       0x24 obj_srf06-cc26xx/slip-bridge.o
 .text.slip_input_callback
                0x0000000000001124       0xe0 obj_srf06-cc26xx/slip-bridge.o
 .text.output   0x0000000000001204       0x4c obj_srf06-cc26xx/slip-bridge.o
 .text.startup.main
                0x0000000000001250      0x250 contiki-srf06-cc26xx.a(contiki-main.o)
                0x0000000000001250                main
 .text.process_thread_sensors_process
                0x00000000000014a0       0xd4 contiki-srf06-cc26xx.a(sensors.o)
 .text.sensors_changed
                0x0000000000001574       0x38 contiki-srf06-cc26xx.a(sensors.o)
                0x0000000000001574                sensors_changed
 .text.leds_init
                0x00000000000015ac       0x14 contiki-srf06-cc26xx.a(leds.o)
                0x00000000000015ac                leds_init
 .text.leds_on  0x00000000000015c0       0x10 contiki-srf06-cc26xx.a(leds.o)
                0x00000000000015c0                leds_on
 .text.leds_off
                0x00000000000015d0       0x14 contiki-srf06-cc26xx.a(leds.o)
                0x00000000000015d0                leds_off
 .text.leds_arch_init
                0x00000000000015e4       0x34 contiki-srf06-cc26xx.a(leds-arch.o)
                0x00000000000015e4                leds_arch_init
 .text.leds_arch_set
                0x0000000000001618       0x34 contiki-srf06-cc26xx.a(leds-arch.o)
                0x0000000000001618                leds_arch_set
 .text.status   0x000000000000164c       0x14 contiki-srf06-cc26xx.a(bmp-280-sensor.)
 .text.notify_ready
                0x0000000000001660       0x14 contiki-srf06-cc26xx.a(bmp-280-sensor.)
 .text.configure
                0x0000000000001674       0x80 contiki-srf06-cc26xx.a(bmp-280-sensor.)
 .text.value    0x00000000000016f4      0x154 contiki-srf06-cc26xx.a(bmp-280-sensor.)
 .text.status   0x0000000000001848       0x14 contiki-srf06-cc26xx.a(tmp-007-sensor.)
 .text.notify_ready
                0x000000000000185c       0x14 contiki-srf06-cc26xx.a(tmp-007-sensor.)
 .text.enable_sensor
                0x0000000000001870       0x34 contiki-srf06-cc26xx.a(tmp-007-sensor.)
 .text.configure
                0x00000000000018a4       0x78 contiki-srf06-cc26xx.a(tmp-007-sensor.)
 .text.value    0x000000000000191c       0xd8 contiki-srf06-cc26xx.a(tmp-007-sensor.)
 .text.status   0x00000000000019f4        0xc contiki-srf06-cc26xx.a(opt-3001-sensor)
 .text.enable_sensor
                0x0000000000001a00       0x44 contiki-srf06-cc26xx.a(opt-3001-sensor)
 .text.configure
                0x0000000000001a44       0x44 contiki-srf06-cc26xx.a(opt-3001-sensor)
 .text.notify_ready
                0x0000000000001a88       0x50 contiki-srf06-cc26xx.a(opt-3001-sensor)
 .text.status   0x0000000000001ad8       0x14 contiki-srf06-cc26xx.a(hdc-1000-sensor)
 .text.notify_ready
                0x0000000000001aec       0x60 contiki-srf06-cc26xx.a(hdc-1000-sensor)
 .text.configure
                0x0000000000001b4c       0xa4 contiki-srf06-cc26xx.a(hdc-1000-sensor)
 .text.acc_convert
                0x0000000000001bf0       0x58 contiki-srf06-cc26xx.a(mpu-9250-sensor)
 .text.status   0x0000000000001c48       0x14 contiki-srf06-cc26xx.a(mpu-9250-sensor)
 .text.notify_ready
                0x0000000000001c5c       0x14 contiki-srf06-cc26xx.a(mpu-9250-sensor)
 .text.sensor_sleep
                0x0000000000001c70       0x38 contiki-srf06-cc26xx.a(mpu-9250-sensor)
 .text.int_status
                0x0000000000001ca8       0x28 contiki-srf06-cc26xx.a(mpu-9250-sensor)
 .text.configure
                0x0000000000001cd0       0xd4 contiki-srf06-cc26xx.a(mpu-9250-sensor)
 .text.initialise
                0x0000000000001da4       0xf0 contiki-srf06-cc26xx.a(mpu-9250-sensor)
 .text.convert_to_le.constprop.4
                0x0000000000001e94       0x20 contiki-srf06-cc26xx.a(mpu-9250-sensor)
 .text.status.part.0
                0x0000000000001eb4       0x14 contiki-srf06-cc26xx.a(button-sensor.o)
 .text.value_left
                0x0000000000001ec8       0x24 contiki-srf06-cc26xx.a(button-sensor.o)
 .text.value_right
                0x0000000000001eec       0x18 contiki-srf06-cc26xx.a(button-sensor.o)
 .text.config_buttons
                0x0000000000001f04       0x78 contiki-srf06-cc26xx.a(button-sensor.o)
 .text.button_press_handler
                0x0000000000001f7c       0x60 contiki-srf06-cc26xx.a(button-sensor.o)
 .text.value    0x0000000000001fdc       0x10 contiki-srf06-cc26xx.a(reed-relay.o)
 .text.status   0x0000000000001fec       0x20 contiki-srf06-cc26xx.a(reed-relay.o)
 .text.configure
                0x000000000000200c       0x68 contiki-srf06-cc26xx.a(reed-relay.o)
 .text.reed_interrupt_handler
                0x0000000000002074       0x28 contiki-srf06-cc26xx.a(reed-relay.o)
 .text.power_domains_on
                0x000000000000209c       0x20 contiki-srf06-cc26xx.a(board.o)
 .text.shutdown_handler
                0x00000000000020bc       0x64 contiki-srf06-cc26xx.a(board.o)
 .text.board_init
                0x0000000000002120      0x118 contiki-srf06-cc26xx.a(board.o)
                0x0000000000002120                board_init
 .text.I2CMasterBusy.isra.2
                0x0000000000002238       0x10 contiki-srf06-cc26xx.a(board-i2c.o)
 .text.I2CMasterBusBusy.isra.3
                0x0000000000002248       0x10 contiki-srf06-cc26xx.a(board-i2c.o)
 .text.accessible
                0x0000000000002258       0x24 contiki-srf06-cc26xx.a(board-i2c.o)
 .text.I2CMasterControl.isra.7
                0x000000000000227c       0x10 contiki-srf06-cc26xx.a(board-i2c.o)
 .text.i2c_status
                0x000000000000228c       0x2c contiki-srf06-cc26xx.a(board-i2c.o)
 .text.board_i2c_wakeup
                0x00000000000022b8       0x5c contiki-srf06-cc26xx.a(board-i2c.o)
                0x00000000000022b8                board_i2c_wakeup
 .text.board_i2c_shutdown
                0x0000000000002314       0xa4 contiki-srf06-cc26xx.a(board-i2c.o)
                0x0000000000002314                board_i2c_shutdown
 .text.board_i2c_write
                0x00000000000023b8       0x90 contiki-srf06-cc26xx.a(board-i2c.o)
                0x00000000000023b8                board_i2c_write
 .text.board_i2c_write_single
                0x0000000000002448       0x34 contiki-srf06-cc26xx.a(board-i2c.o)
                0x0000000000002448                board_i2c_write_single
 .text.board_i2c_read
                0x000000000000247c       0x94 contiki-srf06-cc26xx.a(board-i2c.o)
                0x000000000000247c                board_i2c_read
 .text.board_i2c_write_read
                0x0000000000002510       0xec contiki-srf06-cc26xx.a(board-i2c.o)
                0x0000000000002510                board_i2c_write_read
 .text.board_i2c_select
                0x00000000000025fc       0xcc contiki-srf06-cc26xx.a(board-i2c.o)
                0x00000000000025fc                board_i2c_select
 .text.power_domain_on
                0x00000000000026c8       0x20 contiki-srf06-cc26xx.a(clock.o)
 .text.update_clock_variable
                0x00000000000026e8       0x2c contiki-srf06-cc26xx.a(clock.o)
 .text.clock_init
                0x0000000000002714       0x94 contiki-srf06-cc26xx.a(clock.o)
                0x0000000000002714                clock_init
 .text.clock_time
                0x00000000000027a8       0x14 contiki-srf06-cc26xx.a(clock.o)
                0x00000000000027a8                clock_time
 .text.clock_seconds
                0x00000000000027bc       0x18 contiki-srf06-cc26xx.a(clock.o)
                0x00000000000027bc                clock_seconds
 .text.soc_rtc_init
                0x00000000000027d4       0x98 contiki-srf06-cc26xx.a(soc-rtc.o)
                0x00000000000027d4                soc_rtc_init
 .text.soc_rtc_schedule_one_shot
                0x000000000000286c       0x5c contiki-srf06-cc26xx.a(soc-rtc.o)
                0x000000000000286c                soc_rtc_schedule_one_shot
 .text.soc_rtc_last_isr_time
                0x00000000000028c8        0xc contiki-srf06-cc26xx.a(soc-rtc.o)
                0x00000000000028c8                soc_rtc_last_isr_time
 .text.AONRTCIntHandler
                0x00000000000028d4       0x7c contiki-srf06-cc26xx.a(soc-rtc.o)
                0x00000000000028d4                AONRTCIntHandler
 .text.lock_config
                0x0000000000002950       0x18 contiki-srf06-cc26xx.a(contiki-watchdo)
 .text.unlock_config
                0x0000000000002968       0x2c contiki-srf06-cc26xx.a(contiki-watchdo)
 .text.watchdog_init
                0x0000000000002994       0x18 contiki-srf06-cc26xx.a(contiki-watchdo)
                0x0000000000002994                watchdog_init
 .text.watchdog_periodic
                0x00000000000029ac       0x14 contiki-srf06-cc26xx.a(contiki-watchdo)
                0x00000000000029ac                watchdog_periodic
 .text.watchdog_start
                0x00000000000029c0       0x20 contiki-srf06-cc26xx.a(contiki-watchdo)
                0x00000000000029c0                watchdog_start
 .text.ieee_addr_cpy_to
                0x00000000000029e0       0x40 contiki-srf06-cc26xx.a(ieee-addr.o)
                0x00000000000029e0                ieee_addr_cpy_to
 .text.slip_arch_init
                0x0000000000002a20        0xc contiki-srf06-cc26xx.a(slip-arch.o)
                0x0000000000002a20                slip_arch_init
 .text.process_thread_slip_process
                0x0000000000002a2c      0x1b8 contiki-srf06-cc26xx.a(slip.o)
 .text.slip_set_input_callback
                0x0000000000002be4        0xc contiki-srf06-cc26xx.a(slip.o)
                0x0000000000002be4                slip_set_input_callback
 .text.slip_send
                0x0000000000002bf0       0x4c contiki-srf06-cc26xx.a(slip.o)
                0x0000000000002bf0                slip_send
 .text.slip_input_byte
                0x0000000000002c3c       0xa4 contiki-srf06-cc26xx.a(slip.o)
                0x0000000000002c3c                slip_input_byte
 .text.power_and_clock
                0x0000000000002ce0       0x40 contiki-srf06-cc26xx.a(cc26xx-uart.o)
 .text.accessible
                0x0000000000002d20       0x24 contiki-srf06-cc26xx.a(cc26xx-uart.o)
 .text.disable_interrupts
                0x0000000000002d44       0x30 contiki-srf06-cc26xx.a(cc26xx-uart.o)
 .text.enable   0x0000000000002d74       0xc4 contiki-srf06-cc26xx.a(cc26xx-uart.o)
 .text.lpm_drop_handler
                0x0000000000002e38       0xa4 contiki-srf06-cc26xx.a(cc26xx-uart.o)
 .text.cc26xx_uart_init
                0x0000000000002edc       0x28 contiki-srf06-cc26xx.a(cc26xx-uart.o)
                0x0000000000002edc                cc26xx_uart_init
 .text.cc26xx_uart_write_byte
                0x0000000000002f04       0x24 contiki-srf06-cc26xx.a(cc26xx-uart.o)
                0x0000000000002f04                cc26xx_uart_write_byte
 .text.cc26xx_uart_set_input
                0x0000000000002f28       0x60 contiki-srf06-cc26xx.a(cc26xx-uart.o)
                0x0000000000002f28                cc26xx_uart_set_input
 .text.cc26xx_uart_busy
                0x0000000000002f88       0x18 contiki-srf06-cc26xx.a(cc26xx-uart.o)
                0x0000000000002f88                cc26xx_uart_busy
 .text.UART0IntHandler
                0x0000000000002fa0       0x50 contiki-srf06-cc26xx.a(cc26xx-uart.o)
                0x0000000000002fa0                UART0IntHandler
 .text.lpm_shutdown
                0x0000000000002ff0      0x174 contiki-srf06-cc26xx.a(lpm.o)
                0x0000000000002ff0                lpm_shutdown
 .text.lpm_sleep
                0x0000000000003164       0x14 contiki-srf06-cc26xx.a(lpm.o)
                0x0000000000003164                lpm_sleep
 .text.lpm_drop
                0x0000000000003178      0x244 contiki-srf06-cc26xx.a(lpm.o)
                0x0000000000003178                lpm_drop
 .text.lpm_register_module
                0x00000000000033bc        0xc contiki-srf06-cc26xx.a(lpm.o)
                0x00000000000033bc                lpm_register_module
 .text.lpm_unregister_module
                0x00000000000033c8        0xc contiki-srf06-cc26xx.a(lpm.o)
                0x00000000000033c8                lpm_unregister_module
 .text.lpm_init
                0x00000000000033d4       0x20 contiki-srf06-cc26xx.a(lpm.o)
                0x00000000000033d4                lpm_init
 .text.lpm_pin_set_default_state
                0x00000000000033f4       0x2c contiki-srf06-cc26xx.a(lpm.o)
                0x00000000000033f4                lpm_pin_set_default_state
 .text.gpio_interrupt_register_handler
                0x0000000000003420       0x2c contiki-srf06-cc26xx.a(gpio-interrupt.)
                0x0000000000003420                gpio_interrupt_register_handler
 .text.gpio_interrupt_init
                0x000000000000344c       0x24 contiki-srf06-cc26xx.a(gpio-interrupt.)
                0x000000000000344c                gpio_interrupt_init
 .text.GPIOIntHandler
                0x0000000000003470       0x30 contiki-srf06-cc26xx.a(gpio-interrupt.)
                0x0000000000003470                GPIOIntHandler
 .text.oscillators_select_lf_xosc
                0x00000000000034a0       0x4c contiki-srf06-cc26xx.a(oscillators.o)
                0x00000000000034a0                oscillators_select_lf_xosc
 .text.oscillators_switch_to_hf_xosc
                0x00000000000034ec       0x34 contiki-srf06-cc26xx.a(oscillators.o)
                0x00000000000034ec                oscillators_switch_to_hf_xosc
 .text.oscillators_switch_to_hf_rc
                0x0000000000003520       0x38 contiki-srf06-cc26xx.a(oscillators.o)
                0x0000000000003520                oscillators_switch_to_hf_rc
 .text.release_data_entry
                0x0000000000003558       0x14 contiki-srf06-cc26xx.a(ieee-mode.o)
 .text.rf_is_on
                0x000000000000356c       0x18 contiki-srf06-cc26xx.a(ieee-mode.o)
 .text.rx_on    0x0000000000003584       0x50 contiki-srf06-cc26xx.a(ieee-mode.o)
 .text.prepare  0x00000000000035d4       0x1c contiki-srf06-cc26xx.a(ieee-mode.o)
 .text.check_rat_overflow
                0x00000000000035f0       0x64 contiki-srf06-cc26xx.a(ieee-mode.o)
 .text.rf_radio_setup
                0x0000000000003654       0x70 contiki-srf06-cc26xx.a(ieee-mode.o)
 .text.pending_packet
                0x00000000000036c4       0x3c contiki-srf06-cc26xx.a(ieee-mode.o)
 .text.soft_off
                0x0000000000003700       0x2c contiki-srf06-cc26xx.a(ieee-mode.o)
 .text.get_object
                0x000000000000372c       0x40 contiki-srf06-cc26xx.a(ieee-mode.o)
 .text.rx_off   0x000000000000376c       0x48 contiki-srf06-cc26xx.a(ieee-mode.o)
 .text.off      0x00000000000037b4       0x68 contiki-srf06-cc26xx.a(ieee-mode.o)
 .text.set_object
                0x000000000000381c       0x3c contiki-srf06-cc26xx.a(ieee-mode.o)
 .text.on       0x0000000000003858       0x9c contiki-srf06-cc26xx.a(ieee-mode.o)
 .text.set_value
                0x00000000000038f4      0x164 contiki-srf06-cc26xx.a(ieee-mode.o)
 .text.get_value
                0x0000000000003a58      0x110 contiki-srf06-cc26xx.a(ieee-mode.o)
 .text.transmit
                0x0000000000003b68       0xd8 contiki-srf06-cc26xx.a(ieee-mode.o)
 .text.read_frame
                0x0000000000003c40      0x138 contiki-srf06-cc26xx.a(ieee-mode.o)
 .text.handle_rat_overflow
                0x0000000000003d78       0x40 contiki-srf06-cc26xx.a(ieee-mode.o)
 .text.init     0x0000000000003db8       0xf8 contiki-srf06-cc26xx.a(ieee-mode.o)
 .text.request  0x0000000000003eb0       0x14 contiki-srf06-cc26xx.a(soc-trng.o)
 .text.read_number
                0x0000000000003ec4       0x28 contiki-srf06-cc26xx.a(soc-trng.o)
 .text.accessible
                0x0000000000003eec       0x24 contiki-srf06-cc26xx.a(soc-trng.o)
 .text.process_thread_soc_trng_process
                0x0000000000003f10       0x74 contiki-srf06-cc26xx.a(soc-trng.o)
 .text.power_up
                0x0000000000003f84       0x40 contiki-srf06-cc26xx.a(soc-trng.o)
 .text.soc_trng_rand_synchronous
                0x0000000000003fc4       0x9c contiki-srf06-cc26xx.a(soc-trng.o)
                0x0000000000003fc4                soc_trng_rand_synchronous
 .text.TRNGIntHandler
                0x0000000000004060       0x50 contiki-srf06-cc26xx.a(soc-trng.o)
                0x0000000000004060                TRNGIntHandler
 .text.soc_trng_init
                0x00000000000040b0       0x28 contiki-srf06-cc26xx.a(soc-trng.o)
                0x00000000000040b0                soc_trng_init
 .text.printf   0x00000000000040d8       0x20 contiki-srf06-cc26xx.a(dbg-printf.o)
                0x00000000000040d8                printf
 .text.fill_space
                0x00000000000040f8       0x30 contiki-srf06-cc26xx.a(strformat.o)
 .text.format_str_v
                0x0000000000004128      0x6d0 contiki-srf06-cc26xx.a(strformat.o)
                0x0000000000004128                format_str_v
 .text.process_thread_ctimer_process
                0x00000000000047f8       0x80 contiki-srf06-cc26xx.a(ctimer.o)
 .text.ctimer_init
                0x0000000000004878       0x28 contiki-srf06-cc26xx.a(ctimer.o)
                0x0000000000004878                ctimer_init
 .text.ctimer_set_with_process
                0x00000000000048a0       0x44 contiki-srf06-cc26xx.a(ctimer.o)
                0x00000000000048a0                ctimer_set_with_process
 .text.ctimer_set
                0x00000000000048e4       0x14 contiki-srf06-cc26xx.a(ctimer.o)
                0x00000000000048e4                ctimer_set
 .text.ctimer_reset
                0x00000000000048f8       0x38 contiki-srf06-cc26xx.a(ctimer.o)
                0x00000000000048f8                ctimer_reset
 .text.ctimer_restart
                0x0000000000004930       0x38 contiki-srf06-cc26xx.a(ctimer.o)
                0x0000000000004930                ctimer_restart
 .text.ctimer_stop
                0x0000000000004968       0x2c contiki-srf06-cc26xx.a(ctimer.o)
                0x0000000000004968                ctimer_stop
 .text.update_time
                0x0000000000004994       0x40 contiki-srf06-cc26xx.a(etimer.o)
 .text.etimer_request_poll
                0x00000000000049d4        0xc contiki-srf06-cc26xx.a(etimer.o)
                0x00000000000049d4                etimer_request_poll
 .text.process_thread_etimer_process
                0x00000000000049e0       0x94 contiki-srf06-cc26xx.a(etimer.o)
 .text.add_timer
                0x0000000000004a74       0x40 contiki-srf06-cc26xx.a(etimer.o)
 .text.etimer_pending
                0x0000000000004ab4       0x10 contiki-srf06-cc26xx.a(etimer.o)
                0x0000000000004ab4                etimer_pending
 .text.etimer_next_expiration_time
                0x0000000000004ac4       0x14 contiki-srf06-cc26xx.a(etimer.o)
                0x0000000000004ac4                etimer_next_expiration_time
 .text.etimer_stop
                0x0000000000004ad8       0x34 contiki-srf06-cc26xx.a(etimer.o)
                0x0000000000004ad8                etimer_stop
 .text.call_process.part.0
                0x0000000000004b0c       0x38 contiki-srf06-cc26xx.a(process.o)
 .text.exit_process
                0x0000000000004b44       0x84 contiki-srf06-cc26xx.a(process.o)
 .text.do_poll  0x0000000000004bc8       0x30 contiki-srf06-cc26xx.a(process.o)
 .text.process_alloc_event
                0x0000000000004bf8       0x10 contiki-srf06-cc26xx.a(process.o)
                0x0000000000004bf8                process_alloc_event
 .text.process_init
                0x0000000000004c08       0x30 contiki-srf06-cc26xx.a(process.o)
                0x0000000000004c08                process_init
 .text.process_run
                0x0000000000004c38       0x80 contiki-srf06-cc26xx.a(process.o)
                0x0000000000004c38                process_run
 .text.process_nevents
                0x0000000000004cb8       0x14 contiki-srf06-cc26xx.a(process.o)
                0x0000000000004cb8                process_nevents
 .text.process_post
                0x0000000000004ccc       0x3c contiki-srf06-cc26xx.a(process.o)
                0x0000000000004ccc                process_post
 .text.process_post_synch
                0x0000000000004d08       0x14 contiki-srf06-cc26xx.a(process.o)
                0x0000000000004d08                process_post_synch
 .text.process_start
                0x0000000000004d1c       0x30 contiki-srf06-cc26xx.a(process.o)
                0x0000000000004d1c                process_start
 .text.process_poll
                0x0000000000004d4c       0x18 contiki-srf06-cc26xx.a(process.o)
                0x0000000000004d4c                process_poll
 .text.rtimer_set
                0x0000000000004d64       0x24 contiki-srf06-cc26xx.a(rtimer.o)
                0x0000000000004d64                rtimer_set
 .text.rtimer_run_next
                0x0000000000004d88       0x28 contiki-srf06-cc26xx.a(rtimer.o)
                0x0000000000004d88                rtimer_run_next
 .text.process_thread_serial_line_process
                0x0000000000004db0       0x98 contiki-srf06-cc26xx.a(serial-line.o)
 .text.serial_line_init
                0x0000000000004e48       0x24 contiki-srf06-cc26xx.a(serial-line.o)
                0x0000000000004e48                serial_line_init
 .text.uip_ds6_prefix_add
                0x0000000000004e6c       0x60 contiki-srf06-cc26xx.a(uip-ds6.o)
                0x0000000000004e6c                uip_ds6_prefix_add
 .text.uip_ds6_is_addr_onlink
                0x0000000000004ecc       0x40 contiki-srf06-cc26xx.a(uip-ds6.o)
                0x0000000000004ecc                uip_ds6_is_addr_onlink
 .text.uip_ds6_addr_lookup
                0x0000000000004f0c       0x2c contiki-srf06-cc26xx.a(uip-ds6.o)
                0x0000000000004f0c                uip_ds6_addr_lookup
 .text.uip_ds6_get_link_local
                0x0000000000004f38       0x40 contiki-srf06-cc26xx.a(uip-ds6.o)
                0x0000000000004f38                uip_ds6_get_link_local
 .text.uip_ds6_maddr_add
                0x0000000000004f78       0x4c contiki-srf06-cc26xx.a(uip-ds6.o)
                0x0000000000004f78                uip_ds6_maddr_add
 .text.uip_ds6_addr_add
                0x0000000000004fc4       0x98 contiki-srf06-cc26xx.a(uip-ds6.o)
                0x0000000000004fc4                uip_ds6_addr_add
 .text.uip_ds6_maddr_lookup
                0x000000000000505c       0x2c contiki-srf06-cc26xx.a(uip-ds6.o)
                0x000000000000505c                uip_ds6_maddr_lookup
 .text.uip_ds6_addr_rm
                0x0000000000005088       0x44 contiki-srf06-cc26xx.a(uip-ds6.o)
                0x0000000000005088                uip_ds6_addr_rm
 .text.uip_ds6_periodic
                0x00000000000050cc       0x4c contiki-srf06-cc26xx.a(uip-ds6.o)
                0x00000000000050cc                uip_ds6_periodic
 .text.uip_ds6_select_src
                0x0000000000005118       0x98 contiki-srf06-cc26xx.a(uip-ds6.o)
                0x0000000000005118                uip_ds6_select_src
 .text.uip_ds6_compute_reachable_time
                0x00000000000051b0       0x28 contiki-srf06-cc26xx.a(uip-ds6.o)
                0x00000000000051b0                uip_ds6_compute_reachable_time
 .text.uip_ds6_init
                0x00000000000051d8       0xe0 contiki-srf06-cc26xx.a(uip-ds6.o)
                0x00000000000051d8                uip_ds6_init
 .text.call_route_callback
                0x00000000000052b8       0x48 contiki-srf06-cc26xx.a(uip-ds6-route.o)
 .text.uip_ds6_route_init
                0x0000000000005300       0x4c contiki-srf06-cc26xx.a(uip-ds6-route.o)
                0x0000000000005300                uip_ds6_route_init
 .text.uip_ds6_route_nexthop
                0x000000000000534c       0x20 contiki-srf06-cc26xx.a(uip-ds6-route.o)
                0x000000000000534c                uip_ds6_route_nexthop
 .text.uip_ds6_route_head
                0x000000000000536c        0xc contiki-srf06-cc26xx.a(uip-ds6-route.o)
                0x000000000000536c                uip_ds6_route_head
 .text.uip_ds6_route_is_nexthop
                0x0000000000005378       0x20 contiki-srf06-cc26xx.a(uip-ds6-route.o)
                0x0000000000005378                uip_ds6_route_is_nexthop
 .text.uip_ds6_route_lookup
                0x0000000000005398       0x64 contiki-srf06-cc26xx.a(uip-ds6-route.o)
                0x0000000000005398                uip_ds6_route_lookup
 .text.uip_ds6_route_rm
                0x00000000000053fc       0x9c contiki-srf06-cc26xx.a(uip-ds6-route.o)
                0x00000000000053fc                uip_ds6_route_rm
 .text.rm_routelist
                0x0000000000005498       0x30 contiki-srf06-cc26xx.a(uip-ds6-route.o)
 .text.uip_ds6_route_add
                0x00000000000054c8      0x110 contiki-srf06-cc26xx.a(uip-ds6-route.o)
                0x00000000000054c8                uip_ds6_route_add
 .text.uip_ds6_defrt_rm
                0x00000000000055d8       0x44 contiki-srf06-cc26xx.a(uip-ds6-route.o)
                0x00000000000055d8                uip_ds6_defrt_rm
 .text.uip_ds6_defrt_lookup
                0x000000000000561c       0x2c contiki-srf06-cc26xx.a(uip-ds6-route.o)
                0x000000000000561c                uip_ds6_defrt_lookup
 .text.uip_ds6_defrt_add
                0x0000000000005648       0x64 contiki-srf06-cc26xx.a(uip-ds6-route.o)
                0x0000000000005648                uip_ds6_defrt_add
 .text.uip_ds6_defrt_choose
                0x00000000000056ac       0x30 contiki-srf06-cc26xx.a(uip-ds6-route.o)
                0x00000000000056ac                uip_ds6_defrt_choose
 .text.uip_ds6_defrt_periodic
                0x00000000000056dc       0x30 contiki-srf06-cc26xx.a(uip-ds6-route.o)
                0x00000000000056dc                uip_ds6_defrt_periodic
 .text.upper_layer_chksum
                0x000000000000570c       0x54 contiki-srf06-cc26xx.a(uip6.o)
 .text.ext_hdr_options_process
                0x0000000000005760       0xa8 contiki-srf06-cc26xx.a(uip6.o)
 .text.uip_add32
                0x0000000000005808       0x54 contiki-srf06-cc26xx.a(uip6.o)
                0x0000000000005808                uip_add32
 .text.unlikely.uip_add_rcv_nxt
                0x000000000000585c       0x2c contiki-srf06-cc26xx.a(uip6.o)
 .text.uip_init
                0x0000000000005888       0x58 contiki-srf06-cc26xx.a(uip6.o)
                0x0000000000005888                uip_init
 .text.remove_ext_hdr
                0x00000000000058e0       0x58 contiki-srf06-cc26xx.a(uip6.o)
                0x00000000000058e0                remove_ext_hdr
 .text.uip_unlisten
                0x0000000000005938       0x20 contiki-srf06-cc26xx.a(uip6.o)
                0x0000000000005938                uip_unlisten
 .text.uip_process
                0x0000000000005958      0xd14 contiki-srf06-cc26xx.a(uip6.o)
                0x0000000000005958                uip_process
 .text.uip_ds6_nbr_rm
                0x000000000000666c       0x20 contiki-srf06-cc26xx.a(uip-ds6-nbr.o)
                0x000000000000666c                uip_ds6_nbr_rm
 .text.uip_ds6_neighbors_init
                0x000000000000668c       0x1c contiki-srf06-cc26xx.a(uip-ds6-nbr.o)
                0x000000000000668c                uip_ds6_neighbors_init
 .text.uip_ds6_nbr_add
                0x00000000000066a8       0x3c contiki-srf06-cc26xx.a(uip-ds6-nbr.o)
                0x00000000000066a8                uip_ds6_nbr_add
 .text.uip_ds6_nbr_get_ll
                0x00000000000066e4       0x10 contiki-srf06-cc26xx.a(uip-ds6-nbr.o)
                0x00000000000066e4                uip_ds6_nbr_get_ll
 .text.uip_ds6_nbr_lookup
                0x00000000000066f4       0x38 contiki-srf06-cc26xx.a(uip-ds6-nbr.o)
                0x00000000000066f4                uip_ds6_nbr_lookup
 .text.uip_ds6_nbr_ll_lookup
                0x000000000000672c       0x10 contiki-srf06-cc26xx.a(uip-ds6-nbr.o)
                0x000000000000672c                uip_ds6_nbr_ll_lookup
 .text.uip_ds6_link_neighbor_callback
                0x000000000000673c       0x34 contiki-srf06-cc26xx.a(uip-ds6-nbr.o)
                0x000000000000673c                uip_ds6_link_neighbor_callback
 .text.ns_input
                0x0000000000006770      0x274 contiki-srf06-cc26xx.a(uip-nd6.o)
 .text.uip_nd6_init
                0x00000000000069e4        0xc contiki-srf06-cc26xx.a(uip-nd6.o)
                0x00000000000069e4                uip_nd6_init
 .text.clear_fragments
                0x00000000000069f0       0x3c contiki-srf06-cc26xx.a(sicslowpan.o)
 .text.sicslowpan_init
                0x0000000000006a2c       0x24 contiki-srf06-cc26xx.a(sicslowpan.o)
                0x0000000000006a2c                sicslowpan_init
 .text.compress_addr_64
                0x0000000000006a50       0x90 contiki-srf06-cc26xx.a(sicslowpan.o)
 .text.set_packet_attrs
                0x0000000000006ae0       0x44 contiki-srf06-cc26xx.a(sicslowpan.o)
 .text.addr_context_lookup_by_prefix
                0x0000000000006b24       0x28 contiki-srf06-cc26xx.a(sicslowpan.o)
 .text.send_packet
                0x0000000000006b4c       0x24 contiki-srf06-cc26xx.a(sicslowpan.o)
 .text.packet_sent
                0x0000000000006b70       0x28 contiki-srf06-cc26xx.a(sicslowpan.o)
 .text.store_fragment
                0x0000000000006b98       0x58 contiki-srf06-cc26xx.a(sicslowpan.o)
 .text.uncompress_addr
                0x0000000000006bf0       0x7c contiki-srf06-cc26xx.a(sicslowpan.o)
 .text.output   0x0000000000006c6c      0x674 contiki-srf06-cc26xx.a(sicslowpan.o)
 .text.add_fragment
                0x00000000000072e0      0x118 contiki-srf06-cc26xx.a(sicslowpan.o)
 .text.input    0x00000000000073f8      0x5b4 contiki-srf06-cc26xx.a(sicslowpan.o)
 .text.start_periodic_tcp_timer
                0x00000000000079ac       0x1c contiki-srf06-cc26xx.a(tcpip.o)
 .text.tcpip_output
                0x00000000000079c8       0x14 contiki-srf06-cc26xx.a(tcpip.o)
                0x00000000000079c8                tcpip_output
 .text.tcpip_set_outputfunc
                0x00000000000079dc        0xc contiki-srf06-cc26xx.a(tcpip.o)
                0x00000000000079dc                tcpip_set_outputfunc
 .text.tcpip_icmp6_call
                0x00000000000079e8       0x28 contiki-srf06-cc26xx.a(tcpip.o)
                0x00000000000079e8                tcpip_icmp6_call
 .text.tcpip_input
                0x0000000000007a10       0x24 contiki-srf06-cc26xx.a(tcpip.o)
                0x0000000000007a10                tcpip_input
 .text.tcpip_ipv6_output
                0x0000000000007a34       0xe4 contiki-srf06-cc26xx.a(tcpip.o)
                0x0000000000007a34                tcpip_ipv6_output
 .text.process_thread_tcpip_process
                0x0000000000007b18      0x1b0 contiki-srf06-cc26xx.a(tcpip.o)
 .text.tcpip_uipcall
                0x0000000000007cc8       0x68 contiki-srf06-cc26xx.a(tcpip.o)
                0x0000000000007cc8                tcpip_uipcall
 .text.uip_debug_ipaddr_print
                0x0000000000007d30       0xa0 contiki-srf06-cc26xx.a(uip-debug.o)
                0x0000000000007d30                uip_debug_ipaddr_print
 .text.rpl_set_preferred_parent
                0x0000000000007dd0       0x28 contiki-srf06-cc26xx.a(rpl-dag.o)
 .text.set_ip_from_prefix
                0x0000000000007df8       0x2c contiki-srf06-cc26xx.a(rpl-dag.o)
 .text.find_parent_any_dag_any_instance
                0x0000000000007e24       0x1c contiki-srf06-cc26xx.a(rpl-dag.o)
 .text.rpl_dag_init
                0x0000000000007e40       0x14 contiki-srf06-cc26xx.a(rpl-dag.o)
                0x0000000000007e40                rpl_dag_init
 .text.rpl_get_parent
                0x0000000000007e54       0x10 contiki-srf06-cc26xx.a(rpl-dag.o)
                0x0000000000007e54                rpl_get_parent
 .text.rpl_get_parent_lladdr
                0x0000000000007e64       0x10 contiki-srf06-cc26xx.a(rpl-dag.o)
                0x0000000000007e64                rpl_get_parent_lladdr
 .text.best_parent
                0x0000000000007e74       0x80 contiki-srf06-cc26xx.a(rpl-dag.o)
 .text.rpl_alloc_instance
                0x0000000000007ef4       0x34 contiki-srf06-cc26xx.a(rpl-dag.o)
                0x0000000000007ef4                rpl_alloc_instance
 .text.rpl_add_parent
                0x0000000000007f28       0x30 contiki-srf06-cc26xx.a(rpl-dag.o)
                0x0000000000007f28                rpl_add_parent
 .text.rpl_remove_parent
                0x0000000000007f58       0x1c contiki-srf06-cc26xx.a(rpl-dag.o)
                0x0000000000007f58                rpl_remove_parent
 .text.remove_parents.constprop.3
                0x0000000000007f74       0x2c contiki-srf06-cc26xx.a(rpl-dag.o)
 .text.rpl_get_any_dag
                0x0000000000007fa0       0x18 contiki-srf06-cc26xx.a(rpl-dag.o)
                0x0000000000007fa0                rpl_get_any_dag
 .text.rpl_get_instance
                0x0000000000007fb8       0x20 contiki-srf06-cc26xx.a(rpl-dag.o)
                0x0000000000007fb8                rpl_get_instance
 .text.rpl_find_of
                0x0000000000007fd8       0x14 contiki-srf06-cc26xx.a(rpl-dag.o)
                0x0000000000007fd8                rpl_find_of
 .text.rpl_set_root
                0x0000000000007fec      0x114 contiki-srf06-cc26xx.a(rpl-dag.o)
                0x0000000000007fec                rpl_set_root
 .text.rpl_join_instance
                0x0000000000008100      0x13c contiki-srf06-cc26xx.a(rpl-dag.o)
                0x0000000000008100                rpl_join_instance
 .text.rpl_local_repair
                0x000000000000823c       0x7c contiki-srf06-cc26xx.a(rpl-dag.o)
                0x000000000000823c                rpl_local_repair
 .text.rpl_recalculate_ranks
                0x00000000000082b8       0x3c contiki-srf06-cc26xx.a(rpl-dag.o)
                0x00000000000082b8                rpl_recalculate_ranks
 .text.new_dio_interval
                0x00000000000082f4       0x58 contiki-srf06-cc26xx.a(rpl-timers.o)
 .text.handle_periodic_timer
                0x000000000000834c       0x4c contiki-srf06-cc26xx.a(rpl-timers.o)
 .text.set_dao_lifetime_timer
                0x0000000000008398       0x44 contiki-srf06-cc26xx.a(rpl-timers.o)
 .text.handle_dio_timer
                0x00000000000083dc       0x80 contiki-srf06-cc26xx.a(rpl-timers.o)
 .text.schedule_dao
                0x000000000000845c       0x54 contiki-srf06-cc26xx.a(rpl-timers.o)
 .text.handle_dao_timer
                0x00000000000084b0       0x58 contiki-srf06-cc26xx.a(rpl-timers.o)
 .text.rpl_reset_periodic_timer
                0x0000000000008508       0x34 contiki-srf06-cc26xx.a(rpl-timers.o)
                0x0000000000008508                rpl_reset_periodic_timer
 .text.rpl_schedule_unicast_dio_immediately
                0x000000000000853c       0x14 contiki-srf06-cc26xx.a(rpl-timers.o)
                0x000000000000853c                rpl_schedule_unicast_dio_immediately
 .text.get_probing_target
                0x0000000000008550       0xcc contiki-srf06-cc26xx.a(rpl-timers.o)
                0x0000000000008550                get_probing_target
 .text.rpl_schedule_probing
                0x000000000000861c       0x20 contiki-srf06-cc26xx.a(rpl-timers.o)
                0x000000000000861c                rpl_schedule_probing
 .text.update_hbh_header
                0x000000000000863c       0xc4 contiki-srf06-cc26xx.a(rpl-ext-header.)
 .text.insert_hbh_header
                0x0000000000008700       0x9c contiki-srf06-cc26xx.a(rpl-ext-header.)
 .text.rpl_verify_hbh_header
                0x000000000000879c       0xec contiki-srf06-cc26xx.a(rpl-ext-header.)
                0x000000000000879c                rpl_verify_hbh_header
 .text.rpl_remove_header
                0x0000000000008888       0x78 contiki-srf06-cc26xx.a(rpl-ext-header.)
                0x0000000000008888                rpl_remove_header
 .text.rpl_update_header
                0x0000000000008900       0x64 contiki-srf06-cc26xx.a(rpl-ext-header.)
                0x0000000000008900                rpl_update_header
 .text.rpl_get_mode
                0x0000000000008964        0xc contiki-srf06-cc26xx.a(rpl.o)
                0x0000000000008964                rpl_get_mode
 .text.rpl_purge_routes
                0x0000000000008970       0x8c contiki-srf06-cc26xx.a(rpl.o)
                0x0000000000008970                rpl_purge_routes
 .text.rpl_add_route
                0x00000000000089fc       0x7c contiki-srf06-cc26xx.a(rpl.o)
                0x00000000000089fc                rpl_add_route
 .text.rpl_link_neighbor_callback
                0x0000000000008a78       0x60 contiki-srf06-cc26xx.a(rpl.o)
                0x0000000000008a78                rpl_link_neighbor_callback
 .text.rpl_ipv6_neighbor_callback
                0x0000000000008ad8       0x54 contiki-srf06-cc26xx.a(rpl.o)
                0x0000000000008ad8                rpl_ipv6_neighbor_callback
 .text.rpl_purge_dags
                0x0000000000008b2c       0x54 contiki-srf06-cc26xx.a(rpl.o)
                0x0000000000008b2c                rpl_purge_dags
 .text.rpl_init
                0x0000000000008b80       0x54 contiki-srf06-cc26xx.a(rpl.o)
                0x0000000000008b80                rpl_init
 .text.dao_ack_input
                0x0000000000008bd4       0x14 contiki-srf06-cc26xx.a(rpl-icmp6.o)
 .text.dio_input
                0x0000000000008be8      0x248 contiki-srf06-cc26xx.a(rpl-icmp6.o)
 .text.dao_input
                0x0000000000008e30      0x270 contiki-srf06-cc26xx.a(rpl-icmp6.o)
 .text.dis_output
                0x00000000000090a0       0x54 contiki-srf06-cc26xx.a(rpl-icmp6.o)
                0x00000000000090a0                dis_output
 .text.dio_output
                0x00000000000090f4      0x218 contiki-srf06-cc26xx.a(rpl-icmp6.o)
                0x00000000000090f4                dio_output
 .text.dis_input
                0x000000000000930c       0x50 contiki-srf06-cc26xx.a(rpl-icmp6.o)
 .text.dao_output_target
                0x000000000000935c      0x100 contiki-srf06-cc26xx.a(rpl-icmp6.o)
                0x000000000000935c                dao_output_target
 .text.dao_output
                0x000000000000945c       0x90 contiki-srf06-cc26xx.a(rpl-icmp6.o)
                0x000000000000945c                dao_output
 .text.rpl_icmp6_register_handlers
                0x00000000000094ec       0x30 contiki-srf06-cc26xx.a(rpl-icmp6.o)
                0x00000000000094ec                rpl_icmp6_register_handlers
 .text.TrimAfterColdResetWakeupFromShutDown
                0x000000000000951c       0xd8 contiki-srf06-cc26xx.a(setup.o)
 .text.NOROM_SetupTrimDevice
                0x00000000000095f4       0xa0 contiki-srf06-cc26xx.a(setup.o)
                0x00000000000095f4                NOROM_SetupTrimDevice
 .text.SafeHapiVoid
                0x0000000000009694       0x28 contiki-srf06-cc26xx.a(adi.o)
                0x0000000000009694                SafeHapiVoid
 .text.AuxAdiDdiSafeWrite.constprop.1
                0x00000000000096bc       0x28 contiki-srf06-cc26xx.a(ddi.o)
 .text.NOROM_DDI16BitfieldRead
                0x00000000000096e4       0x40 contiki-srf06-cc26xx.a(ddi.o)
                0x00000000000096e4                NOROM_DDI16BitfieldRead
 .text.NOROM_PowerCtrlSourceSet
                0x0000000000009724       0x2c contiki-srf06-cc26xx.a(pwr_ctrl.o)
                0x0000000000009724                NOROM_PowerCtrlSourceSet
 .text.NOROM_OSCClockSourceSet
                0x0000000000009750       0x4c contiki-srf06-cc26xx.a(osc.o)
                0x0000000000009750                NOROM_OSCClockSourceSet
 .text.NOROM_OSCClockSourceGet
                0x000000000000979c       0x24 contiki-srf06-cc26xx.a(osc.o)
                0x000000000000979c                NOROM_OSCClockSourceGet
 .text.NOROM_TRNGConfigure
                0x00000000000097c0       0x34 contiki-srf06-cc26xx.a(trng.o)
                0x00000000000097c0                NOROM_TRNGConfigure
 .text.NOROM_SysCtrlSetRechargeBeforePowerDown
                0x00000000000097f4      0x204 contiki-srf06-cc26xx.a(sys_ctrl.o)
                0x00000000000097f4                NOROM_SysCtrlSetRechargeBeforePowerDown
 .text.NOROM_SysCtrlAdjustRechargeAfterPowerDown
                0x00000000000099f8       0x64 contiki-srf06-cc26xx.a(sys_ctrl.o)
                0x00000000000099f8                NOROM_SysCtrlAdjustRechargeAfterPowerDown
 .text.NOROM_SysCtrl_DCDC_VoltageConditionalControl
                0x0000000000009a5c       0x78 contiki-srf06-cc26xx.a(sys_ctrl.o)
                0x0000000000009a5c                NOROM_SysCtrl_DCDC_VoltageConditionalControl
 .text.NOROM_AONRTCCurrentCompareValueGet
                0x0000000000009ad4       0x20 contiki-srf06-cc26xx.a(aon_rtc.o)
                0x0000000000009ad4                NOROM_AONRTCCurrentCompareValueGet
 .text.NOROM_ChipInfo_GetSupportedProtocol_BV
                0x0000000000009af4       0x10 contiki-srf06-cc26xx.a(chipinfo.o)
                0x0000000000009af4                NOROM_ChipInfo_GetSupportedProtocol_BV
 .text.NOROM_ChipInfo_GetChipFamily
                0x0000000000009b04       0x4c contiki-srf06-cc26xx.a(chipinfo.o)
                0x0000000000009b04                NOROM_ChipInfo_GetChipFamily
 .text.NOROM_ChipInfo_GetChipType
                0x0000000000009b50       0x58 contiki-srf06-cc26xx.a(chipinfo.o)
                0x0000000000009b50                NOROM_ChipInfo_GetChipType
 .text.NOROM_ChipInfo_GetHwRevision
                0x0000000000009ba8       0x6c contiki-srf06-cc26xx.a(chipinfo.o)
                0x0000000000009ba8                NOROM_ChipInfo_GetHwRevision
 .text.queuebuf_init
                0x0000000000009c14       0x1c contiki-srf06-cc26xx.a(queuebuf.o)
                0x0000000000009c14                queuebuf_init
 .text.queuebuf_numfree
                0x0000000000009c30        0xc contiki-srf06-cc26xx.a(queuebuf.o)
                0x0000000000009c30                queuebuf_numfree
 .text.queuebuf_new_from_packetbuf
                0x0000000000009c3c       0x44 contiki-srf06-cc26xx.a(queuebuf.o)
                0x0000000000009c3c                queuebuf_new_from_packetbuf
 .text.queuebuf_free
                0x0000000000009c80       0x2c contiki-srf06-cc26xx.a(queuebuf.o)
                0x0000000000009c80                queuebuf_free
 .text.queuebuf_to_packetbuf
                0x0000000000009cac       0x30 contiki-srf06-cc26xx.a(queuebuf.o)
                0x0000000000009cac                queuebuf_to_packetbuf
 .text.index_from_key
                0x0000000000009cdc       0x20 contiki-srf06-cc26xx.a(nbr-table.o)
 .text.index_from_lladdr
                0x0000000000009cfc       0x40 contiki-srf06-cc26xx.a(nbr-table.o)
 .text.key_from_item
                0x0000000000009d3c       0x2c contiki-srf06-cc26xx.a(nbr-table.o)
 .text.nbr_get_bit.constprop.0
                0x0000000000009d68       0x30 contiki-srf06-cc26xx.a(nbr-table.o)
 .text.remove_key
                0x0000000000009d98       0x58 contiki-srf06-cc26xx.a(nbr-table.o)
 .text.nbr_table_register
                0x0000000000009df0       0x28 contiki-srf06-cc26xx.a(nbr-table.o)
                0x0000000000009df0                nbr_table_register
 .text.nbr_table_head
                0x0000000000009e18       0x34 contiki-srf06-cc26xx.a(nbr-table.o)
                0x0000000000009e18                nbr_table_head
 .text.nbr_table_add_lladdr
                0x0000000000009e4c      0x118 contiki-srf06-cc26xx.a(nbr-table.o)
                0x0000000000009e4c                nbr_table_add_lladdr
 .text.nbr_table_remove
                0x0000000000009f64       0x2c contiki-srf06-cc26xx.a(nbr-table.o)
                0x0000000000009f64                nbr_table_remove
 .text.nbr_table_lock
                0x0000000000009f90       0x14 contiki-srf06-cc26xx.a(nbr-table.o)
                0x0000000000009f90                nbr_table_lock
 .text.nbr_table_unlock
                0x0000000000009fa4       0x14 contiki-srf06-cc26xx.a(nbr-table.o)
                0x0000000000009fa4                nbr_table_unlock
 .text.nbr_table_update_lladdr
                0x0000000000009fb8       0x4c contiki-srf06-cc26xx.a(nbr-table.o)
                0x0000000000009fb8                nbr_table_update_lladdr
 .text.packetbuf_hdrreduce
                0x000000000000a004       0x28 contiki-srf06-cc26xx.a(packetbuf.o)
                0x000000000000a004                packetbuf_hdrreduce
 .text.packetbuf_set_datalen
                0x000000000000a02c        0xc contiki-srf06-cc26xx.a(packetbuf.o)
                0x000000000000a02c                packetbuf_set_datalen
 .text.packetbuf_hdrptr
                0x000000000000a038        0x8 contiki-srf06-cc26xx.a(packetbuf.o)
                0x000000000000a038                packetbuf_hdrptr
 .text.packetbuf_datalen
                0x000000000000a040        0xc contiki-srf06-cc26xx.a(packetbuf.o)
                0x000000000000a040                packetbuf_datalen
 .text.packetbuf_hdrlen
                0x000000000000a04c       0x18 contiki-srf06-cc26xx.a(packetbuf.o)
                0x000000000000a04c                packetbuf_hdrlen
 .text.packetbuf_dataptr
                0x000000000000a064       0x10 contiki-srf06-cc26xx.a(packetbuf.o)
                0x000000000000a064                packetbuf_dataptr
 .text.packetbuf_copyto
                0x000000000000a074       0x40 contiki-srf06-cc26xx.a(packetbuf.o)
                0x000000000000a074                packetbuf_copyto
 .text.packetbuf_totlen
                0x000000000000a0b4       0x14 contiki-srf06-cc26xx.a(packetbuf.o)
                0x000000000000a0b4                packetbuf_totlen
 .text.packetbuf_hdralloc
                0x000000000000a0c8       0x3c contiki-srf06-cc26xx.a(packetbuf.o)
                0x000000000000a0c8                packetbuf_hdralloc
 .text.packetbuf_attr_clear
                0x000000000000a104       0x34 contiki-srf06-cc26xx.a(packetbuf.o)
                0x000000000000a104                packetbuf_attr_clear
 .text.packetbuf_clear
                0x000000000000a138       0x20 contiki-srf06-cc26xx.a(packetbuf.o)
                0x000000000000a138                packetbuf_clear
 .text.packetbuf_copyfrom
                0x000000000000a158       0x2c contiki-srf06-cc26xx.a(packetbuf.o)
                0x000000000000a158                packetbuf_copyfrom
 .text.packetbuf_attr_copyto
                0x000000000000a184       0x34 contiki-srf06-cc26xx.a(packetbuf.o)
                0x000000000000a184                packetbuf_attr_copyto
 .text.packetbuf_attr_copyfrom
                0x000000000000a1b8       0x34 contiki-srf06-cc26xx.a(packetbuf.o)
                0x000000000000a1b8                packetbuf_attr_copyfrom
 .text.packetbuf_set_attr
                0x000000000000a1ec       0x10 contiki-srf06-cc26xx.a(packetbuf.o)
                0x000000000000a1ec                packetbuf_set_attr
 .text.packetbuf_attr
                0x000000000000a1fc        0xc contiki-srf06-cc26xx.a(packetbuf.o)
                0x000000000000a1fc                packetbuf_attr
 .text.packetbuf_set_addr
                0x000000000000a208       0x18 contiki-srf06-cc26xx.a(packetbuf.o)
                0x000000000000a208                packetbuf_set_addr
 .text.packetbuf_addr
                0x000000000000a220       0x10 contiki-srf06-cc26xx.a(packetbuf.o)
                0x000000000000a220                packetbuf_addr
 .text.packetbuf_holds_broadcast
                0x000000000000a230       0x10 contiki-srf06-cc26xx.a(packetbuf.o)
                0x000000000000a230                packetbuf_holds_broadcast
 .text.netstack_init
                0x000000000000a240       0x38 contiki-srf06-cc26xx.a(netstack.o)
                0x000000000000a240                netstack_init
 .text.periodic
                0x000000000000a278       0x2c contiki-srf06-cc26xx.a(link-stats.o)
 .text.link_stats_from_lladdr
                0x000000000000a2a4        0xc contiki-srf06-cc26xx.a(link-stats.o)
                0x000000000000a2a4                link_stats_from_lladdr
 .text.link_stats_packet_sent
                0x000000000000a2b0       0x78 contiki-srf06-cc26xx.a(link-stats.o)
                0x000000000000a2b0                link_stats_packet_sent
 .text.link_stats_input_callback
                0x000000000000a328       0x4c contiki-srf06-cc26xx.a(link-stats.o)
                0x000000000000a328                link_stats_input_callback
 .text.link_stats_init
                0x000000000000a374       0x28 contiki-srf06-cc26xx.a(link-stats.o)
                0x000000000000a374                link_stats_init
 .text.create_frame.isra.0
                0x000000000000a39c      0x12c contiki-srf06-cc26xx.a(framer-802154.o)
 .text.input_packet
                0x000000000000a4c8       0x10 contiki-srf06-cc26xx.a(csma.o)
 .text.on       0x000000000000a4d8       0x10 contiki-srf06-cc26xx.a(csma.o)
 .text.off      0x000000000000a4e8       0x10 contiki-srf06-cc26xx.a(csma.o)
 .text.channel_check_interval
                0x000000000000a4f8       0x10 contiki-srf06-cc26xx.a(csma.o)
 .text.transmit_packet_list
                0x000000000000a508       0x24 contiki-srf06-cc26xx.a(csma.o)
 .text.schedule_transmission
                0x000000000000a52c       0x4c contiki-srf06-cc26xx.a(csma.o)
 .text.send_packet
                0x000000000000a578      0x138 contiki-srf06-cc26xx.a(csma.o)
 .text.init     0x000000000000a6b0       0x24 contiki-srf06-cc26xx.a(csma.o)
 .text.tx_done  0x000000000000a6d4       0x88 contiki-srf06-cc26xx.a(csma.o)
 .text.frame802154_get_pan_id
                0x000000000000a75c        0xc contiki-srf06-cc26xx.a(frame802154.o)
                0x000000000000a75c                frame802154_get_pan_id
 .text.frame802154_parse
                0x000000000000a768      0x16c contiki-srf06-cc26xx.a(frame802154.o)
                0x000000000000a768                frame802154_parse
 .text.mac_call_sent_callback
                0x000000000000a8d4       0x60 contiki-srf06-cc26xx.a(mac.o)
                0x000000000000a8d4                mac_call_sent_callback
 .text.init     0x000000000000a934       0x40 contiki-srf06-cc26xx.a(contikimac.o)
 .text.on       0x000000000000a974       0x28 contiki-srf06-cc26xx.a(contikimac.o)
 .text.off      0x000000000000a99c       0x34 contiki-srf06-cc26xx.a(contikimac.o)
 .text.recv_burst_off
                0x000000000000a9d0       0x14 contiki-srf06-cc26xx.a(contikimac.o)
 .text.powercycle_turn_radio_off
                0x000000000000a9e4       0x1c contiki-srf06-cc26xx.a(contikimac.o)
 .text.turn_off
                0x000000000000aa00       0x34 contiki-srf06-cc26xx.a(contikimac.o)
 .text.turn_on  0x000000000000aa34       0x40 contiki-srf06-cc26xx.a(contikimac.o)
 .text.schedule_powercycle_fixed
                0x000000000000aa74       0x34 contiki-srf06-cc26xx.a(contikimac.o)
 .text.input_packet
                0x000000000000aaa8       0x9c contiki-srf06-cc26xx.a(contikimac.o)
 .text.send_packet.isra.8
                0x000000000000ab44      0x204 contiki-srf06-cc26xx.a(contikimac.o)
 .text.qsend_list
                0x000000000000ad48       0xd0 contiki-srf06-cc26xx.a(contikimac.o)
 .text.powercycle_wrapper
                0x000000000000ae18      0x1d0 contiki-srf06-cc26xx.a(contikimac.o)
 .text.input    0x000000000000afe8       0x10 contiki-srf06-cc26xx.a(nullsec.o)
 .text.send     0x000000000000aff8       0x20 contiki-srf06-cc26xx.a(nullsec.o)
 .text.sensor_common_write_reg
                0x000000000000b018       0x2c contiki-srf06-cc26xx.a(sensor-common.o)
                0x000000000000b018                sensor_common_write_reg
 .text.verify_part
                0x000000000000b044       0x74 contiki-srf06-cc26xx.a(ext-flash.o)
 .text.wait_ready
                0x000000000000b0b8       0x5c contiki-srf06-cc26xx.a(ext-flash.o)
 .text.ext_flash_open
                0x000000000000b114       0x54 contiki-srf06-cc26xx.a(ext-flash.o)
                0x000000000000b114                ext_flash_open
 .text.ext_flash_close
                0x000000000000b168       0x4c contiki-srf06-cc26xx.a(ext-flash.o)
                0x000000000000b168                ext_flash_close
 .text.buzzer_init
                0x000000000000b1b4        0xc contiki-srf06-cc26xx.a(buzzer.o)
                0x000000000000b1b4                buzzer_init
 .text.buzzer_stop
                0x000000000000b1c0       0x74 contiki-srf06-cc26xx.a(buzzer.o)
                0x000000000000b1c0                buzzer_stop
 .text.accessible
                0x000000000000b234       0x24 contiki-srf06-cc26xx.a(board-spi.o)
 .text.board_spi_write
                0x000000000000b258       0x3c contiki-srf06-cc26xx.a(board-spi.o)
                0x000000000000b258                board_spi_write
 .text.board_spi_read
                0x000000000000b294       0x48 contiki-srf06-cc26xx.a(board-spi.o)
                0x000000000000b294                board_spi_read
 .text.board_spi_flush
                0x000000000000b2dc       0x24 contiki-srf06-cc26xx.a(board-spi.o)
                0x000000000000b2dc                board_spi_flush
 .text.board_spi_open
                0x000000000000b300       0xb4 contiki-srf06-cc26xx.a(board-spi.o)
                0x000000000000b300                board_spi_open
 .text.board_spi_close
                0x000000000000b3b4       0x6c contiki-srf06-cc26xx.a(board-spi.o)
                0x000000000000b3b4                board_spi_close
 .text.aux_ctrl_power_up
                0x000000000000b420       0x28 contiki-srf06-cc26xx.a(aux-ctrl.o)
                0x000000000000b420                aux_ctrl_power_up
 .text.aux_ctrl_register_consumer
                0x000000000000b448       0x44 contiki-srf06-cc26xx.a(aux-ctrl.o)
                0x000000000000b448                aux_ctrl_register_consumer
 .text.aux_ctrl_power_down
                0x000000000000b48c       0x68 contiki-srf06-cc26xx.a(aux-ctrl.o)
                0x000000000000b48c                aux_ctrl_power_down
 .text.aux_ctrl_unregister_consumer
                0x000000000000b4f4       0x28 contiki-srf06-cc26xx.a(aux-ctrl.o)
                0x000000000000b4f4                aux_ctrl_unregister_consumer
 .text.process_thread_rf_core_process
                0x000000000000b51c       0x58 contiki-srf06-cc26xx.a(rf-core.o)
 .text.rf_core_is_accessible
                0x000000000000b574       0x10 contiki-srf06-cc26xx.a(rf-core.o)
                0x000000000000b574                rf_core_is_accessible
 .text.rf_core_send_cmd
                0x000000000000b584       0x80 contiki-srf06-cc26xx.a(rf-core.o)
                0x000000000000b584                rf_core_send_cmd
 .text.rf_core_wait_cmd_done
                0x000000000000b604       0x2c contiki-srf06-cc26xx.a(rf-core.o)
                0x000000000000b604                rf_core_wait_cmd_done
 .text.rf_core_power_up
                0x000000000000b630       0xac contiki-srf06-cc26xx.a(rf-core.o)
                0x000000000000b630                rf_core_power_up
 .text.rf_core_set_modesel
                0x000000000000b6dc       0x38 contiki-srf06-cc26xx.a(rf-core.o)
                0x000000000000b6dc                rf_core_set_modesel
 .text.rf_core_setup_interrupts
                0x000000000000b714       0x64 contiki-srf06-cc26xx.a(rf-core.o)
                0x000000000000b714                rf_core_setup_interrupts
 .text.rf_core_cmd_done_en
                0x000000000000b778       0x24 contiki-srf06-cc26xx.a(rf-core.o)
                0x000000000000b778                rf_core_cmd_done_en
 .text.rf_core_cmd_done_dis
                0x000000000000b79c       0x18 contiki-srf06-cc26xx.a(rf-core.o)
                0x000000000000b79c                rf_core_cmd_done_dis
 .text.rf_core_get_last_radio_op
                0x000000000000b7b4        0xc contiki-srf06-cc26xx.a(rf-core.o)
                0x000000000000b7b4                rf_core_get_last_radio_op
 .text.rf_core_start_rat
                0x000000000000b7c0       0x3c contiki-srf06-cc26xx.a(rf-core.o)
                0x000000000000b7c0                rf_core_start_rat
 .text.rf_core_stop_rat
                0x000000000000b7fc       0x44 contiki-srf06-cc26xx.a(rf-core.o)
                0x000000000000b7fc                rf_core_stop_rat
 .text.rf_core_power_down
                0x000000000000b840       0xbc contiki-srf06-cc26xx.a(rf-core.o)
                0x000000000000b840                rf_core_power_down
 .text.rf_core_primary_mode_register
                0x000000000000b8fc        0xc contiki-srf06-cc26xx.a(rf-core.o)
                0x000000000000b8fc                rf_core_primary_mode_register
 .text.RFCCPE1IntHandler
                0x000000000000b908       0x20 contiki-srf06-cc26xx.a(rf-core.o)
                0x000000000000b908                RFCCPE1IntHandler
 .text.RFCCPE0IntHandler
                0x000000000000b928       0x58 contiki-srf06-cc26xx.a(rf-core.o)
                0x000000000000b928                RFCCPE0IntHandler
 .text.rf_ble_is_active
                0x000000000000b980        0xc contiki-srf06-cc26xx.a(rf-ble.o)
                0x000000000000b980                rf_ble_is_active
 .text.stimer_expired
                0x000000000000b98c       0x20 contiki-srf06-cc26xx.a(stimer.o)
                0x000000000000b98c                stimer_expired
 .text.echo_reply_input
                0x000000000000b9ac       0x94 contiki-srf06-cc26xx.a(uip-icmp6.o)
 .text.echo_request_input
                0x000000000000ba40       0xc8 contiki-srf06-cc26xx.a(uip-icmp6.o)
 .text.uip_icmp6_input
                0x000000000000bb08       0x38 contiki-srf06-cc26xx.a(uip-icmp6.o)
                0x000000000000bb08                uip_icmp6_input
 .text.uip_icmp6_register_input_handler
                0x000000000000bb40        0xc contiki-srf06-cc26xx.a(uip-icmp6.o)
                0x000000000000bb40                uip_icmp6_register_input_handler
 .text.uip_icmp6_error_output
                0x000000000000bb4c      0x148 contiki-srf06-cc26xx.a(uip-icmp6.o)
                0x000000000000bb4c                uip_icmp6_error_output
 .text.uip_icmp6_send
                0x000000000000bc94       0x90 contiki-srf06-cc26xx.a(uip-icmp6.o)
                0x000000000000bc94                uip_icmp6_send
 .text.uip_icmp6_init
                0x000000000000bd24       0x1c contiki-srf06-cc26xx.a(uip-icmp6.o)
                0x000000000000bd24                uip_icmp6_init
 .text.update_nbr
                0x000000000000bd40      0x10c contiki-srf06-cc26xx.a(rpl-nbr-policy.)
 .text.handle_periodic_timer
                0x000000000000be4c       0x14 contiki-srf06-cc26xx.a(rpl-nbr-policy.)
 .text.find_removable_dis
                0x000000000000be60       0x20 contiki-srf06-cc26xx.a(rpl-nbr-policy.)
                0x000000000000be60                find_removable_dis
 .text.find_removable_dio
                0x000000000000be80       0x40 contiki-srf06-cc26xx.a(rpl-nbr-policy.)
                0x000000000000be80                find_removable_dio
 .text.find_removable_dao
                0x000000000000bec0       0x38 contiki-srf06-cc26xx.a(rpl-nbr-policy.)
                0x000000000000bec0                find_removable_dao
 .text.rpl_nbr_policy_find_removable
                0x000000000000bef8       0x28 contiki-srf06-cc26xx.a(rpl-nbr-policy.)
                0x000000000000bef8                rpl_nbr_policy_find_removable
 .text.NOROM_SetupAfterColdResetWakeupFromShutDownCfg1
                0x000000000000bf20       0x70 contiki-srf06-cc26xx.a(setup_rom.o)
                0x000000000000bf20                NOROM_SetupAfterColdResetWakeupFromShutDownCfg1
 .text.NOROM_SetupGetTrimForAnabypassValue1
                0x000000000000bf90       0x5c contiki-srf06-cc26xx.a(setup_rom.o)
                0x000000000000bf90                NOROM_SetupGetTrimForAnabypassValue1
 .text.NOROM_SetupGetTrimForRcOscLfRtuneCtuneTrim
                0x000000000000bfec       0x18 contiki-srf06-cc26xx.a(setup_rom.o)
                0x000000000000bfec                NOROM_SetupGetTrimForRcOscLfRtuneCtuneTrim
 .text.NOROM_SetupGetTrimForAmpcompTh2
                0x000000000000c004       0x10 contiki-srf06-cc26xx.a(setup_rom.o)
                0x000000000000c004                NOROM_SetupGetTrimForAmpcompTh2
 .text.NOROM_SetupGetTrimForAmpcompTh1
                0x000000000000c014       0x14 contiki-srf06-cc26xx.a(setup_rom.o)
                0x000000000000c014                NOROM_SetupGetTrimForAmpcompTh1
 .text.NOROM_SetupGetTrimForAmpcompCtrl
                0x000000000000c028       0x64 contiki-srf06-cc26xx.a(setup_rom.o)
                0x000000000000c028                NOROM_SetupGetTrimForAmpcompCtrl
 .text.NOROM_SetupGetTrimForDblrLoopFilterResetVoltage
                0x000000000000c08c       0x14 contiki-srf06-cc26xx.a(setup_rom.o)
                0x000000000000c08c                NOROM_SetupGetTrimForDblrLoopFilterResetVoltage
 .text.NOROM_SetupGetTrimForAdcShModeEn
                0x000000000000c0a0       0x14 contiki-srf06-cc26xx.a(setup_rom.o)
                0x000000000000c0a0                NOROM_SetupGetTrimForAdcShModeEn
 .text.NOROM_SetupGetTrimForAdcShVbufEn
                0x000000000000c0b4       0x14 contiki-srf06-cc26xx.a(setup_rom.o)
                0x000000000000c0b4                NOROM_SetupGetTrimForAdcShVbufEn
 .text.NOROM_SetupGetTrimForXoscHfCtl
                0x000000000000c0c8       0x28 contiki-srf06-cc26xx.a(setup_rom.o)
                0x000000000000c0c8                NOROM_SetupGetTrimForXoscHfCtl
 .text.NOROM_SetupGetTrimForXoscHfFastStart
                0x000000000000c0f0       0x10 contiki-srf06-cc26xx.a(setup_rom.o)
                0x000000000000c0f0                NOROM_SetupGetTrimForXoscHfFastStart
 .text.NOROM_SetupGetTrimForRadcExtCfg
                0x000000000000c100       0x2c contiki-srf06-cc26xx.a(setup_rom.o)
                0x000000000000c100                NOROM_SetupGetTrimForRadcExtCfg
 .text.NOROM_SetupGetTrimForRcOscLfIBiasTrim
                0x000000000000c12c       0x14 contiki-srf06-cc26xx.a(setup_rom.o)
                0x000000000000c12c                NOROM_SetupGetTrimForRcOscLfIBiasTrim
 .text.NOROM_SetupGetTrimForXoscLfRegulatorAndCmirrwrRatio
                0x000000000000c140       0x14 contiki-srf06-cc26xx.a(setup_rom.o)
                0x000000000000c140                NOROM_SetupGetTrimForXoscLfRegulatorAndCmirrwrRatio
 .text.NOROM_SetupAfterColdResetWakeupFromShutDownCfg2
                0x000000000000c154      0x108 contiki-srf06-cc26xx.a(setup_rom.o)
                0x000000000000c154                NOROM_SetupAfterColdResetWakeupFromShutDownCfg2
 .text.NOROM_SetupSetCacheModeAccordingToCcfgSetting
                0x000000000000c25c       0x64 contiki-srf06-cc26xx.a(setup_rom.o)
                0x000000000000c25c                NOROM_SetupSetCacheModeAccordingToCcfgSetting
 .text.NOROM_SetupSetAonRtcSubSecInc
                0x000000000000c2c0       0x28 contiki-srf06-cc26xx.a(setup_rom.o)
                0x000000000000c2c0                NOROM_SetupSetAonRtcSubSecInc
 .text.NOROM_SetupAfterColdResetWakeupFromShutDownCfg3
                0x000000000000c2e8      0x148 contiki-srf06-cc26xx.a(setup_rom.o)
                0x000000000000c2e8                NOROM_SetupAfterColdResetWakeupFromShutDownCfg3
 .text.NOROM_AONBatMonTemperatureGetDegC
                0x000000000000c430       0x30 contiki-srf06-cc26xx.a(aon_batmon.o)
                0x000000000000c430                NOROM_AONBatMonTemperatureGetDegC
 .text.mac_sequence_is_duplicate
                0x000000000000c460       0x4c contiki-srf06-cc26xx.a(mac-sequence.o)
                0x000000000000c460                mac_sequence_is_duplicate
 .text.mac_sequence_register_seqno
                0x000000000000c4ac       0x60 contiki-srf06-cc26xx.a(mac-sequence.o)
                0x000000000000c4ac                mac_sequence_register_seqno
 .text.exp2     0x000000000000c50c       0x10 /usr/lib/gcc/arm-none-eabi/4.8/../../../arm-none-eabi/lib/armv7-m/libm.a(lib_a-w_exp2.o)
                0x000000000000c50c                exp2
 .text.pow      0x000000000000c51c      0x2f8 /usr/lib/gcc/arm-none-eabi/4.8/../../../arm-none-eabi/lib/armv7-m/libm.a(lib_a-w_pow.o)
                0x000000000000c51c                pow
 .text.__ieee754_sqrt
                0x000000000000c814      0x180 /usr/lib/gcc/arm-none-eabi/4.8/../../../arm-none-eabi/lib/armv7-m/libm.a(lib_a-e_sqrt.o)
                0x000000000000c814                __ieee754_sqrt
 .text.fabs     0x000000000000c994        0x8 /usr/lib/gcc/arm-none-eabi/4.8/../../../arm-none-eabi/lib/armv7-m/libm.a(lib_a-s_fabs.o)
                0x000000000000c994                fabs
 .text.finite   0x000000000000c99c        0xc /usr/lib/gcc/arm-none-eabi/4.8/../../../arm-none-eabi/lib/armv7-m/libm.a(lib_a-s_finite.o)
                0x000000000000c99c                finite
 .text.__fpclassifyd
                0x000000000000c9a8       0x50 /usr/lib/gcc/arm-none-eabi/4.8/../../../arm-none-eabi/lib/armv7-m/libm.a(lib_a-s_fpclassify.o)
                0x000000000000c9a8                __fpclassifyd
 .text.matherr  0x000000000000c9f8        0x4 /usr/lib/gcc/arm-none-eabi/4.8/../../../arm-none-eabi/lib/armv7-m/libm.a(lib_a-s_matherr.o)
                0x000000000000c9f8                matherr
 .text.nan      0x000000000000c9fc        0xc /usr/lib/gcc/arm-none-eabi/4.8/../../../arm-none-eabi/lib/armv7-m/libm.a(lib_a-s_nan.o)
                0x000000000000c9fc                nan
 .text.rint     0x000000000000ca08      0x118 /usr/lib/gcc/arm-none-eabi/4.8/../../../arm-none-eabi/lib/armv7-m/libm.a(lib_a-s_rint.o)
                0x000000000000ca08                rint
 .text.copysign
                0x000000000000cb20       0x14 /usr/lib/gcc/arm-none-eabi/4.8/../../../arm-none-eabi/lib/armv7-m/libm.a(lib_a-s_copysign.o)
                0x000000000000cb20                copysign
 .text          0x000000000000cb34      0x370 /usr/lib/gcc/arm-none-eabi/4.8/armv7-m/libgcc.a(_arm_addsubdf3.o)
                0x000000000000cb34                __aeabi_drsub
                0x000000000000cb3c                __aeabi_dsub
                0x000000000000cb3c                __subdf3
                0x000000000000cb40                __adddf3
                0x000000000000cb40                __aeabi_dadd
                0x000000000000cdb8                __aeabi_ui2d
                0x000000000000cdb8                __floatunsidf
                0x000000000000cdd8                __floatsidf
                0x000000000000cdd8                __aeabi_i2d
                0x000000000000cdfc                __extendsfdf2
                0x000000000000cdfc                __aeabi_f2d
                0x000000000000ce38                __aeabi_ul2d
                0x000000000000ce38                __floatundidf
                0x000000000000ce48                __floatdidf
                0x000000000000ce48                __aeabi_l2d
 .text          0x000000000000cea4      0x424 /usr/lib/gcc/arm-none-eabi/4.8/armv7-m/libgcc.a(_arm_muldivdf3.o)
                0x000000000000cea4                __aeabi_dmul
                0x000000000000cea4                __muldf3
                0x000000000000d0f8                __aeabi_ddiv
                0x000000000000d0f8                __divdf3
 .text          0x000000000000d2c8      0x110 /usr/lib/gcc/arm-none-eabi/4.8/armv7-m/libgcc.a(_arm_cmpdf2.o)
                0x000000000000d2c8                __gtdf2
                0x000000000000d2c8                __gedf2
                0x000000000000d2d0                __ltdf2
                0x000000000000d2d0                __ledf2
                0x000000000000d2d8                __cmpdf2
                0x000000000000d2d8                __eqdf2
                0x000000000000d2d8                __nedf2
                0x000000000000d354                __aeabi_cdrcmple
                0x000000000000d364                __aeabi_cdcmple
                0x000000000000d364                __aeabi_cdcmpeq
                0x000000000000d374                __aeabi_dcmpeq
                0x000000000000d388                __aeabi_dcmplt
                0x000000000000d39c                __aeabi_dcmple
                0x000000000000d3b0                __aeabi_dcmpge
                0x000000000000d3c4                __aeabi_dcmpgt
 .text          0x000000000000d3d8       0xa0 /usr/lib/gcc/arm-none-eabi/4.8/armv7-m/libgcc.a(_arm_truncdfsf2.o)
                0x000000000000d3d8                __aeabi_d2f
                0x000000000000d3d8                __truncdfsf2
 .text          0x000000000000d478      0x21c /usr/lib/gcc/arm-none-eabi/4.8/armv7-m/libgcc.a(_arm_addsubsf3.o)
                0x000000000000d478                __aeabi_frsub
                0x000000000000d480                __subsf3
                0x000000000000d480                __aeabi_fsub
                0x000000000000d484                __aeabi_fadd
                0x000000000000d484                __addsf3
                0x000000000000d5e4                __aeabi_ui2f
                0x000000000000d5e4                __floatunsisf
                0x000000000000d5ec                __aeabi_i2f
                0x000000000000d5ec                __floatsisf
                0x000000000000d608                __floatundisf
                0x000000000000d608                __aeabi_ul2f
                0x000000000000d618                __floatdisf
                0x000000000000d618                __aeabi_l2f
 .text          0x000000000000d694      0x2a0 /usr/lib/gcc/arm-none-eabi/4.8/armv7-m/libgcc.a(_arm_muldivsf3.o)
                0x000000000000d694                __mulsf3
                0x000000000000d694                __aeabi_fmul
                0x000000000000d7fc                __divsf3
                0x000000000000d7fc                __aeabi_fdiv
 .text          0x000000000000d934       0x4c /usr/lib/gcc/arm-none-eabi/4.8/armv7-m/libgcc.a(_arm_fixsfsi.o)
                0x000000000000d934                __fixsfsi
                0x000000000000d934                __aeabi_f2iz
 .text          0x000000000000d980       0x2c /usr/lib/gcc/arm-none-eabi/4.8/armv7-m/libgcc.a(_aeabi_uldivmod.o)
                0x000000000000d980                __aeabi_uldivmod
 .text          0x000000000000d9ac       0x60 /usr/lib/gcc/arm-none-eabi/4.8/armv7-m/libgcc.a(bpabi.o)
                0x000000000000d9ac                __gnu_ldivmod_helper
                0x000000000000d9dc                __gnu_uldivmod_helper
 .text          0x000000000000da0c        0x4 /usr/lib/gcc/arm-none-eabi/4.8/armv7-m/libgcc.a(_dvmd_tls.o)
                0x000000000000da0c                __aeabi_ldiv0
                0x000000000000da0c                __aeabi_idiv0
 .text          0x000000000000da10      0x2a0 /usr/lib/gcc/arm-none-eabi/4.8/armv7-m/libgcc.a(_divdi3.o)
                0x000000000000da10                __divdi3
 .text          0x000000000000dcb0      0x290 /usr/lib/gcc/arm-none-eabi/4.8/armv7-m/libgcc.a(_udivdi3.o)
                0x000000000000dcb0                __udivdi3
 .text.__errno  0x000000000000df40        0xc /usr/lib/gcc/arm-none-eabi/4.8/../../../arm-none-eabi/lib/armv7-m/libc.a(lib_a-errno.o)
                0x000000000000df40                __errno
 .text.memcmp   0x000000000000df4c       0x68 /usr/lib/gcc/arm-none-eabi/4.8/../../../arm-none-eabi/lib/armv7-m/libc.a(lib_a-memcmp.o)
                0x000000000000df4c                memcmp
 .text          0x000000000000dfb4       0xec /usr/lib/gcc/arm-none-eabi/4.8/../../../arm-none-eabi/lib/armv7-m/libc.a(lib_a-memcpy.o)
                0x000000000000dfb4                memcpy
 .text.memmove  0x000000000000e0a0       0xcc /usr/lib/gcc/arm-none-eabi/4.8/../../../arm-none-eabi/lib/armv7-m/libc.a(lib_a-memmove.o)
                0x000000000000e0a0                memmove
 .text.memset   0x000000000000e16c       0x94 /usr/lib/gcc/arm-none-eabi/4.8/../../../arm-none-eabi/lib/armv7-m/libc.a(lib_a-memset.o)
                0x000000000000e16c                memset
 .text.strlen   0x000000000000e200       0x5c /usr/lib/gcc/arm-none-eabi/4.8/../../../arm-none-eabi/lib/armv7-m/libc.a(lib_a-strlen.o)
                0x000000000000e200                strlen
 .text.NmiSRHandler
                0x000000000000e25c        0x2 obj_srf06-cc26xx/startup_gcc.o
                0x000000000000e25c                NmiSR
 .text.IntDefaultHandler
                0x000000000000e25e        0x2 obj_srf06-cc26xx/startup_gcc.o
                0x000000000000e25e                SSI0IntHandler
                0x000000000000e25e                SWEvent0IntHandler
                0x000000000000e25e                uDMAIntHandler
                0x000000000000e25e                WatchdogIntHandler
                0x000000000000e25e                RFCHardwareIntHandler
                0x000000000000e25e                Timer1BIntHandler
                0x000000000000e25e                I2SIntHandler
                0x000000000000e25e                Timer2BIntHandler
                0x000000000000e25e                Timer2AIntHandler
                0x000000000000e25e                Timer1AIntHandler
                0x000000000000e25e                AONIntHandler
                0x000000000000e25e                AUXSWEvent0IntHandler
                0x000000000000e25e                AUXADCIntHandler
                0x000000000000e25e                PendSVIntHandler
                0x000000000000e25e                AUXSWEvent1IntHandler
                0x000000000000e25e                SVCallIntHandler
                0x000000000000e25e                MPUFaultIntHandler
                0x000000000000e25e                SysTickIntHandler
                0x000000000000e25e                BusFaultIntHandler
                0x000000000000e25e                AONProgIntHandler
                0x000000000000e25e                AUXCompAIntHandler
                0x000000000000e25e                SSI1IntHandler
                0x000000000000e25e                FlashIntHandler
                0x000000000000e25e                uDMAErrIntHandler
                0x000000000000e25e                UsageFaultIntHandler
                0x000000000000e25e                RFCCmdAckIntHandler
                0x000000000000e25e                CryptoIntHandler
                0x000000000000e25e                Timer0AIntHandler
                0x000000000000e25e                I2CIntHandler
                0x000000000000e25e                DebugMonIntHandler
                0x000000000000e25e                Timer0BIntHandler
                0x000000000000e25e                AUXCombEventIntHandler
                0x000000000000e25e                Timer3AIntHandler
                0x000000000000e25e                DynProgIntHandler
                0x000000000000e25e                Timer3BIntHandler
 .text.fade     0x000000000000e260       0x54 contiki-srf06-cc26xx.a(contiki-main.o)
 .text.enable_sensor
                0x000000000000e2b4       0x2a contiki-srf06-cc26xx.a(bmp-280-sensor.)
 .text.status_right
                0x000000000000e2de       0x10 contiki-srf06-cc26xx.a(button-sensor.o)
 .text.config_left
                0x000000000000e2ee        0xc contiki-srf06-cc26xx.a(button-sensor.o)
 .text.config_right
                0x000000000000e2fa        0xc contiki-srf06-cc26xx.a(button-sensor.o)
 .text.status_left
                0x000000000000e306       0x10 contiki-srf06-cc26xx.a(button-sensor.o)
 .text.lpm_wakeup_handler
                0x000000000000e316        0x4 contiki-srf06-cc26xx.a(board.o)
 .text.clock_update
                0x000000000000e31a       0x16 contiki-srf06-cc26xx.a(clock.o)
                0x000000000000e31a                clock_update
 .text.rtimer_arch_init
                0x000000000000e330        0x2 contiki-srf06-cc26xx.a(rtimer-arch.o)
                0x000000000000e330                rtimer_arch_init
 .text.rtimer_arch_schedule
                0x000000000000e332        0x8 contiki-srf06-cc26xx.a(rtimer-arch.o)
                0x000000000000e332                rtimer_arch_schedule
 .text.rtimer_arch_now
                0x000000000000e33a        0x4 contiki-srf06-cc26xx.a(rtimer-arch.o)
                0x000000000000e33a                rtimer_arch_now
 .text.putchar  0x000000000000e33e        0xe contiki-srf06-cc26xx.a(putchar.o)
                0x000000000000e33e                putchar
 .text.puts     0x000000000000e34c       0x2c contiki-srf06-cc26xx.a(putchar.o)
                0x000000000000e34c                puts
 .text.dbg_send_bytes
                0x000000000000e378       0x2a contiki-srf06-cc26xx.a(putchar.o)
                0x000000000000e378                dbg_send_bytes
 .text.slip_arch_writeb
                0x000000000000e3a2        0x4 contiki-srf06-cc26xx.a(slip-arch.o)
                0x000000000000e3a2                slip_arch_writeb
 .text.oscillators_select_lf_rcosc
                0x000000000000e3a6       0x3a contiki-srf06-cc26xx.a(oscillators.o)
                0x000000000000e3a6                oscillators_select_lf_rcosc
 .text.oscillators_request_hf_xosc
                0x000000000000e3e0       0x2e contiki-srf06-cc26xx.a(oscillators.o)
                0x000000000000e3e0                oscillators_request_hf_xosc
 .text.request  0x000000000000e40e       0x10 contiki-srf06-cc26xx.a(ieee-mode.o)
 .text.soft_on  0x000000000000e41e       0x16 contiki-srf06-cc26xx.a(ieee-mode.o)
 .text.transmitting
                0x000000000000e434       0x3e contiki-srf06-cc26xx.a(ieee-mode.o)
 .text.get_cca_info.part.3
                0x000000000000e472       0x30 contiki-srf06-cc26xx.a(ieee-mode.o)
 .text.send     0x000000000000e4a2       0x12 contiki-srf06-cc26xx.a(ieee-mode.o)
 .text.channel_clear
                0x000000000000e4b4       0x54 contiki-srf06-cc26xx.a(ieee-mode.o)
 .text.receiving_packet
                0x000000000000e508       0x2e contiki-srf06-cc26xx.a(ieee-mode.o)
 .text.random_rand
                0x000000000000e536        0xa contiki-srf06-cc26xx.a(random.o)
                0x000000000000e536                random_rand
 .text.random_init
                0x000000000000e540        0x4 contiki-srf06-cc26xx.a(random.o)
                0x000000000000e540                random_init
 .text.write_str
                0x000000000000e544       0x10 contiki-srf06-cc26xx.a(dbg-printf.o)
 .text.autostart_start
                0x000000000000e554       0x14 contiki-srf06-cc26xx.a(autostart.o)
                0x000000000000e554                autostart_start
 .text.energest_init
                0x000000000000e568        0x2 contiki-srf06-cc26xx.a(energest.o)
                0x000000000000e568                energest_init
 .text.etimer_set
                0x000000000000e56a       0x12 contiki-srf06-cc26xx.a(etimer.o)
                0x000000000000e56a                etimer_set
 .text.etimer_reset
                0x000000000000e57c       0x12 contiki-srf06-cc26xx.a(etimer.o)
                0x000000000000e57c                etimer_reset
 .text.etimer_restart
                0x000000000000e58e       0x12 contiki-srf06-cc26xx.a(etimer.o)
                0x000000000000e58e                etimer_restart
 .text.etimer_expired
                0x000000000000e5a0        0xc contiki-srf06-cc26xx.a(etimer.o)
                0x000000000000e5a0                etimer_expired
 .text.etimer_expiration_time
                0x000000000000e5ac        0x6 contiki-srf06-cc26xx.a(etimer.o)
                0x000000000000e5ac                etimer_expiration_time
 .text.call_process
                0x000000000000e5b2        0xc contiki-srf06-cc26xx.a(process.o)
 .text.rtimer_init
                0x000000000000e5be        0x4 contiki-srf06-cc26xx.a(rtimer.o)
                0x000000000000e5be                rtimer_init
 .text.timer_set
                0x000000000000e5c2        0xe contiki-srf06-cc26xx.a(timer.o)
                0x000000000000e5c2                timer_set
 .text.timer_reset
                0x000000000000e5d0        0xa contiki-srf06-cc26xx.a(timer.o)
                0x000000000000e5d0                timer_reset
 .text.timer_restart
                0x000000000000e5da        0xc contiki-srf06-cc26xx.a(timer.o)
                0x000000000000e5da                timer_restart
 .text.timer_expired
                0x000000000000e5e6       0x1c contiki-srf06-cc26xx.a(timer.o)
                0x000000000000e5e6                timer_expired
 .text.list_init
                0x000000000000e602        0x6 contiki-srf06-cc26xx.a(list.o)
                0x000000000000e602                list_init
 .text.list_head
                0x000000000000e608        0x4 contiki-srf06-cc26xx.a(list.o)
                0x000000000000e608                list_head
 .text.list_tail
                0x000000000000e60c        0xe contiki-srf06-cc26xx.a(list.o)
                0x000000000000e60c                list_tail
 .text.list_remove
                0x000000000000e61a       0x28 contiki-srf06-cc26xx.a(list.o)
                0x000000000000e61a                list_remove
 .text.list_add
                0x000000000000e642       0x1e contiki-srf06-cc26xx.a(list.o)
                0x000000000000e642                list_add
 .text.list_push
                0x000000000000e660       0x12 contiki-srf06-cc26xx.a(list.o)
                0x000000000000e660                list_push
 .text.list_length
                0x000000000000e672        0xe contiki-srf06-cc26xx.a(list.o)
                0x000000000000e672                list_length
 .text.list_item_next
                0x000000000000e680        0x6 contiki-srf06-cc26xx.a(list.o)
                0x000000000000e680                list_item_next
 .text.ringbuf_init
                0x000000000000e686        0xe contiki-srf06-cc26xx.a(ringbuf.o)
                0x000000000000e686                ringbuf_init
 .text.ringbuf_get
                0x000000000000e694       0x20 contiki-srf06-cc26xx.a(ringbuf.o)
                0x000000000000e694                ringbuf_get
 .text.uip_ds6_list_loop
                0x000000000000e6b4       0x4a contiki-srf06-cc26xx.a(uip-ds6.o)
                0x000000000000e6b4                uip_ds6_list_loop
 .text.uip_ds6_maddr_rm
                0x000000000000e6fe        0x8 contiki-srf06-cc26xx.a(uip-ds6.o)
                0x000000000000e6fe                uip_ds6_maddr_rm
 .text.uip_ds6_set_addr_iid
                0x000000000000e706       0x12 contiki-srf06-cc26xx.a(uip-ds6.o)
                0x000000000000e706                uip_ds6_set_addr_iid
 .text.get_match_length
                0x000000000000e718       0x36 contiki-srf06-cc26xx.a(uip-ds6.o)
                0x000000000000e718                get_match_length
 .text.uip_ds6_route_next
                0x000000000000e74e        0x8 contiki-srf06-cc26xx.a(uip-ds6-route.o)
                0x000000000000e74e                uip_ds6_route_next
 .text.rm_routelist_callback
                0x000000000000e756        0x4 contiki-srf06-cc26xx.a(uip-ds6-route.o)
 .text.chksum   0x000000000000e75a       0x38 contiki-srf06-cc26xx.a(uip6.o)
 .text.uip_icmp6chksum
                0x000000000000e792        0x6 contiki-srf06-cc26xx.a(uip6.o)
                0x000000000000e792                uip_icmp6chksum
 .text.uip_tcpchksum
                0x000000000000e798        0x6 contiki-srf06-cc26xx.a(uip6.o)
                0x000000000000e798                uip_tcpchksum
 .text.uip_udpchksum
                0x000000000000e79e        0x6 contiki-srf06-cc26xx.a(uip6.o)
                0x000000000000e79e                uip_udpchksum
 .text.uip_htonl
                0x000000000000e7a4       0x14 contiki-srf06-cc26xx.a(uip6.o)
                0x000000000000e7a4                uip_htonl
 .text.uip_ds6_nbr_ipaddr_from_lladdr
                0x000000000000e7b8        0x4 contiki-srf06-cc26xx.a(uip-ds6-nbr.o)
                0x000000000000e7b8                uip_ds6_nbr_ipaddr_from_lladdr
 .text.uip_ds6_nbr_lladdr_from_ipaddr
                0x000000000000e7bc       0x12 contiki-srf06-cc26xx.a(uip-ds6-nbr.o)
                0x000000000000e7bc                uip_ds6_nbr_lladdr_from_ipaddr
 .text.lollipop_greater_than
                0x000000000000e7ce       0x34 contiki-srf06-cc26xx.a(rpl-dag.o)
 .text.check_prefix
                0x000000000000e802       0x58 contiki-srf06-cc26xx.a(rpl-dag.o)
 .text.rpl_rank_via_parent
                0x000000000000e85a       0x1e contiki-srf06-cc26xx.a(rpl-dag.o)
                0x000000000000e85a                rpl_rank_via_parent
 .text.rpl_get_parent_ipaddr
                0x000000000000e878        0xe contiki-srf06-cc26xx.a(rpl-dag.o)
                0x000000000000e878                rpl_get_parent_ipaddr
 .text.rpl_get_parent_link_stats
                0x000000000000e886        0xe contiki-srf06-cc26xx.a(rpl-dag.o)
                0x000000000000e886                rpl_get_parent_link_stats
 .text.rpl_parent_is_fresh
                0x000000000000e894        0xe contiki-srf06-cc26xx.a(rpl-dag.o)
                0x000000000000e894                rpl_parent_is_fresh
 .text.rpl_parent_is_reachable
                0x000000000000e8a2       0x36 contiki-srf06-cc26xx.a(rpl-dag.o)
                0x000000000000e8a2                rpl_parent_is_reachable
 .text.rpl_set_prefix
                0x000000000000e8d8       0x6e contiki-srf06-cc26xx.a(rpl-dag.o)
                0x000000000000e8d8                rpl_set_prefix
 .text.rpl_set_default_route
                0x000000000000e946       0x30 contiki-srf06-cc26xx.a(rpl-dag.o)
                0x000000000000e946                rpl_set_default_route
 .text.rpl_find_parent
                0x000000000000e976       0x16 contiki-srf06-cc26xx.a(rpl-dag.o)
                0x000000000000e976                rpl_find_parent
 .text.rpl_find_parent_any_dag
                0x000000000000e98c       0x24 contiki-srf06-cc26xx.a(rpl-dag.o)
                0x000000000000e98c                rpl_find_parent_any_dag
 .text.rpl_select_parent
                0x000000000000e9b0       0x4a contiki-srf06-cc26xx.a(rpl-dag.o)
                0x000000000000e9b0                rpl_select_parent
 .text.rpl_select_dag
                0x000000000000e9fa      0x15c contiki-srf06-cc26xx.a(rpl-dag.o)
                0x000000000000e9fa                rpl_select_dag
 .text.rpl_nullify_parent
                0x000000000000eb56       0x54 contiki-srf06-cc26xx.a(rpl-dag.o)
                0x000000000000eb56                rpl_nullify_parent
 .text.nbr_callback
                0x000000000000ebaa        0x4 contiki-srf06-cc26xx.a(rpl-dag.o)
 .text.rpl_free_dag
                0x000000000000ebae       0x3a contiki-srf06-cc26xx.a(rpl-dag.o)
                0x000000000000ebae                rpl_free_dag
 .text.rpl_move_parent
                0x000000000000ebe8       0x54 contiki-srf06-cc26xx.a(rpl-dag.o)
                0x000000000000ebe8                rpl_move_parent
 .text.rpl_repair_root
                0x000000000000ec3c       0x48 contiki-srf06-cc26xx.a(rpl-dag.o)
                0x000000000000ec3c                rpl_repair_root
 .text.rpl_alloc_dag
                0x000000000000ec84       0x48 contiki-srf06-cc26xx.a(rpl-dag.o)
                0x000000000000ec84                rpl_alloc_dag
 .text.rpl_process_parent_event
                0x000000000000eccc       0x96 contiki-srf06-cc26xx.a(rpl-dag.o)
                0x000000000000eccc                rpl_process_parent_event
 .text.rpl_add_dag
                0x000000000000ed62      0x10a contiki-srf06-cc26xx.a(rpl-dag.o)
                0x000000000000ed62                rpl_add_dag
 .text.rpl_process_dio
                0x000000000000ee6c      0x2e8 contiki-srf06-cc26xx.a(rpl-dag.o)
                0x000000000000ee6c                rpl_process_dio
 .text.handle_unicast_dio_timer
                0x000000000000f154       0x1c contiki-srf06-cc26xx.a(rpl-timers.o)
 .text.rpl_reset_dio_timer
                0x000000000000f170       0x1c contiki-srf06-cc26xx.a(rpl-timers.o)
                0x000000000000f170                rpl_reset_dio_timer
 .text.rpl_schedule_dao
                0x000000000000f18c        0x8 contiki-srf06-cc26xx.a(rpl-timers.o)
                0x000000000000f18c                rpl_schedule_dao
 .text.get_probing_delay
                0x000000000000f194       0x3a contiki-srf06-cc26xx.a(rpl-timers.o)
                0x000000000000f194                get_probing_delay
 .text.handle_probing_timer
                0x000000000000f1ce       0x32 contiki-srf06-cc26xx.a(rpl-timers.o)
 .text.rpl_remove_routes
                0x000000000000f200       0x1e contiki-srf06-cc26xx.a(rpl.o)
                0x000000000000f200                rpl_remove_routes
 .text.rpl_remove_routes_by_nexthop
                0x000000000000f21e       0x30 contiki-srf06-cc26xx.a(rpl.o)
                0x000000000000f21e                rpl_remove_routes_by_nexthop
 .text.reset    0x000000000000f24e        0x2 contiki-srf06-cc26xx.a(rpl-mrhof.o)
 .text.update_metric_container
                0x000000000000f250        0x6 contiki-srf06-cc26xx.a(rpl-mrhof.o)
 .text.parent_link_metric
                0x000000000000f256       0x12 contiki-srf06-cc26xx.a(rpl-mrhof.o)
 .text.parent_has_usable_link
                0x000000000000f268       0x12 contiki-srf06-cc26xx.a(rpl-mrhof.o)
 .text.best_dag
                0x000000000000f27a       0x2a contiki-srf06-cc26xx.a(rpl-mrhof.o)
 .text.parent_path_cost
                0x000000000000f2a4       0x30 contiki-srf06-cc26xx.a(rpl-mrhof.o)
 .text.parent_is_acceptable
                0x000000000000f2d4       0x26 contiki-srf06-cc26xx.a(rpl-mrhof.o)
 .text.rank_via_parent
                0x000000000000f2fa       0x34 contiki-srf06-cc26xx.a(rpl-mrhof.o)
 .text.best_parent
                0x000000000000f32e       0x66 contiki-srf06-cc26xx.a(rpl-mrhof.o)
 .text.get32    0x000000000000f394       0x18 contiki-srf06-cc26xx.a(rpl-icmp6.o)
 .text.set32    0x000000000000f3ac       0x12 contiki-srf06-cc26xx.a(rpl-icmp6.o)
 .text.get16    0x000000000000f3be        0xc contiki-srf06-cc26xx.a(rpl-icmp6.o)
 .text.set16    0x000000000000f3ca        0xa contiki-srf06-cc26xx.a(rpl-icmp6.o)
 .text.rpl_icmp6_update_nbr_table
                0x000000000000f3d4       0x2e contiki-srf06-cc26xx.a(rpl-icmp6.o)
                0x000000000000f3d4                rpl_icmp6_update_nbr_table
 .text.NOROM_DDI32RegWrite
                0x000000000000f402        0x8 contiki-srf06-cc26xx.a(ddi.o)
                0x000000000000f402                NOROM_DDI32RegWrite
 .text.NOROM_DDI16BitfieldWrite
                0x000000000000f40a       0x2c contiki-srf06-cc26xx.a(ddi.o)
                0x000000000000f40a                NOROM_DDI16BitfieldWrite
 .text.NOROM_CPUcpsid
                0x000000000000f436        0x8 contiki-srf06-cc26xx.a(cpu.o)
                0x000000000000f436                NOROM_CPUcpsid
 .text.NOROM_CPUcpsie
                0x000000000000f43e        0x8 contiki-srf06-cc26xx.a(cpu.o)
                0x000000000000f43e                NOROM_CPUcpsie
 .text.NOROM_CPUdelay
                0x000000000000f446        0x8 contiki-srf06-cc26xx.a(cpu.o)
                0x000000000000f446                NOROM_CPUdelay
 .text.NOROM_ThisCodeIsBuiltForCC26xxHwRev22AndLater_HaltIfViolated
                0x000000000000f44e       0x14 contiki-srf06-cc26xx.a(chipinfo.o)
                0x000000000000f44e                NOROM_ThisCodeIsBuiltForCC26xxHwRev22AndLater_HaltIfViolated
 .text.queuebuf_update_attr_from_packetbuf
                0x000000000000f462        0xc contiki-srf06-cc26xx.a(queuebuf.o)
                0x000000000000f462                queuebuf_update_attr_from_packetbuf
 .text.queuebuf_update_from_packetbuf
                0x000000000000f46e       0x1c contiki-srf06-cc26xx.a(queuebuf.o)
                0x000000000000f46e                queuebuf_update_from_packetbuf
 .text.queuebuf_attr
                0x000000000000f48a        0xc contiki-srf06-cc26xx.a(queuebuf.o)
                0x000000000000f48a                queuebuf_attr
 .text.nbr_set_bit
                0x000000000000f496       0x34 contiki-srf06-cc26xx.a(nbr-table.o)
 .text.item_from_key