Archive member included to satisfy reference by file (symbol)

contiki-srf06-cc26xx.a(contiki-main.o)
                              obj_srf06-cc26xx/startup_gcc.o (main)
contiki-srf06-cc26xx.a(sensors.o)
                              contiki-srf06-cc26xx.a(contiki-main.o) (sensors_process)
contiki-srf06-cc26xx.a(leds.o)
                              contiki-srf06-cc26xx.a(contiki-main.o) (leds_init)
contiki-srf06-cc26xx.a(leds-arch.o)
                              contiki-srf06-cc26xx.a(leds.o) (leds_arch_init)
contiki-srf06-cc26xx.a(sensortag-senso)
                              contiki-srf06-cc26xx.a(sensors.o) (sensors_flags)
contiki-srf06-cc26xx.a(bmp-280-sensor.)
                              contiki-srf06-cc26xx.a(sensortag-senso) (bmp_280_sensor)
contiki-srf06-cc26xx.a(tmp-007-sensor.)
                              contiki-srf06-cc26xx.a(sensortag-senso) (tmp_007_sensor)
contiki-srf06-cc26xx.a(opt-3001-sensor)
                              contiki-srf06-cc26xx.a(sensortag-senso) (opt_3001_sensor)
contiki-srf06-cc26xx.a(hdc-1000-sensor)
                              contiki-srf06-cc26xx.a(sensortag-senso) (hdc_1000_sensor)
contiki-srf06-cc26xx.a(mpu-9250-sensor)
                              contiki-srf06-cc26xx.a(sensortag-senso) (mpu_9250_sensor)
contiki-srf06-cc26xx.a(button-sensor.o)
                              contiki-srf06-cc26xx.a(sensortag-senso) (button_right_sensor)
contiki-srf06-cc26xx.a(reed-relay.o)
                              contiki-srf06-cc26xx.a(sensortag-senso) (reed_relay_sensor)
contiki-srf06-cc26xx.a(board.o)
                              contiki-srf06-cc26xx.a(contiki-main.o) (board_init)
contiki-srf06-cc26xx.a(board-i2c.o)
                              contiki-srf06-cc26xx.a(board.o) (board_i2c_wakeup)
contiki-srf06-cc26xx.a(clock.o)
                              contiki-srf06-cc26xx.a(contiki-main.o) (clock_init)
contiki-srf06-cc26xx.a(rtimer-arch.o)
                              udp-server.co (rtimer_arch_now)
contiki-srf06-cc26xx.a(soc-rtc.o)
                              contiki-srf06-cc26xx.a(contiki-main.o) (soc_rtc_init)
contiki-srf06-cc26xx.a(contiki-watchdo)
                              contiki-srf06-cc26xx.a(contiki-main.o) (watchdog_init)
contiki-srf06-cc26xx.a(putchar.o)
                              contiki-srf06-cc26xx.a(contiki-main.o) (putchar)
contiki-srf06-cc26xx.a(ieee-addr.o)
                              contiki-srf06-cc26xx.a(contiki-main.o) (ieee_addr_cpy_to)
contiki-srf06-cc26xx.a(cc26xx-uart.o)
                              contiki-srf06-cc26xx.a(contiki-main.o) (cc26xx_uart_init)
contiki-srf06-cc26xx.a(lpm.o)
                              contiki-srf06-cc26xx.a(button-sensor.o) (lpm_shutdown)
contiki-srf06-cc26xx.a(gpio-interrupt.)
                              contiki-srf06-cc26xx.a(button-sensor.o) (gpio_interrupt_register_handler)
contiki-srf06-cc26xx.a(oscillators.o)
                              contiki-srf06-cc26xx.a(contiki-main.o) (oscillators_select_lf_xosc)
contiki-srf06-cc26xx.a(ieee-mode.o)
                              contiki-srf06-cc26xx.a(contiki-main.o) (ieee_mode_driver)
contiki-srf06-cc26xx.a(random.o)
                              contiki-srf06-cc26xx.a(contiki-main.o) (random_init)
contiki-srf06-cc26xx.a(soc-trng.o)
                              contiki-srf06-cc26xx.a(random.o) (soc_trng_rand_synchronous)
contiki-srf06-cc26xx.a(dbg-printf.o)
                              udp-server.co (printf)
contiki-srf06-cc26xx.a(dbg-sprintf.o)
                              udp-server.co (sprintf)
contiki-srf06-cc26xx.a(strformat.o)
                              contiki-srf06-cc26xx.a(dbg-printf.o) (format_str_v)
contiki-srf06-cc26xx.a(ctimer.o)
                              contiki-srf06-cc26xx.a(contiki-main.o) (ctimer_init)
contiki-srf06-cc26xx.a(autostart.o)
                              contiki-srf06-cc26xx.a(contiki-main.o) (autostart_start)
contiki-srf06-cc26xx.a(energest.o)
                              contiki-srf06-cc26xx.a(contiki-main.o) (energest_init)
contiki-srf06-cc26xx.a(etimer.o)
                              contiki-srf06-cc26xx.a(clock.o) (etimer_request_poll)
contiki-srf06-cc26xx.a(process.o)
                              contiki-srf06-cc26xx.a(sensors.o) (process_alloc_event)
contiki-srf06-cc26xx.a(rtimer.o)
                              contiki-srf06-cc26xx.a(contiki-main.o) (rtimer_init)
contiki-srf06-cc26xx.a(timer.o)
                              contiki-srf06-cc26xx.a(button-sensor.o) (timer_set)
contiki-srf06-cc26xx.a(serial-line.o)
                              contiki-srf06-cc26xx.a(contiki-main.o) (serial_line_init)
contiki-srf06-cc26xx.a(list.o)
                              contiki-srf06-cc26xx.a(lpm.o) (list_init)
contiki-srf06-cc26xx.a(ringbuf.o)
                              contiki-srf06-cc26xx.a(serial-line.o) (ringbuf_init)
contiki-srf06-cc26xx.a(uip-ds6.o)
                              udp-server.co (uip_ds6_if)
contiki-srf06-cc26xx.a(uip-ds6-route.o)
[...]
Memory Configuration

Name             Origin             Length             Attributes
FLASH            0x0000000000000000 0x000000000001ffa8 xr
FLASH_CCFG       0x000000000001ffa8 0x0000000000000058 xr
SRAM             0x0000000020000000 0x0000000000005000 xrw
GPRAM            0x0000000011000000 0x0000000000002000 xrw
*default*        0x0000000000000000 0xffffffffffffffff

Linker script and memory map

LOAD obj_srf06-cc26xx/fault-handlers.o
LOAD obj_srf06-cc26xx/ccfg.o
LOAD obj_srf06-cc26xx/startup_gcc.o
LOAD udp-server.co
LOAD contiki-srf06-cc26xx.a
LOAD /usr/lib/gcc/arm-none-eabi/4.8/../../../arm-none-eabi/lib/armv7-m/libm.a
START GROUP
LOAD /usr/lib/gcc/arm-none-eabi/4.8/armv7-m/libgcc.a
LOAD /usr/lib/gcc/arm-none-eabi/4.8/../../../arm-none-eabi/lib/armv7-m/libc.a
END GROUP
                0x0000000020005000                _estack = (ORIGIN (SRAM) + 0x5000)
                0x0000000000000000                _Min_Heap_Size = 0x0
                0x0000000000000100                _Min_Stack_Size = 0x100

.text           0x0000000000000000    0x129c0
                0x0000000000000000                _text = .
 *(SORT(.vectors))
 .vectors       0x0000000000000000       0xc8 obj_srf06-cc26xx/startup_gcc.o
                0x0000000000000000                g_pfnVectors
 *(SORT(.text*))
 .text.value    0x00000000000000c8       0xa8 contiki-srf06-cc26xx.a(opt-3001-sensor)
 .text.value    0x0000000000000170       0xa0 contiki-srf06-cc26xx.a(hdc-1000-sensor)
 .text.value    0x0000000000000210      0x1b8 contiki-srf06-cc26xx.a(mpu-9250-sensor)
 .text.__ieee754_pow
                0x00000000000003c8      0xab8 /usr/lib/gcc/arm-none-eabi/4.8/../../../arm-none-eabi/lib/armv7-m/libm.a(lib_a-e_pow.o)
                0x00000000000003c8                __ieee754_pow
 .text.scalbn   0x0000000000000e80      0x100 /usr/lib/gcc/arm-none-eabi/4.8/../../../arm-none-eabi/lib/armv7-m/libm.a(lib_a-s_scalbn.o)
                0x0000000000000e80                scalbn
 .text.FaultISR
                0x0000000000000f80       0x18 obj_srf06-cc26xx/fault-handlers.o
                0x0000000000000f80                FaultISR
 .text.NmiSRHandler
                0x0000000000000f98        0x4 obj_srf06-cc26xx/startup_gcc.o
                0x0000000000000f98                NmiSR
 .text.IntDefaultHandler
                0x0000000000000f9c        0x4 obj_srf06-cc26xx/startup_gcc.o
                0x0000000000000f9c                SSI0IntHandler
                0x0000000000000f9c                SWEvent0IntHandler
                0x0000000000000f9c                uDMAIntHandler
                0x0000000000000f9c                WatchdogIntHandler
                0x0000000000000f9c                RFCHardwareIntHandler
                0x0000000000000f9c                Timer1BIntHandler
                0x0000000000000f9c                I2SIntHandler
                0x0000000000000f9c                Timer2BIntHandler
                0x0000000000000f9c                Timer2AIntHandler
                0x0000000000000f9c                Timer1AIntHandler
                0x0000000000000f9c                AONIntHandler
                0x0000000000000f9c                AUXSWEvent0IntHandler
                0x0000000000000f9c                AUXADCIntHandler
                0x0000000000000f9c                PendSVIntHandler
                0x0000000000000f9c                AUXSWEvent1IntHandler
                0x0000000000000f9c                SVCallIntHandler
                0x0000000000000f9c                MPUFaultIntHandler
                0x0000000000000f9c                SysTickIntHandler
                0x0000000000000f9c                BusFaultIntHandler
                0x0000000000000f9c                AONProgIntHandler
                0x0000000000000f9c                AUXCompAIntHandler
                0x0000000000000f9c                SSI1IntHandler
                0x0000000000000f9c                FlashIntHandler
                0x0000000000000f9c                uDMAErrIntHandler
                0x0000000000000f9c                UsageFaultIntHandler
                0x0000000000000f9c                RFCCmdAckIntHandler
                0x0000000000000f9c                CryptoIntHandler
                0x0000000000000f9c                Timer0AIntHandler
                0x0000000000000f9c                I2CIntHandler
                0x0000000000000f9c                DebugMonIntHandler
                0x0000000000000f9c                Timer0BIntHandler
                0x0000000000000f9c                AUXCombEventIntHandler
                0x0000000000000f9c                Timer3AIntHandler
                0x0000000000000f9c                DynProgIntHandler
                0x0000000000000f9c                Timer3BIntHandler
 .text.ResetISR
                0x0000000000000fa0       0x58 obj_srf06-cc26xx/startup_gcc.o
                0x0000000000000fa0                ResetISR
 .text.process_thread_udp_server_process
                0x0000000000000ff8      0x174 udp-server.co
 .text.timeout_handler
                0x000000000000116c       0x5c udp-server.co
 .text.fade     0x00000000000011c8       0x64 contiki-srf06-cc26xx.a(contiki-main.o)
 .text.startup.main
                0x000000000000122c      0x254 contiki-srf06-cc26xx.a(contiki-main.o)
                0x000000000000122c                main
 .text.process_thread_sensors_process
                0x0000000000001480       0xf0 contiki-srf06-cc26xx.a(sensors.o)
 .text.sensors_changed
                0x0000000000001570       0x4c contiki-srf06-cc26xx.a(sensors.o)
                0x0000000000001570                sensors_changed
 .text.leds_init
                0x00000000000015bc       0x14 contiki-srf06-cc26xx.a(leds.o)
                0x00000000000015bc                leds_init
 .text.leds_on  0x00000000000015d0       0x14 contiki-srf06-cc26xx.a(leds.o)
                0x00000000000015d0                leds_on
 .text.leds_off
                0x00000000000015e4       0x14 contiki-srf06-cc26xx.a(leds.o)
                0x00000000000015e4                leds_off
 .text.leds_toggle
                0x00000000000015f8       0x14 contiki-srf06-cc26xx.a(leds.o)
                0x00000000000015f8                leds_toggle
 .text.leds_arch_init
                0x000000000000160c       0x34 contiki-srf06-cc26xx.a(leds-arch.o)
                0x000000000000160c                leds_arch_init
 .text.leds_arch_set
                0x0000000000001640       0x34 contiki-srf06-cc26xx.a(leds-arch.o)
                0x0000000000001640                leds_arch_set
 .text.status   0x0000000000001674       0x14 contiki-srf06-cc26xx.a(bmp-280-sensor.)
 .text.notify_ready
                0x0000000000001688       0x14 contiki-srf06-cc26xx.a(bmp-280-sensor.)
 .text.enable_sensor
                0x000000000000169c       0x2c contiki-srf06-cc26xx.a(bmp-280-sensor.)
 .text.configure
                0x00000000000016c8       0x94 contiki-srf06-cc26xx.a(bmp-280-sensor.)
 .text.value    0x000000000000175c      0x164 contiki-srf06-cc26xx.a(bmp-280-sensor.)
 .text.status   0x00000000000018c0       0x14 contiki-srf06-cc26xx.a(tmp-007-sensor.)
 .text.notify_ready
                0x00000000000018d4       0x14 contiki-srf06-cc26xx.a(tmp-007-sensor.)
 .text.enable_sensor
                0x00000000000018e8       0x2c contiki-srf06-cc26xx.a(tmp-007-sensor.)
 .text.configure
                0x0000000000001914       0x94 contiki-srf06-cc26xx.a(tmp-007-sensor.)
 .text.value    0x00000000000019a8       0xec contiki-srf06-cc26xx.a(tmp-007-sensor.)
 .text.status   0x0000000000001a94        0xc contiki-srf06-cc26xx.a(opt-3001-sensor)
 .text.enable_sensor
                0x0000000000001aa0       0x44 contiki-srf06-cc26xx.a(opt-3001-sensor)
 .text.notify_ready
                0x0000000000001ae4       0x54 contiki-srf06-cc26xx.a(opt-3001-sensor)
 .text.configure
                0x0000000000001b38       0x4c contiki-srf06-cc26xx.a(opt-3001-sensor)
 .text.status   0x0000000000001b84       0x14 contiki-srf06-cc26xx.a(hdc-1000-sensor)
 .text.notify_ready
                0x0000000000001b98       0x60 contiki-srf06-cc26xx.a(hdc-1000-sensor)
 .text.configure
                0x0000000000001bf8       0xb8 contiki-srf06-cc26xx.a(hdc-1000-sensor)
 .text.acc_convert
                0x0000000000001cb0       0x70 contiki-srf06-cc26xx.a(mpu-9250-sensor)
 .text.status   0x0000000000001d20       0x14 contiki-srf06-cc26xx.a(mpu-9250-sensor)
 .text.notify_ready
                0x0000000000001d34       0x14 contiki-srf06-cc26xx.a(mpu-9250-sensor)
 .text.sensor_sleep
                0x0000000000001d48       0x38 contiki-srf06-cc26xx.a(mpu-9250-sensor)
 .text.configure
                0x0000000000001d80       0xdc contiki-srf06-cc26xx.a(mpu-9250-sensor)
 .text.int_status
                0x0000000000001e5c       0x28 contiki-srf06-cc26xx.a(mpu-9250-sensor)
 .text.initialise
                0x0000000000001e84       0xf4 contiki-srf06-cc26xx.a(mpu-9250-sensor)
 .text.status.part.0
                0x0000000000001f78       0x14 contiki-srf06-cc26xx.a(button-sensor.o)
 .text.value_left
                0x0000000000001f8c       0x24 contiki-srf06-cc26xx.a(button-sensor.o)
 .text.value_right
                0x0000000000001fb0       0x18 contiki-srf06-cc26xx.a(button-sensor.o)
 .text.status_left
                0x0000000000001fc8       0x10 contiki-srf06-cc26xx.a(button-sensor.o)
 .text.status_right
                0x0000000000001fd8       0x10 contiki-srf06-cc26xx.a(button-sensor.o)
 .text.config_buttons
                0x0000000000001fe8       0x80 contiki-srf06-cc26xx.a(button-sensor.o)
 .text.config_left
                0x0000000000002068        0xc contiki-srf06-cc26xx.a(button-sensor.o)
 .text.config_right
                0x0000000000002074        0xc contiki-srf06-cc26xx.a(button-sensor.o)
 .text.button_press_handler
                0x0000000000002080       0x64 contiki-srf06-cc26xx.a(button-sensor.o)
 .text.value    0x00000000000020e4       0x10 contiki-srf06-cc26xx.a(reed-relay.o)
 .text.status   0x00000000000020f4       0x20 contiki-srf06-cc26xx.a(reed-relay.o)
 .text.configure
                0x0000000000002114       0x6c contiki-srf06-cc26xx.a(reed-relay.o)
 .text.reed_interrupt_handler
                0x0000000000002180       0x28 contiki-srf06-cc26xx.a(reed-relay.o)
 .text.power_domains_on
                0x00000000000021a8       0x20 contiki-srf06-cc26xx.a(board.o)
 .text.lpm_wakeup_handler
                0x00000000000021c8        0x4 contiki-srf06-cc26xx.a(board.o)
 .text.shutdown_handler
                0x00000000000021cc       0x6c contiki-srf06-cc26xx.a(board.o)
 .text.board_init
                0x0000000000002238      0x118 contiki-srf06-cc26xx.a(board.o)
                0x0000000000002238                board_init
 .text.i2c_status
                0x0000000000002350       0x38 contiki-srf06-cc26xx.a(board-i2c.o)
 .text.accessible
                0x0000000000002388       0x24 contiki-srf06-cc26xx.a(board-i2c.o)
 .text.board_i2c_wakeup
                0x00000000000023ac       0x5c contiki-srf06-cc26xx.a(board-i2c.o)
                0x00000000000023ac                board_i2c_wakeup
 .text.board_i2c_shutdown
                0x0000000000002408       0xa4 contiki-srf06-cc26xx.a(board-i2c.o)
                0x0000000000002408                board_i2c_shutdown
 .text.board_i2c_write
                0x00000000000024ac       0xd0 contiki-srf06-cc26xx.a(board-i2c.o)
                0x00000000000024ac                board_i2c_write
 .text.board_i2c_write_single
                0x000000000000257c       0x44 contiki-srf06-cc26xx.a(board-i2c.o)
                0x000000000000257c                board_i2c_write_single
 .text.board_i2c_read
                0x00000000000025c0       0xb4 contiki-srf06-cc26xx.a(board-i2c.o)
                0x00000000000025c0                board_i2c_read
 .text.board_i2c_write_read
                0x0000000000002674      0x12c contiki-srf06-cc26xx.a(board-i2c.o)
                0x0000000000002674                board_i2c_write_read
 .text.board_i2c_select
                0x00000000000027a0       0xd0 contiki-srf06-cc26xx.a(board-i2c.o)
                0x00000000000027a0                board_i2c_select
 .text.power_domain_on
                0x0000000000002870       0x20 contiki-srf06-cc26xx.a(clock.o)
 .text.clock_init
                0x0000000000002890       0x98 contiki-srf06-cc26xx.a(clock.o)
                0x0000000000002890                clock_init
 .text.clock_time
                0x0000000000002928       0x34 contiki-srf06-cc26xx.a(clock.o)
                0x0000000000002928                clock_time
 .text.clock_update
                0x000000000000295c       0x3c contiki-srf06-cc26xx.a(clock.o)
                0x000000000000295c                clock_update
 .text.clock_seconds
                0x0000000000002998       0x18 contiki-srf06-cc26xx.a(clock.o)
                0x0000000000002998                clock_seconds
 .text.rtimer_arch_init
                0x00000000000029b0        0x4 contiki-srf06-cc26xx.a(rtimer-arch.o)
                0x00000000000029b0                rtimer_arch_init
 .text.rtimer_arch_schedule
                0x00000000000029b4        0x8 contiki-srf06-cc26xx.a(rtimer-arch.o)
                0x00000000000029b4                rtimer_arch_schedule
 .text.rtimer_arch_now
                0x00000000000029bc        0x4 contiki-srf06-cc26xx.a(rtimer-arch.o)
                0x00000000000029bc                rtimer_arch_now
 .text.soc_rtc_init
                0x00000000000029c0       0xa0 contiki-srf06-cc26xx.a(soc-rtc.o)
                0x00000000000029c0                soc_rtc_init
 .text.soc_rtc_schedule_one_shot
                0x0000000000002a60       0x70 contiki-srf06-cc26xx.a(soc-rtc.o)
                0x0000000000002a60                soc_rtc_schedule_one_shot
 .text.soc_rtc_last_isr_time
                0x0000000000002ad0        0xc contiki-srf06-cc26xx.a(soc-rtc.o)
                0x0000000000002ad0                soc_rtc_last_isr_time
 .text.AONRTCIntHandler
                0x0000000000002adc       0x88 contiki-srf06-cc26xx.a(soc-rtc.o)
                0x0000000000002adc                AONRTCIntHandler
 .text.lock_config
                0x0000000000002b64       0x18 contiki-srf06-cc26xx.a(contiki-watchdo)
 .text.unlock_config
                0x0000000000002b7c       0x2c contiki-srf06-cc26xx.a(contiki-watchdo)
 .text.watchdog_init
                0x0000000000002ba8       0x1c contiki-srf06-cc26xx.a(contiki-watchdo)
                0x0000000000002ba8                watchdog_init
 .text.watchdog_start
                0x0000000000002bc4       0x30 contiki-srf06-cc26xx.a(contiki-watchdo)
                0x0000000000002bc4                watchdog_start
 .text.watchdog_periodic
                0x0000000000002bf4       0x1c contiki-srf06-cc26xx.a(contiki-watchdo)
                0x0000000000002bf4                watchdog_periodic
 .text.putchar  0x0000000000002c10       0x10 contiki-srf06-cc26xx.a(putchar.o)
                0x0000000000002c10                putchar
 .text.puts     0x0000000000002c20       0x2c contiki-srf06-cc26xx.a(putchar.o)
                0x0000000000002c20                puts
 .text.dbg_send_bytes
                0x0000000000002c4c       0x40 contiki-srf06-cc26xx.a(putchar.o)
                0x0000000000002c4c                dbg_send_bytes
 .text.ieee_addr_cpy_to
                0x0000000000002c8c       0x44 contiki-srf06-cc26xx.a(ieee-addr.o)
                0x0000000000002c8c                ieee_addr_cpy_to
 .text.power_and_clock
                0x0000000000002cd0       0x40 contiki-srf06-cc26xx.a(cc26xx-uart.o)
 .text.enable   0x0000000000002d10       0xec contiki-srf06-cc26xx.a(cc26xx-uart.o)
 .text.accessible
                0x0000000000002dfc       0x24 contiki-srf06-cc26xx.a(cc26xx-uart.o)
 .text.lpm_drop_handler
                0x0000000000002e20       0xcc contiki-srf06-cc26xx.a(cc26xx-uart.o)
 .text.cc26xx_uart_init
                0x0000000000002eec       0x28 contiki-srf06-cc26xx.a(cc26xx-uart.o)
                0x0000000000002eec                cc26xx_uart_init
 .text.cc26xx_uart_write_byte
                0x0000000000002f14       0x24 contiki-srf06-cc26xx.a(cc26xx-uart.o)
                0x0000000000002f14                cc26xx_uart_write_byte
 .text.cc26xx_uart_busy
                0x0000000000002f38       0x18 contiki-srf06-cc26xx.a(cc26xx-uart.o)
                0x0000000000002f38                cc26xx_uart_busy
 .text.UART0IntHandler
                0x0000000000002f50       0x54 contiki-srf06-cc26xx.a(cc26xx-uart.o)
                0x0000000000002f50                UART0IntHandler
 .text.lpm_shutdown
                0x0000000000002fa4      0x194 contiki-srf06-cc26xx.a(lpm.o)
                0x0000000000002fa4                lpm_shutdown
 .text.lpm_sleep
                0x0000000000003138       0x14 contiki-srf06-cc26xx.a(lpm.o)
                0x0000000000003138                lpm_sleep
 .text.lpm_drop
                0x000000000000314c      0x29c contiki-srf06-cc26xx.a(lpm.o)
                0x000000000000314c                lpm_drop
 .text.lpm_register_module
                0x00000000000033e8        0xc contiki-srf06-cc26xx.a(lpm.o)
                0x00000000000033e8                lpm_register_module
 .text.lpm_unregister_module
                0x00000000000033f4        0xc contiki-srf06-cc26xx.a(lpm.o)
                0x00000000000033f4                lpm_unregister_module
 .text.lpm_init
                0x0000000000003400       0x20 contiki-srf06-cc26xx.a(lpm.o)
                0x0000000000003400                lpm_init
 .text.lpm_pin_set_default_state
                0x0000000000003420       0x2c contiki-srf06-cc26xx.a(lpm.o)
                0x0000000000003420                lpm_pin_set_default_state
 .text.gpio_interrupt_register_handler
                0x000000000000344c       0x2c contiki-srf06-cc26xx.a(gpio-interrupt.)
                0x000000000000344c                gpio_interrupt_register_handler
 .text.gpio_interrupt_init
                0x0000000000003478       0x28 contiki-srf06-cc26xx.a(gpio-interrupt.)
                0x0000000000003478                gpio_interrupt_init
 .text.GPIOIntHandler
                0x00000000000034a0       0x30 contiki-srf06-cc26xx.a(gpio-interrupt.)
                0x00000000000034a0                GPIOIntHandler
 .text.oscillators_select_lf_xosc
                0x00000000000034d0       0x50 contiki-srf06-cc26xx.a(oscillators.o)
                0x00000000000034d0                oscillators_select_lf_xosc
 .text.oscillators_select_lf_rcosc
                0x0000000000003520       0x3c contiki-srf06-cc26xx.a(oscillators.o)
                0x0000000000003520                oscillators_select_lf_rcosc
 .text.oscillators_request_hf_xosc
                0x000000000000355c       0x30 contiki-srf06-cc26xx.a(oscillators.o)
                0x000000000000355c                oscillators_request_hf_xosc
 .text.oscillators_switch_to_hf_xosc
                0x000000000000358c       0x34 contiki-srf06-cc26xx.a(oscillators.o)
                0x000000000000358c                oscillators_switch_to_hf_xosc
 .text.oscillators_switch_to_hf_rc
                0x00000000000035c0       0x38 contiki-srf06-cc26xx.a(oscillators.o)
                0x00000000000035c0                oscillators_switch_to_hf_rc
 .text.request  0x00000000000035f8       0x20 contiki-srf06-cc26xx.a(ieee-mode.o)
 .text.rx_on    0x0000000000003618       0x5c contiki-srf06-cc26xx.a(ieee-mode.o)
 .text.prepare  0x0000000000003674       0x1c contiki-srf06-cc26xx.a(ieee-mode.o)
 .text.check_rat_overflow
                0x0000000000003690       0x74 contiki-srf06-cc26xx.a(ieee-mode.o)
 .text.rf_radio_setup
                0x0000000000003704       0x70 contiki-srf06-cc26xx.a(ieee-mode.o)
 .text.soft_on  0x0000000000003774       0x18 contiki-srf06-cc26xx.a(ieee-mode.o)
 .text.pending_packet
                0x000000000000378c       0x48 contiki-srf06-cc26xx.a(ieee-mode.o)
 .text.soft_off
                0x00000000000037d4       0x3c contiki-srf06-cc26xx.a(ieee-mode.o)
 .text.get_object
                0x0000000000003810       0x4c contiki-srf06-cc26xx.a(ieee-mode.o)
 .text.transmitting
                0x000000000000385c       0x48 contiki-srf06-cc26xx.a(ieee-mode.o)
 .text.rx_off   0x00000000000038a4       0x58 contiki-srf06-cc26xx.a(ieee-mode.o)
 .text.off      0x00000000000038fc       0x68 contiki-srf06-cc26xx.a(ieee-mode.o)
 .text.get_cca_info
                0x0000000000003964       0x44 contiki-srf06-cc26xx.a(ieee-mode.o)
 .text.set_object
                0x00000000000039a8       0x54 contiki-srf06-cc26xx.a(ieee-mode.o)
 .text.receiving_packet
                0x00000000000039fc       0x34 contiki-srf06-cc26xx.a(ieee-mode.o)
 .text.on       0x0000000000003a30       0xac contiki-srf06-cc26xx.a(ieee-mode.o)
 .text.set_value
                0x0000000000003adc      0x178 contiki-srf06-cc26xx.a(ieee-mode.o)
 .text.get_value
                0x0000000000003c54      0x160 contiki-srf06-cc26xx.a(ieee-mode.o)
 .text.transmit
                0x0000000000003db4       0xec contiki-srf06-cc26xx.a(ieee-mode.o)
 .text.send     0x0000000000003ea0       0x24 contiki-srf06-cc26xx.a(ieee-mode.o)
 .text.channel_clear
                0x0000000000003ec4       0x5c contiki-srf06-cc26xx.a(ieee-mode.o)
 .text.read_frame
                0x0000000000003f20      0x170 contiki-srf06-cc26xx.a(ieee-mode.o)
 .text.handle_rat_overflow
                0x0000000000004090       0x48 contiki-srf06-cc26xx.a(ieee-mode.o)
 .text.init     0x00000000000040d8      0x118 contiki-srf06-cc26xx.a(ieee-mode.o)
 .text.random_rand
                0x00000000000041f0        0xc contiki-srf06-cc26xx.a(random.o)
                0x00000000000041f0                random_rand
 .text.random_init
                0x00000000000041fc        0x4 contiki-srf06-cc26xx.a(random.o)
                0x00000000000041fc                random_init
 .text.power_up
                0x0000000000004200       0x40 contiki-srf06-cc26xx.a(soc-trng.o)
 .text.request  0x0000000000004240       0x14 contiki-srf06-cc26xx.a(soc-trng.o)
 .text.process_thread_soc_trng_process
                0x0000000000004254       0xa0 contiki-srf06-cc26xx.a(soc-trng.o)
 .text.accessible
                0x00000000000042f4       0x24 contiki-srf06-cc26xx.a(soc-trng.o)
 .text.soc_trng_rand_synchronous
                0x0000000000004318       0xc0 contiki-srf06-cc26xx.a(soc-trng.o)
                0x0000000000004318                soc_trng_rand_synchronous
 .text.TRNGIntHandler
                0x00000000000043d8       0x50 contiki-srf06-cc26xx.a(soc-trng.o)
                0x00000000000043d8                TRNGIntHandler
 .text.soc_trng_init
                0x0000000000004428       0x28 contiki-srf06-cc26xx.a(soc-trng.o)
                0x0000000000004428                soc_trng_init
 .text.write_str
                0x0000000000004450       0x10 contiki-srf06-cc26xx.a(dbg-printf.o)
 .text.printf   0x0000000000004460       0x24 contiki-srf06-cc26xx.a(dbg-printf.o)
                0x0000000000004460                printf
 .text.buffer_str
                0x0000000000004484       0x18 contiki-srf06-cc26xx.a(dbg-sprintf.o)
 .text.sprintf  0x000000000000449c       0x34 contiki-srf06-cc26xx.a(dbg-sprintf.o)
                0x000000000000449c                sprintf
 .text.fill_space
                0x00000000000044d0       0x30 contiki-srf06-cc26xx.a(strformat.o)
 .text.format_str_v
                0x0000000000004500      0x8a8 contiki-srf06-cc26xx.a(strformat.o)
                0x0000000000004500                format_str_v
 .text.process_thread_ctimer_process
                0x0000000000004da8       0x94 contiki-srf06-cc26xx.a(ctimer.o)
 .text.ctimer_init
                0x0000000000004e3c       0x28 contiki-srf06-cc26xx.a(ctimer.o)
                0x0000000000004e3c                ctimer_init
 .text.ctimer_set_with_process
                0x0000000000004e64       0x4c contiki-srf06-cc26xx.a(ctimer.o)
                0x0000000000004e64                ctimer_set_with_process
 .text.ctimer_set
                0x0000000000004eb0       0x18 contiki-srf06-cc26xx.a(ctimer.o)
                0x0000000000004eb0                ctimer_set
 .text.ctimer_reset
                0x0000000000004ec8       0x38 contiki-srf06-cc26xx.a(ctimer.o)
                0x0000000000004ec8                ctimer_reset
 .text.ctimer_restart
                0x0000000000004f00       0x38 contiki-srf06-cc26xx.a(ctimer.o)
                0x0000000000004f00                ctimer_restart
 .text.ctimer_stop
                0x0000000000004f38       0x34 contiki-srf06-cc26xx.a(ctimer.o)
                0x0000000000004f38                ctimer_stop
 .text.autostart_start
                0x0000000000004f6c       0x18 contiki-srf06-cc26xx.a(autostart.o)
                0x0000000000004f6c                autostart_start
 .text.energest_init
                0x0000000000004f84        0x4 contiki-srf06-cc26xx.a(energest.o)
                0x0000000000004f84                energest_init
 .text.update_time
                0x0000000000004f88       0x44 contiki-srf06-cc26xx.a(etimer.o)
 .text.process_thread_etimer_process
                0x0000000000004fcc       0xc8 contiki-srf06-cc26xx.a(etimer.o)
 .text.add_timer
                0x0000000000005094       0x54 contiki-srf06-cc26xx.a(etimer.o)
 .text.etimer_request_poll
                0x00000000000050e8        0xc contiki-srf06-cc26xx.a(etimer.o)
                0x00000000000050e8                etimer_request_poll
 .text.etimer_set
                0x00000000000050f4       0x14 contiki-srf06-cc26xx.a(etimer.o)
                0x00000000000050f4                etimer_set
 .text.etimer_reset
                0x0000000000005108       0x14 contiki-srf06-cc26xx.a(etimer.o)
                0x0000000000005108                etimer_reset
 .text.etimer_restart
                0x000000000000511c       0x14 contiki-srf06-cc26xx.a(etimer.o)
                0x000000000000511c                etimer_restart
 .text.etimer_expired
                0x0000000000005130        0xc contiki-srf06-cc26xx.a(etimer.o)
                0x0000000000005130                etimer_expired
 .text.etimer_expiration_time
                0x000000000000513c        0x8 contiki-srf06-cc26xx.a(etimer.o)
                0x000000000000513c                etimer_expiration_time
 .text.etimer_pending
                0x0000000000005144       0x10 contiki-srf06-cc26xx.a(etimer.o)
                0x0000000000005144                etimer_pending
 .text.etimer_next_expiration_time
                0x0000000000005154       0x14 contiki-srf06-cc26xx.a(etimer.o)
                0x0000000000005154                etimer_next_expiration_time
 .text.etimer_stop
                0x0000000000005168       0x4c contiki-srf06-cc26xx.a(etimer.o)
                0x0000000000005168                etimer_stop
 .text.exit_process
                0x00000000000051b4       0xb0 contiki-srf06-cc26xx.a(process.o)
 .text.call_process.part.0
                0x0000000000005264       0x38 contiki-srf06-cc26xx.a(process.o)
 .text.do_poll  0x000000000000529c       0x3c contiki-srf06-cc26xx.a(process.o)
 .text.process_alloc_event
                0x00000000000052d8       0x10 contiki-srf06-cc26xx.a(process.o)
                0x00000000000052d8                process_alloc_event
 .text.process_exit
                0x00000000000052e8        0xc contiki-srf06-cc26xx.a(process.o)
                0x00000000000052e8                process_exit
 .text.process_init
                0x00000000000052f4       0x34 contiki-srf06-cc26xx.a(process.o)
                0x00000000000052f4                process_init
 .text.process_run
                0x0000000000005328       0xb0 contiki-srf06-cc26xx.a(process.o)
                0x0000000000005328                process_run
 .text.process_nevents
                0x00000000000053d8       0x14 contiki-srf06-cc26xx.a(process.o)
                0x00000000000053d8                process_nevents
 .text.process_post
                0x00000000000053ec       0x44 contiki-srf06-cc26xx.a(process.o)
                0x00000000000053ec                process_post
 .text.process_post_synch
                0x0000000000005430       0x18 contiki-srf06-cc26xx.a(process.o)
                0x0000000000005430                process_post_synch
 .text.process_start
                0x0000000000005448       0x40 contiki-srf06-cc26xx.a(process.o)
                0x0000000000005448                process_start
 .text.process_poll
                0x0000000000005488       0x18 contiki-srf06-cc26xx.a(process.o)
                0x0000000000005488                process_poll
 .text.rtimer_init
                0x00000000000054a0        0x4 contiki-srf06-cc26xx.a(rtimer.o)
                0x00000000000054a0                rtimer_init
 .text.rtimer_set
                0x00000000000054a4       0x28 contiki-srf06-cc26xx.a(rtimer.o)
                0x00000000000054a4                rtimer_set
 .text.rtimer_run_next
                0x00000000000054cc       0x28 contiki-srf06-cc26xx.a(rtimer.o)
                0x00000000000054cc                rtimer_run_next
 .text.timer_set
                0x00000000000054f4       0x10 contiki-srf06-cc26xx.a(timer.o)
                0x00000000000054f4                timer_set
 .text.timer_reset
                0x0000000000005504        0xc contiki-srf06-cc26xx.a(timer.o)
                0x0000000000005504                timer_reset
 .text.timer_restart
                0x0000000000005510        0xc contiki-srf06-cc26xx.a(timer.o)
                0x0000000000005510                timer_restart
 .text.timer_expired
                0x000000000000551c       0x1c contiki-srf06-cc26xx.a(timer.o)
                0x000000000000551c                timer_expired
 .text.process_thread_serial_line_process
                0x0000000000005538       0xac contiki-srf06-cc26xx.a(serial-line.o)
 .text.serial_line_init
                0x00000000000055e4       0x24 contiki-srf06-cc26xx.a(serial-line.o)
                0x00000000000055e4                serial_line_init
 .text.list_init
                0x0000000000005608        0x8 contiki-srf06-cc26xx.a(list.o)
                0x0000000000005608                list_init
 .text.list_head
                0x0000000000005610        0x4 contiki-srf06-cc26xx.a(list.o)
                0x0000000000005610                list_head
 .text.list_add
                0x0000000000005614       0x60 contiki-srf06-cc26xx.a(list.o)
                0x0000000000005614                list_add
 .text.list_push
                0x0000000000005674       0x48 contiki-srf06-cc26xx.a(list.o)
                0x0000000000005674                list_push
 .text.list_remove
                0x00000000000056bc       0x40 contiki-srf06-cc26xx.a(list.o)
                0x00000000000056bc                list_remove
 .text.list_length
                0x00000000000056fc       0x14 contiki-srf06-cc26xx.a(list.o)
                0x00000000000056fc                list_length
 .text.list_item_next
                0x0000000000005710        0x8 contiki-srf06-cc26xx.a(list.o)
                0x0000000000005710                list_item_next
 .text.ringbuf_init
                0x0000000000005718       0x10 contiki-srf06-cc26xx.a(ringbuf.o)
                0x0000000000005718                ringbuf_init
 .text.ringbuf_get
                0x0000000000005728       0x28 contiki-srf06-cc26xx.a(ringbuf.o)
                0x0000000000005728                ringbuf_get
 .text.uip_ds6_list_loop
                0x0000000000005750       0x68 contiki-srf06-cc26xx.a(uip-ds6.o)
                0x0000000000005750                uip_ds6_list_loop
 .text.uip_ds6_prefix_add
                0x00000000000057b8       0x70 contiki-srf06-cc26xx.a(uip-ds6.o)
                0x00000000000057b8                uip_ds6_prefix_add
 .text.uip_ds6_is_addr_onlink
                0x0000000000005828       0x48 contiki-srf06-cc26xx.a(uip-ds6.o)
                0x0000000000005828                uip_ds6_is_addr_onlink
 .text.uip_ds6_addr_lookup
                0x0000000000005870       0x30 contiki-srf06-cc26xx.a(uip-ds6.o)
                0x0000000000005870                uip_ds6_addr_lookup
 .text.uip_ds6_get_link_local
                0x00000000000058a0       0x4c contiki-srf06-cc26xx.a(uip-ds6.o)
                0x00000000000058a0                uip_ds6_get_link_local
 .text.uip_ds6_maddr_add
                0x00000000000058ec       0x50 contiki-srf06-cc26xx.a(uip-ds6.o)
                0x00000000000058ec                uip_ds6_maddr_add
 .text.uip_ds6_addr_add
                0x000000000000593c       0xac contiki-srf06-cc26xx.a(uip-ds6.o)
                0x000000000000593c                uip_ds6_addr_add
 .text.uip_ds6_maddr_lookup
                0x00000000000059e8       0x30 contiki-srf06-cc26xx.a(uip-ds6.o)
                0x00000000000059e8                uip_ds6_maddr_lookup
 .text.uip_ds6_addr_rm
                0x0000000000005a18       0x48 contiki-srf06-cc26xx.a(uip-ds6.o)
                0x0000000000005a18                uip_ds6_addr_rm
 .text.uip_ds6_periodic
                0x0000000000005a60       0x5c contiki-srf06-cc26xx.a(uip-ds6.o)
                0x0000000000005a60                uip_ds6_periodic
 .text.uip_ds6_select_src
                0x0000000000005abc       0xfc contiki-srf06-cc26xx.a(uip-ds6.o)
                0x0000000000005abc                uip_ds6_select_src
 .text.uip_ds6_set_addr_iid
                0x0000000000005bb8       0x14 contiki-srf06-cc26xx.a(uip-ds6.o)
                0x0000000000005bb8                uip_ds6_set_addr_iid
 .text.uip_ds6_compute_reachable_time
                0x0000000000005bcc       0x28 contiki-srf06-cc26xx.a(uip-ds6.o)
                0x0000000000005bcc                uip_ds6_compute_reachable_time
 .text.uip_ds6_init
                0x0000000000005bf4       0xf0 contiki-srf06-cc26xx.a(uip-ds6.o)
                0x0000000000005bf4                uip_ds6_init
 .text.call_route_callback
                0x0000000000005ce4       0x50 contiki-srf06-cc26xx.a(uip-ds6-route.o)
 .text.uip_ds6_route_init
                0x0000000000005d34       0x4c contiki-srf06-cc26xx.a(uip-ds6-route.o)
                0x0000000000005d34                uip_ds6_route_init
 .text.uip_ds6_route_nexthop
                0x0000000000005d80       0x1c contiki-srf06-cc26xx.a(uip-ds6-route.o)
                0x0000000000005d80                uip_ds6_route_nexthop
 .text.uip_ds6_route_head
                0x0000000000005d9c        0xc contiki-srf06-cc26xx.a(uip-ds6-route.o)
                0x0000000000005d9c                uip_ds6_route_head
 .text.uip_ds6_route_next
                0x0000000000005da8        0x8 contiki-srf06-cc26xx.a(uip-ds6-route.o)
                0x0000000000005da8                uip_ds6_route_next
 .text.uip_ds6_route_is_nexthop
                0x0000000000005db0       0x20 contiki-srf06-cc26xx.a(uip-ds6-route.o)
                0x0000000000005db0                uip_ds6_route_is_nexthop
 .text.uip_ds6_route_lookup
                0x0000000000005dd0       0x74 contiki-srf06-cc26xx.a(uip-ds6-route.o)
                0x0000000000005dd0                uip_ds6_route_lookup
 .text.uip_ds6_route_rm
                0x0000000000005e44       0xac contiki-srf06-cc26xx.a(uip-ds6-route.o)
                0x0000000000005e44                uip_ds6_route_rm
 .text.rm_routelist
                0x0000000000005ef0       0x30 contiki-srf06-cc26xx.a(uip-ds6-route.o)
 .text.rm_routelist_callback
                0x0000000000005f20        0x4 contiki-srf06-cc26xx.a(uip-ds6-route.o)
 .text.uip_ds6_route_add
                0x0000000000005f24      0x12c contiki-srf06-cc26xx.a(uip-ds6-route.o)
                0x0000000000005f24                uip_ds6_route_add
 .text.uip_ds6_defrt_rm
                0x0000000000006050       0x48 contiki-srf06-cc26xx.a(uip-ds6-route.o)
                0x0000000000006050                uip_ds6_defrt_rm
 .text.uip_ds6_defrt_lookup
                0x0000000000006098       0x34 contiki-srf06-cc26xx.a(uip-ds6-route.o)
                0x0000000000006098                uip_ds6_defrt_lookup
 .text.uip_ds6_defrt_add
                0x00000000000060cc       0x5c contiki-srf06-cc26xx.a(uip-ds6-route.o)
                0x00000000000060cc                uip_ds6_defrt_add
 .text.uip_ds6_defrt_choose
                0x0000000000006128       0x34 contiki-srf06-cc26xx.a(uip-ds6-route.o)
                0x0000000000006128                uip_ds6_defrt_choose
 .text.uip_ds6_defrt_periodic
                0x000000000000615c       0x3c contiki-srf06-cc26xx.a(uip-ds6-route.o)
                0x000000000000615c                uip_ds6_defrt_periodic
 .text.chksum   0x0000000000006198       0x50 contiki-srf06-cc26xx.a(uip6.o)
 .text.upper_layer_chksum
                0x00000000000061e8       0x58 contiki-srf06-cc26xx.a(uip6.o)
 .text.ext_hdr_options_process
                0x0000000000006240       0xc4 contiki-srf06-cc26xx.a(uip6.o)
 .text.uip_add32
                0x0000000000006304       0x58 contiki-srf06-cc26xx.a(uip6.o)
                0x0000000000006304                uip_add32
 .text.unlikely.uip_add_rcv_nxt
                0x000000000000635c       0x2c contiki-srf06-cc26xx.a(uip6.o)
 .text.uip_icmp6chksum
                0x0000000000006388        0x8 contiki-srf06-cc26xx.a(uip6.o)
                0x0000000000006388                uip_icmp6chksum
 .text.uip_init
                0x0000000000006390       0x5c contiki-srf06-cc26xx.a(uip6.o)
                0x0000000000006390                uip_init
 .text.remove_ext_hdr
                0x00000000000063ec       0x60 contiki-srf06-cc26xx.a(uip6.o)
                0x00000000000063ec                remove_ext_hdr
 .text.uip_udp_new
                0x000000000000644c       0x8c contiki-srf06-cc26xx.a(uip6.o)
                0x000000000000644c                uip_udp_new
 .text.uip_unlisten
                0x00000000000064d8       0x28 contiki-srf06-cc26xx.a(uip6.o)
                0x00000000000064d8                uip_unlisten
 .text.uip_process
                0x0000000000006500     0x1020 contiki-srf06-cc26xx.a(uip6.o)
                0x0000000000006500                uip_process
 .text.uip_htons
                0x0000000000007520        0x8 contiki-srf06-cc26xx.a(uip6.o)
                0x0000000000007520                uip_htons
 .text.uip_htonl
                0x0000000000007528       0x14 contiki-srf06-cc26xx.a(uip6.o)
                0x0000000000007528                uip_htonl
 .text.uip_ds6_nbr_rm
                0x000000000000753c       0x20 contiki-srf06-cc26xx.a(uip-ds6-nbr.o)
                0x000000000000753c                uip_ds6_nbr_rm
 .text.uip_ds6_neighbors_init
                0x000000000000755c       0x1c contiki-srf06-cc26xx.a(uip-ds6-nbr.o)
                0x000000000000755c                uip_ds6_neighbors_init
 .text.uip_ds6_nbr_add
                0x0000000000007578       0x38 contiki-srf06-cc26xx.a(uip-ds6-nbr.o)
                0x0000000000007578                uip_ds6_nbr_add
 .text.uip_ds6_nbr_get_ll
                0x00000000000075b0       0x10 contiki-srf06-cc26xx.a(uip-ds6-nbr.o)
                0x00000000000075b0                uip_ds6_nbr_get_ll
 .text.uip_ds6_nbr_lookup
                0x00000000000075c0       0x3c contiki-srf06-cc26xx.a(uip-ds6-nbr.o)
                0x00000000000075c0                uip_ds6_nbr_lookup
 .text.uip_ds6_nbr_ipaddr_from_lladdr
                0x00000000000075fc       0x10 contiki-srf06-cc26xx.a(uip-ds6-nbr.o)
                0x00000000000075fc                uip_ds6_nbr_ipaddr_from_lladdr
 .text.uip_ds6_nbr_lladdr_from_ipaddr
                0x000000000000760c       0x1c contiki-srf06-cc26xx.a(uip-ds6-nbr.o)
                0x000000000000760c                uip_ds6_nbr_lladdr_from_ipaddr
 .text.uip_ds6_link_neighbor_callback
                0x0000000000007628       0x34 contiki-srf06-cc26xx.a(uip-ds6-nbr.o)
                0x0000000000007628                uip_ds6_link_neighbor_callback
 .text.ns_input
                0x000000000000765c      0x2a0 contiki-srf06-cc26xx.a(uip-nd6.o)
 .text.uip_nd6_init
                0x00000000000078fc        0xc contiki-srf06-cc26xx.a(uip-nd6.o)
                0x00000000000078fc                uip_nd6_init
 .text.sicslowpan_init
                0x0000000000007908       0x24 contiki-srf06-cc26xx.a(sicslowpan.o)
                0x0000000000007908                sicslowpan_init
 .text.compress_addr_64
                0x000000000000792c       0x9c contiki-srf06-cc26xx.a(sicslowpan.o)
 .text.set_packet_attrs
                0x00000000000079c8       0x4c contiki-srf06-cc26xx.a(sicslowpan.o)
 .text.addr_context_lookup_by_prefix
                0x0000000000007a14       0x28 contiki-srf06-cc26xx.a(sicslowpan.o)
 .text.send_packet
                0x0000000000007a3c       0x24 contiki-srf06-cc26xx.a(sicslowpan.o)
 .text.packet_sent
                0x0000000000007a60       0x28 contiki-srf06-cc26xx.a(sicslowpan.o)
 .text.store_fragment
                0x0000000000007a88       0x6c contiki-srf06-cc26xx.a(sicslowpan.o)
 .text.add_fragment
                0x0000000000007af4      0x1b4 contiki-srf06-cc26xx.a(sicslowpan.o)
 .text.uncompress_addr
                0x0000000000007ca8       0x8c contiki-srf06-cc26xx.a(sicslowpan.o)
 .text.input    0x0000000000007d34      0x6dc contiki-srf06-cc26xx.a(sicslowpan.o)
 .text.output   0x0000000000008410      0x748 contiki-srf06-cc26xx.a(sicslowpan.o)
 .text.uip_udp_packet_send
                0x0000000000008b58       0x40 contiki-srf06-cc26xx.a(uip-udp-packet.)
                0x0000000000008b58                uip_udp_packet_send
 .text.uip_udp_packet_sendto
                0x0000000000008b98       0x4c contiki-srf06-cc26xx.a(uip-udp-packet.)
                0x0000000000008b98                uip_udp_packet_sendto
 .text.start_periodic_tcp_timer
                0x0000000000008be4       0x1c contiki-srf06-cc26xx.a(tcpip.o)
 .text.tcpip_set_outputfunc
                0x0000000000008c00        0xc contiki-srf06-cc26xx.a(tcpip.o)
                0x0000000000008c00                tcpip_set_outputfunc
 .text.udp_new  0x0000000000008c0c       0x18 contiki-srf06-cc26xx.a(tcpip.o)
                0x0000000000008c0c                udp_new
 .text.tcpip_icmp6_call
                0x0000000000008c24       0x28 contiki-srf06-cc26xx.a(tcpip.o)
                0x0000000000008c24                tcpip_icmp6_call
 .text.tcpip_input
                0x0000000000008c4c       0x24 contiki-srf06-cc26xx.a(tcpip.o)
                0x0000000000008c4c                tcpip_input
 .text.tcpip_ipv6_output
                0x0000000000008c70       0xbc contiki-srf06-cc26xx.a(tcpip.o)
                0x0000000000008c70                tcpip_ipv6_output
 .text.process_thread_tcpip_process
                0x0000000000008d2c      0x1c8 contiki-srf06-cc26xx.a(tcpip.o)
 .text.tcpip_poll_udp
                0x0000000000008ef4       0x10 contiki-srf06-cc26xx.a(tcpip.o)
                0x0000000000008ef4                tcpip_poll_udp
 .text.tcpip_uipcall
                0x0000000000008f04       0x70 contiki-srf06-cc26xx.a(tcpip.o)
                0x0000000000008f04                tcpip_uipcall
 .text.dns_name_isequal
                0x0000000000008f74       0xc0 contiki-srf06-cc26xx.a(resolv.o)
 .text.encode_name
                0x0000000000009034       0x68 contiki-srf06-cc26xx.a(resolv.o)
 .text.mdns_write_announce_records
                0x000000000000909c       0x9c contiki-srf06-cc26xx.a(resolv.o)
 .text.mdns_prep_host_announce_packet
                0x0000000000009138       0xa4 contiki-srf06-cc26xx.a(resolv.o)
 .text.remove_trailing_dots
                0x00000000000091dc       0x50 contiki-srf06-cc26xx.a(resolv.o)
 .text.resolv_found
                0x000000000000922c       0xf8 contiki-srf06-cc26xx.a(resolv.o)
 .text.resolv_set_hostname
                0x0000000000009324       0x68 contiki-srf06-cc26xx.a(resolv.o)
                0x0000000000009324                resolv_set_hostname
 .text.process_thread_resolv_process
                0x000000000000938c      0x7ec contiki-srf06-cc26xx.a(resolv.o)
 .text.resolv_query
                0x0000000000009b78      0x14c contiki-srf06-cc26xx.a(resolv.o)
                0x0000000000009b78                resolv_query
 .text.process_thread_mdns_probe_process
                0x0000000000009cc4       0xac contiki-srf06-cc26xx.a(resolv.o)
 .text.uip_nameserver_get
                0x0000000000009d70       0x10 contiki-srf06-cc26xx.a(uip-nameserver.)
                0x0000000000009d70                uip_nameserver_get
 .text.uip_debug_ipaddr_print
                0x0000000000009d80       0xb4 contiki-srf06-cc26xx.a(uip-debug.o)
                0x0000000000009d80                uip_debug_ipaddr_print
 .text.lollipop_greater_than
                0x0000000000009e34       0x3c contiki-srf06-cc26xx.a(rpl-dag.o)
 .text.rpl_set_preferred_parent
                0x0000000000009e70       0x28 contiki-srf06-cc26xx.a(rpl-dag.o)
 .text.set_ip_from_prefix
                0x0000000000009e98       0x2c contiki-srf06-cc26xx.a(rpl-dag.o)
 .text.check_prefix
                0x0000000000009ec4       0x60 contiki-srf06-cc26xx.a(rpl-dag.o)
 .text.find_parent_any_dag_any_instance
                0x0000000000009f24       0x1c contiki-srf06-cc26xx.a(rpl-dag.o)
 .text.rpl_dag_init
                0x0000000000009f40       0x14 contiki-srf06-cc26xx.a(rpl-dag.o)
                0x0000000000009f40                rpl_dag_init
 .text.rpl_get_parent
                0x0000000000009f54       0x10 contiki-srf06-cc26xx.a(rpl-dag.o)
                0x0000000000009f54                rpl_get_parent
 .text.rpl_rank_via_parent
                0x0000000000009f64       0x20 contiki-srf06-cc26xx.a(rpl-dag.o)
                0x0000000000009f64                rpl_rank_via_parent
 .text.rpl_get_parent_ipaddr
                0x0000000000009f84       0x18 contiki-srf06-cc26xx.a(rpl-dag.o)
                0x0000000000009f84                rpl_get_parent_ipaddr
 .text.rpl_get_parent_link_stats
                0x0000000000009f9c       0x18 contiki-srf06-cc26xx.a(rpl-dag.o)
                0x0000000000009f9c                rpl_get_parent_link_stats
 .text.best_parent
                0x0000000000009fb4       0x84 contiki-srf06-cc26xx.a(rpl-dag.o)
 .text.rpl_parent_is_fresh
                0x000000000000a038       0x10 contiki-srf06-cc26xx.a(rpl-dag.o)
                0x000000000000a038                rpl_parent_is_fresh
 .text.rpl_parent_is_reachable
                0x000000000000a048       0x40 contiki-srf06-cc26xx.a(rpl-dag.o)
                0x000000000000a048                rpl_parent_is_reachable
 .text.rpl_repair_root
                0x000000000000a088       0x5c contiki-srf06-cc26xx.a(rpl-dag.o)
                0x000000000000a088                rpl_repair_root
 .text.rpl_set_prefix
                0x000000000000a0e4       0x98 contiki-srf06-cc26xx.a(rpl-dag.o)
                0x000000000000a0e4                rpl_set_prefix
 .text.rpl_set_default_route
                0x000000000000a17c       0x30 contiki-srf06-cc26xx.a(rpl-dag.o)
                0x000000000000a17c                rpl_set_default_route
 .text.rpl_alloc_instance
                0x000000000000a1ac       0x34 contiki-srf06-cc26xx.a(rpl-dag.o)
                0x000000000000a1ac                rpl_alloc_instance
 .text.rpl_alloc_dag
                0x000000000000a1e0       0x5c contiki-srf06-cc26xx.a(rpl-dag.o)
                0x000000000000a1e0                rpl_alloc_dag
 .text.rpl_add_parent
                0x000000000000a23c       0x30 contiki-srf06-cc26xx.a(rpl-dag.o)
                0x000000000000a23c                rpl_add_parent
 .text.rpl_find_parent
                0x000000000000a26c       0x18 contiki-srf06-cc26xx.a(rpl-dag.o)
                0x000000000000a26c                rpl_find_parent
 .text.rpl_find_parent_any_dag
                0x000000000000a284       0x24 contiki-srf06-cc26xx.a(rpl-dag.o)
                0x000000000000a284                rpl_find_parent_any_dag
 .text.rpl_select_parent
                0x000000000000a2a8       0x58 contiki-srf06-cc26xx.a(rpl-dag.o)
                0x000000000000a2a8                rpl_select_parent
 .text.rpl_select_dag
                0x000000000000a300      0x184 contiki-srf06-cc26xx.a(rpl-dag.o)
                0x000000000000a300                rpl_select_dag
 .text.rpl_nullify_parent
                0x000000000000a484       0x58 contiki-srf06-cc26xx.a(rpl-dag.o)
                0x000000000000a484                rpl_nullify_parent
 .text.rpl_remove_parent
                0x000000000000a4dc       0x1c contiki-srf06-cc26xx.a(rpl-dag.o)
                0x000000000000a4dc                rpl_remove_parent
 .text.nbr_callback
                0x000000000000a4f8        0x4 contiki-srf06-cc26xx.a(rpl-dag.o)
 .text.remove_parents.constprop.4
                0x000000000000a4fc       0x44 contiki-srf06-cc26xx.a(rpl-dag.o)
 .text.rpl_free_dag
                0x000000000000a540       0x3c contiki-srf06-cc26xx.a(rpl-dag.o)
                0x000000000000a540                rpl_free_dag
 .text.rpl_move_parent
                0x000000000000a57c       0x58 contiki-srf06-cc26xx.a(rpl-dag.o)
                0x000000000000a57c                rpl_move_parent
 .text.rpl_get_any_dag
                0x000000000000a5d4       0x18 contiki-srf06-cc26xx.a(rpl-dag.o)
                0x000000000000a5d4                rpl_get_any_dag
 .text.rpl_get_instance
                0x000000000000a5ec       0x20 contiki-srf06-cc26xx.a(rpl-dag.o)
                0x000000000000a5ec                rpl_get_instance
 .text.rpl_join_instance
                0x000000000000a60c      0x168 contiki-srf06-cc26xx.a(rpl-dag.o)
                0x000000000000a60c                rpl_join_instance
 .text.rpl_local_repair
                0x000000000000a774       0x88 contiki-srf06-cc26xx.a(rpl-dag.o)
                0x000000000000a774                rpl_local_repair
 .text.rpl_process_parent_event
                0x000000000000a7fc       0x9c contiki-srf06-cc26xx.a(rpl-dag.o)
                0x000000000000a7fc                rpl_process_parent_event
 .text.rpl_add_dag
                0x000000000000a898      0x14c contiki-srf06-cc26xx.a(rpl-dag.o)
                0x000000000000a898                rpl_add_dag
 .text.rpl_recalculate_ranks
                0x000000000000a9e4       0x44 contiki-srf06-cc26xx.a(rpl-dag.o)
                0x000000000000a9e4                rpl_recalculate_ranks
 .text.rpl_process_dio
                0x000000000000aa28      0x348 contiki-srf06-cc26xx.a(rpl-dag.o)
                0x000000000000aa28                rpl_process_dio
 .text.new_dio_interval
                0x000000000000ad70       0x64 contiki-srf06-cc26xx.a(rpl-timers.o)
 .text.handle_periodic_timer
                0x000000000000add4       0x58 contiki-srf06-cc26xx.a(rpl-timers.o)
 .text.set_dao_lifetime_timer
                0x000000000000ae2c       0x48 contiki-srf06-cc26xx.a(rpl-timers.o)
 .text.handle_unicast_dio_timer
                0x000000000000ae74       0x1c contiki-srf06-cc26xx.a(rpl-timers.o)
 .text.handle_dio_timer
                0x000000000000ae90       0x8c contiki-srf06-cc26xx.a(rpl-timers.o)
 .text.schedule_dao
                0x000000000000af1c       0x54 contiki-srf06-cc26xx.a(rpl-timers.o)
 .text.handle_dao_timer
                0x000000000000af70       0x5c contiki-srf06-cc26xx.a(rpl-timers.o)
 .text.rpl_reset_periodic_timer
                0x000000000000afcc       0x3c contiki-srf06-cc26xx.a(rpl-timers.o)
                0x000000000000afcc                rpl_reset_periodic_timer
 .text.rpl_reset_dio_timer
                0x000000000000b008       0x1c contiki-srf06-cc26xx.a(rpl-timers.o)
                0x000000000000b008                rpl_reset_dio_timer
 .text.rpl_schedule_dao
                0x000000000000b024        0x8 contiki-srf06-cc26xx.a(rpl-timers.o)
                0x000000000000b024                rpl_schedule_dao
 .text.rpl_schedule_unicast_dio_immediately
                0x000000000000b02c       0x14 contiki-srf06-cc26xx.a(rpl-timers.o)
                0x000000000000b02c                rpl_schedule_unicast_dio_immediately
 .text.get_probing_delay
                0x000000000000b040       0x4c contiki-srf06-cc26xx.a(rpl-timers.o)
                0x000000000000b040                get_probing_delay
 .text.get_probing_target
                0x000000000000b08c       0xe0 contiki-srf06-cc26xx.a(rpl-timers.o)
                0x000000000000b08c                get_probing_target
 .text.rpl_schedule_probing
                0x000000000000b16c       0x20 contiki-srf06-cc26xx.a(rpl-timers.o)
                0x000000000000b16c                rpl_schedule_probing
 .text.handle_probing_timer
                0x000000000000b18c       0x34 contiki-srf06-cc26xx.a(rpl-timers.o)
 .text.update_hbh_header
                0x000000000000b1c0       0xcc contiki-srf06-cc26xx.a(rpl-ext-header.)
 .text.insert_hbh_header.isra.0
                0x000000000000b28c       0xb4 contiki-srf06-cc26xx.a(rpl-ext-header.)
 .text.rpl_verify_hbh_header
                0x000000000000b340       0xf0 contiki-srf06-cc26xx.a(rpl-ext-header.)
                0x000000000000b340                rpl_verify_hbh_header
 .text.rpl_remove_header
                0x000000000000b430       0x7c contiki-srf06-cc26xx.a(rpl-ext-header.)
                0x000000000000b430                rpl_remove_header
 .text.rpl_update_header
                0x000000000000b4ac       0x68 contiki-srf06-cc26xx.a(rpl-ext-header.)
                0x000000000000b4ac                rpl_update_header
 .text.rpl_get_mode
                0x000000000000b514        0xc contiki-srf06-cc26xx.a(rpl.o)
                0x000000000000b514                rpl_get_mode
 .text.rpl_purge_routes
                0x000000000000b520       0xa8 contiki-srf06-cc26xx.a(rpl.o)
                0x000000000000b520                rpl_purge_routes
 .text.rpl_remove_routes
                0x000000000000b5c8       0x2c contiki-srf06-cc26xx.a(rpl.o)
                0x000000000000b5c8                rpl_remove_routes
 .text.rpl_remove_routes_by_nexthop
                0x000000000000b5f4       0x38 contiki-srf06-cc26xx.a(rpl.o)
                0x000000000000b5f4                rpl_remove_routes_by_nexthop
 .text.rpl_add_route
                0x000000000000b62c       0x7c contiki-srf06-cc26xx.a(rpl.o)
                0x000000000000b62c                rpl_add_route
 .text.rpl_link_neighbor_callback
                0x000000000000b6a8       0x64 contiki-srf06-cc26xx.a(rpl.o)
                0x000000000000b6a8                rpl_link_neighbor_callback
 .text.rpl_ipv6_neighbor_callback
                0x000000000000b70c       0x58 contiki-srf06-cc26xx.a(rpl.o)
                0x000000000000b70c                rpl_ipv6_neighbor_callback
 .text.rpl_purge_dags
                0x000000000000b764       0x58 contiki-srf06-cc26xx.a(rpl.o)
                0x000000000000b764                rpl_purge_dags
 .text.rpl_init
                0x000000000000b7bc       0x58 contiki-srf06-cc26xx.a(rpl.o)
                0x000000000000b7bc                rpl_init
 .text.reset    0x000000000000b814        0x4 contiki-srf06-cc26xx.a(rpl-mrhof.o)
 .text.update_metric_container
                0x000000000000b818        0x8 contiki-srf06-cc26xx.a(rpl-mrhof.o)
 .text.parent_link_metric
                0x000000000000b820       0x14 contiki-srf06-cc26xx.a(rpl-mrhof.o)
 .text.parent_has_usable_link
                0x000000000000b834       0x18 contiki-srf06-cc26xx.a(rpl-mrhof.o)
 .text.best_dag
                0x000000000000b84c       0x2c contiki-srf06-cc26xx.a(rpl-mrhof.o)
 .text.parent_path_cost
                0x000000000000b878       0x44 contiki-srf06-cc26xx.a(rpl-mrhof.o)
 .text.parent_is_acceptable
                0x000000000000b8bc       0x30 contiki-srf06-cc26xx.a(rpl-mrhof.o)
 .text.rank_via_parent
                0x000000000000b8ec       0x34 contiki-srf06-cc26xx.a(rpl-mrhof.o)
 .text.best_parent
                0x000000000000b920       0x68 contiki-srf06-cc26xx.a(rpl-mrhof.o)
 .text.get32    0x000000000000b988       0x18 contiki-srf06-cc26xx.a(rpl-icmp6.o)
 .text.dao_ack_input
                0x000000000000b9a0       0x14 contiki-srf06-cc26xx.a(rpl-icmp6.o)
 .text.dao_output_target_seq
                0x000000000000b9b4      0x118 contiki-srf06-cc26xx.a(rpl-icmp6.o)
 .text.dio_input
                0x000000000000bacc      0x29c contiki-srf06-cc26xx.a(rpl-icmp6.o)
 .text.rpl_icmp6_update_nbr_table
                0x000000000000bd68       0x38 contiki-srf06-cc26xx.a(rpl-icmp6.o)
                0x000000000000bd68                rpl_icmp6_update_nbr_table
 .text.dao_input
                0x000000000000bda0      0x304 contiki-srf06-cc26xx.a(rpl-icmp6.o)
 .text.dis_output
                0x000000000000c0a4       0x58 contiki-srf06-cc26xx.a(rpl-icmp6.o)
                0x000000000000c0a4                dis_output
 .text.dio_output
                0x000000000000c0fc      0x308 contiki-srf06-cc26xx.a(rpl-icmp6.o)
                0x000000000000c0fc                dio_output
 .text.dis_input
                0x000000000000c404       0x54 contiki-srf06-cc26xx.a(rpl-icmp6.o)
 .text.dao_output
                0x000000000000c458       0x9c contiki-srf06-cc26xx.a(rpl-icmp6.o)
                0x000000000000c458                dao_output
 .text.dao_output_target
                0x000000000000c4f4        0xc contiki-srf06-cc26xx.a(rpl-icmp6.o)
                0x000000000000c4f4                dao_output_target
 .text.rpl_icmp6_register_handlers
                0x000000000000c500       0x30 contiki-srf06-cc26xx.a(rpl-icmp6.o)
                0x000000000000c500                rpl_icmp6_register_handlers
 .text.TrimAfterColdResetWakeupFromShutDown
                0x000000000000c530       0xdc contiki-srf06-cc26xx.a(setup.o)
 .text.NOROM_SetupTrimDevice
                0x000000000000c60c       0xa4 contiki-srf06-cc26xx.a(setup.o)
                0x000000000000c60c                NOROM_SetupTrimDevice
 .text.SafeHapiVoid
                0x000000000000c6b0       0x2c contiki-srf06-cc26xx.a(adi.o)
                0x000000000000c6b0                SafeHapiVoid
 .text.NOROM_DDI32RegWrite
                0x000000000000c6dc       0x34 contiki-srf06-cc26xx.a(ddi.o)
                0x000000000000c6dc                NOROM_DDI32RegWrite
 .text.NOROM_DDI16BitfieldWrite
                0x000000000000c710       0x48 contiki-srf06-cc26xx.a(ddi.o)
                0x000000000000c710                NOROM_DDI16BitfieldWrite
 .text.NOROM_DDI16BitfieldRead
                0x000000000000c758       0x4c contiki-srf06-cc26xx.a(ddi.o)
                0x000000000000c758                NOROM_DDI16BitfieldRead
 .text.NOROM_PowerCtrlSourceSet
                0x000000000000c7a4       0x30 contiki-srf06-cc26xx.a(pwr_ctrl.o)
                0x000000000000c7a4                NOROM_PowerCtrlSourceSet
 .text.NOROM_OSCClockSourceSet
                0x000000000000c7d4       0x50 contiki-srf06-cc26xx.a(osc.o)
                0x000000000000c7d4                NOROM_OSCClockSourceSet
 .text.NOROM_OSCClockSourceGet
                0x000000000000c824       0x24 contiki-srf06-cc26xx.a(osc.o)
                0x000000000000c824                NOROM_OSCClockSourceGet
 .text.NOROM_TRNGConfigure
                0x000000000000c848       0x38 contiki-srf06-cc26xx.a(trng.o)
                0x000000000000c848                NOROM_TRNGConfigure
 .text.NOROM_CPUcpsid
                0x000000000000c880        0x8 contiki-srf06-cc26xx.a(cpu.o)
                0x000000000000c880                NOROM_CPUcpsid
 .text.NOROM_CPUcpsie
                0x000000000000c888        0x8 contiki-srf06-cc26xx.a(cpu.o)
                0x000000000000c888                NOROM_CPUcpsie
 .text.NOROM_CPUdelay
                0x000000000000c890        0x8 contiki-srf06-cc26xx.a(cpu.o)
                0x000000000000c890                NOROM_CPUdelay
 .text.NOROM_SysCtrlSetRechargeBeforePowerDown
                0x000000000000c898      0x290 contiki-srf06-cc26xx.a(sys_ctrl.o)
                0x000000000000c898                NOROM_SysCtrlSetRechargeBeforePowerDown
 .text.NOROM_SysCtrlAdjustRechargeAfterPowerDown
                0x000000000000cb28       0x6c contiki-srf06-cc26xx.a(sys_ctrl.o)
                0x000000000000cb28                NOROM_SysCtrlAdjustRechargeAfterPowerDown
 .text.NOROM_SysCtrl_DCDC_VoltageConditionalControl
                0x000000000000cb94       0x7c contiki-srf06-cc26xx.a(sys_ctrl.o)
                0x000000000000cb94                NOROM_SysCtrl_DCDC_VoltageConditionalControl
 .text.NOROM_AONRTCCurrentCompareValueGet
                0x000000000000cc10       0x24 contiki-srf06-cc26xx.a(aon_rtc.o)
                0x000000000000cc10                NOROM_AONRTCCurrentCompareValueGet
 .text.NOROM_ChipInfo_GetSupportedProtocol_BV
                0x000000000000cc34       0x10 contiki-srf06-cc26xx.a(chipinfo.o)
                0x000000000000cc34                NOROM_ChipInfo_GetSupportedProtocol_BV
 .text.NOROM_ChipInfo_GetChipFamily
                0x000000000000cc44       0x50 contiki-srf06-cc26xx.a(chipinfo.o)
                0x000000000000cc44                NOROM_ChipInfo_GetChipFamily
 .text.NOROM_ChipInfo_GetChipType
                0x000000000000cc94       0x58 contiki-srf06-cc26xx.a(chipinfo.o)
                0x000000000000cc94                NOROM_ChipInfo_GetChipType
 .text.NOROM_ChipInfo_GetHwRevision
                0x000000000000ccec       0x74 contiki-srf06-cc26xx.a(chipinfo.o)
                0x000000000000ccec                NOROM_ChipInfo_GetHwRevision
 .text.NOROM_ThisCodeIsBuiltForCC26xxHwRev22AndLater_HaltIfViolated
                0x000000000000cd60       0x14 contiki-srf06-cc26xx.a(chipinfo.o)
                0x000000000000cd60                NOROM_ThisCodeIsBuiltForCC26xxHwRev22AndLater_HaltIfViolated
 .text.queuebuf_init
                0x000000000000cd74       0x1c contiki-srf06-cc26xx.a(queuebuf.o)
                0x000000000000cd74                queuebuf_init
 .text.queuebuf_numfree
                0x000000000000cd90        0xc contiki-srf06-cc26xx.a(queuebuf.o)
                0x000000000000cd90                queuebuf_numfree
 .text.queuebuf_new_from_packetbuf
                0x000000000000cd9c       0x48 contiki-srf06-cc26xx.a(queuebuf.o)
                0x000000000000cd9c                queuebuf_new_from_packetbuf
 .text.queuebuf_update_attr_from_packetbuf
                0x000000000000cde4        0xc contiki-srf06-cc26xx.a(queuebuf.o)
                0x000000000000cde4                queuebuf_update_attr_from_packetbuf
 .text.queuebuf_update_from_packetbuf
                0x000000000000cdf0       0x1c contiki-srf06-cc26xx.a(queuebuf.o)
                0x000000000000cdf0                queuebuf_update_from_packetbuf
 .text.queuebuf_free
                0x000000000000ce0c       0x2c contiki-srf06-cc26xx.a(queuebuf.o)
                0x000000000000ce0c                queuebuf_free
 .text.queuebuf_to_packetbuf
                0x000000000000ce38       0x30 contiki-srf06-cc26xx.a(queuebuf.o)
                0x000000000000ce38                queuebuf_to_packetbuf
 .text.queuebuf_attr
                0x000000000000ce68        0xc contiki-srf06-cc26xx.a(queuebuf.o)
                0x000000000000ce68                queuebuf_attr
 .text.nbr_set_bit
                0x000000000000ce74       0x44 contiki-srf06-cc26xx.a(nbr-table.o)
 .text.index_from_lladdr
                0x000000000000ceb8       0x50 contiki-srf06-cc26xx.a(nbr-table.o)
 .text.nbr_get_bit.constprop.0
                0x000000000000cf08       0x2c contiki-srf06-cc26xx.a(nbr-table.o)
 .text.remove_key
                0x000000000000cf34       0xa0 contiki-srf06-cc26xx.a(nbr-table.o)
 .text.nbr_table_register
                0x000000000000cfd4       0x2c contiki-srf06-cc26xx.a(nbr-table.o)
                0x000000000000cfd4                nbr_table_register
 .text.nbr_table_next
                0x000000000000d000       0x78 contiki-srf06-cc26xx.a(nbr-table.o)
                0x000000000000d000                nbr_table_next
 .text.nbr_table_head
                0x000000000000d078       0x5c contiki-srf06-cc26xx.a(nbr-table.o)
                0x000000000000d078                nbr_table_head
 .text.nbr_table_add_lladdr
                0x000000000000d0d4      0x128 contiki-srf06-cc26xx.a(nbr-table.o)
                0x000000000000d0d4                nbr_table_add_lladdr
 .text.nbr_table_get_from_lladdr
                0x000000000000d1fc       0x34 contiki-srf06-cc26xx.a(nbr-table.o)
                0x000000000000d1fc                nbr_table_get_from_lladdr
 .text.nbr_table_remove
                0x000000000000d230       0x2c contiki-srf06-cc26xx.a(nbr-table.o)
                0x000000000000d230                nbr_table_remove
 .text.nbr_table_lock
                0x000000000000d25c       0x10 contiki-srf06-cc26xx.a(nbr-table.o)
                0x000000000000d25c                nbr_table_lock
 .text.nbr_table_unlock
                0x000000000000d26c       0x10 contiki-srf06-cc26xx.a(nbr-table.o)
                0x000000000000d26c                nbr_table_unlock
 .text.nbr_table_get_lladdr
                0x000000000000d27c       0x30 contiki-srf06-cc26xx.a(nbr-table.o)
                0x000000000000d27c                nbr_table_get_lladdr
 .text.nbr_table_update_lladdr
                0x000000000000d2ac       0x54 contiki-srf06-cc26xx.a(nbr-table.o)
                0x000000000000d2ac                nbr_table_update_lladdr
 .text.packetbuf_copyto
                0x000000000000d300       0x50 contiki-srf06-cc26xx.a(packetbuf.o)
                0x000000000000d300                packetbuf_copyto
 .text.packetbuf_hdralloc
                0x000000000000d350       0x58 contiki-srf06-cc26xx.a(packetbuf.o)
                0x000000000000d350                packetbuf_hdralloc
 .text.packetbuf_hdrreduce
                0x000000000000d3a8       0x30 contiki-srf06-cc26xx.a(packetbuf.o)
                0x000000000000d3a8                packetbuf_hdrreduce
 .text.packetbuf_set_datalen
                0x000000000000d3d8        0xc contiki-srf06-cc26xx.a(packetbuf.o)
                0x000000000000d3d8                packetbuf_set_datalen
 .text.packetbuf_dataptr
                0x000000000000d3e4       0x20 contiki-srf06-cc26xx.a(packetbuf.o)
                0x000000000000d3e4                packetbuf_dataptr
 .text.packetbuf_hdrptr
                0x000000000000d404        0x8 contiki-srf06-cc26xx.a(packetbuf.o)
                0x000000000000d404                packetbuf_hdrptr
 .text.packetbuf_datalen
                0x000000000000d40c        0xc contiki-srf06-cc26xx.a(packetbuf.o)
                0x000000000000d40c                packetbuf_datalen
 .text.packetbuf_totlen
                0x000000000000d418       0x24 contiki-srf06-cc26xx.a(packetbuf.o)
                0x000000000000d418                packetbuf_totlen
 .text.packetbuf_attr_clear
                0x000000000000d43c       0x4c contiki-srf06-cc26xx.a(packetbuf.o)
                0x000000000000d43c                packetbuf_attr_clear
 .text.packetbuf_clear
                0x000000000000d488       0x20 contiki-srf06-cc26xx.a(packetbuf.o)
                0x000000000000d488                packetbuf_clear
 .text.packetbuf_copyfrom
                0x000000000000d4a8       0x40 contiki-srf06-cc26xx.a(packetbuf.o)
                0x000000000000d4a8                packetbuf_copyfrom
 .text.packetbuf_attr_copyto
                0x000000000000d4e8       0x38 contiki-srf06-cc26xx.a(packetbuf.o)
                0x000000000000d4e8                packetbuf_attr_copyto
 .text.packetbuf_attr_copyfrom
                0x000000000000d520       0x38 contiki-srf06-cc26xx.a(packetbuf.o)
                0x000000000000d520                packetbuf_attr_copyfrom
 .text.packetbuf_set_attr
                0x000000000000d558       0x10 contiki-srf06-cc26xx.a(packetbuf.o)
                0x000000000000d558                packetbuf_set_attr
 .text.packetbuf_attr
                0x000000000000d568        0xc contiki-srf06-cc26xx.a(packetbuf.o)
                0x000000000000d568                packetbuf_attr
 .text.packetbuf_set_addr
                0x000000000000d574       0x18 contiki-srf06-cc26xx.a(packetbuf.o)
                0x000000000000d574                packetbuf_set_addr
 .text.packetbuf_addr
                0x000000000000d58c       0x10 contiki-srf06-cc26xx.a(packetbuf.o)
                0x000000000000d58c                packetbuf_addr
 .text.packetbuf_holds_broadcast
                0x000000000000d59c       0x10 contiki-srf06-cc26xx.a(packetbuf.o)
                0x000000000000d59c                packetbuf_holds_broadcast
 .text.netstack_init
                0x000000000000d5ac       0x38 contiki-srf06-cc26xx.a(netstack.o)
                0x000000000000d5ac                netstack_init
 .text.linkaddr_copy
                0x000000000000d5e4        0xc contiki-srf06-cc26xx.a(linkaddr.o)
                0x000000000000d5e4                linkaddr_copy
 .text.linkaddr_cmp
                0x000000000000d5f0       0x14 contiki-srf06-cc26xx.a(linkaddr.o)
                0x000000000000d5f0                linkaddr_cmp
 .text.periodic
                0x000000000000d604       0x2c contiki-srf06-cc26xx.a(link-stats.o)
 .text.link_stats_from_lladdr
                0x000000000000d630        0xc contiki-srf06-cc26xx.a(link-stats.o)
                0x000000000000d630                link_stats_from_lladdr
 .text.link_stats_is_fresh
                0x000000000000d63c       0x24 contiki-srf06-cc26xx.a(link-stats.o)
                0x000000000000d63c                link_stats_is_fresh
 .text.link_stats_packet_sent
                0x000000000000d660       0x88 contiki-srf06-cc26xx.a(link-stats.o)
                0x000000000000d660                link_stats_packet_sent
 .text.link_stats_input_callback
                0x000000000000d6e8       0x5c contiki-srf06-cc26xx.a(link-stats.o)
                0x000000000000d6e8                link_stats_input_callback
 .text.link_stats_init
                0x000000000000d744       0x28 contiki-srf06-cc26xx.a(link-stats.o)
                0x000000000000d744                link_stats_init
 .text.parse    0x000000000000d76c       0xa0 contiki-srf06-cc26xx.a(framer-802154.o)
 .text.create_frame.isra.0
                0x000000000000d80c      0x144 contiki-srf06-cc26xx.a(framer-802154.o)
 .text.create   0x000000000000d950        0x8 contiki-srf06-cc26xx.a(framer-802154.o)
 .text.hdr_length
                0x000000000000d958        0x8 contiki-srf06-cc26xx.a(framer-802154.o)
 .text.input_packet
                0x000000000000d960       0x10 contiki-srf06-cc26xx.a(csma.o)
 .text.on       0x000000000000d970       0x10 contiki-srf06-cc26xx.a(csma.o)
 .text.off      0x000000000000d980       0x10 contiki-srf06-cc26xx.a(csma.o)
 .text.channel_check_interval
                0x000000000000d990       0x10 contiki-srf06-cc26xx.a(csma.o)
 .text.transmit_packet_list
                0x000000000000d9a0       0x24 contiki-srf06-cc26xx.a(csma.o)
 .text.schedule_transmission
                0x000000000000d9c4       0x54 contiki-srf06-cc26xx.a(csma.o)
 .text.send_packet
                0x000000000000da18      0x154 contiki-srf06-cc26xx.a(csma.o)
 .text.init     0x000000000000db6c       0x24 contiki-srf06-cc26xx.a(csma.o)
 .text.tx_done  0x000000000000db90       0x88 contiki-srf06-cc26xx.a(csma.o)
 .text.packet_sent
                0x000000000000dc18       0xe4 contiki-srf06-cc26xx.a(csma.o)
 .text.frame802154_get_pan_id
                0x000000000000dcfc        0xc contiki-srf06-cc26xx.a(frame802154.o)
                0x000000000000dcfc                frame802154_get_pan_id
 .text.frame802154_has_panid
                0x000000000000dd08       0xac contiki-srf06-cc26xx.a(frame802154.o)
                0x000000000000dd08                frame802154_has_panid
 .text.field_len
                0x000000000000ddb4       0x9c contiki-srf06-cc26xx.a(frame802154.o)
 .text.frame802154_is_broadcast_addr
                0x000000000000de50       0x24 contiki-srf06-cc26xx.a(frame802154.o)
                0x000000000000de50                frame802154_is_broadcast_addr
 .text.frame802154_hdrlen
                0x000000000000de74       0x34 contiki-srf06-cc26xx.a(frame802154.o)
                0x000000000000de74                frame802154_hdrlen
 .text.frame802154_create
                0x000000000000dea8       0xf8 contiki-srf06-cc26xx.a(frame802154.o)
                0x000000000000dea8                frame802154_create
 .text.frame802154_parse
                0x000000000000dfa0      0x188 contiki-srf06-cc26xx.a(frame802154.o)
                0x000000000000dfa0                frame802154_parse
 .text.mac_call_sent_callback
                0x000000000000e128       0x70 contiki-srf06-cc26xx.a(mac.o)
                0x000000000000e128                mac_call_sent_callback
 .text.duty_cycle
                0x000000000000e198        0x4 contiki-srf06-cc26xx.a(contikimac.o)
 .text.init     0x000000000000e19c       0x40 contiki-srf06-cc26xx.a(contikimac.o)
 .text.on       0x000000000000e1dc       0x28 contiki-srf06-cc26xx.a(contikimac.o)
 .text.off      0x000000000000e204       0x34 contiki-srf06-cc26xx.a(contikimac.o)
 .text.recv_burst_off
                0x000000000000e238       0x14 contiki-srf06-cc26xx.a(contikimac.o)
 .text.powercycle_turn_radio_off.part.2
                0x000000000000e24c       0x10 contiki-srf06-cc26xx.a(contikimac.o)
 .text.turn_off
                0x000000000000e25c       0x38 contiki-srf06-cc26xx.a(contikimac.o)
 .text.turn_on  0x000000000000e294       0x40 contiki-srf06-cc26xx.a(contikimac.o)
 .text.schedule_powercycle_fixed.part.5
                0x000000000000e2d4       0x2c contiki-srf06-cc26xx.a(contikimac.o)
 .text.input_packet
                0x000000000000e300       0xa4 contiki-srf06-cc26xx.a(contikimac.o)
 .text.send_packet.isra.8
                0x000000000000e3a4      0x22c contiki-srf06-cc26xx.a(contikimac.o)
 .text.qsend_list
                0x000000000000e5d0       0xd8 contiki-srf06-cc26xx.a(contikimac.o)
 .text.qsend_packet
                0x000000000000e6a8       0x24 contiki-srf06-cc26xx.a(contikimac.o)
 .text.powercycle_wrapper
                0x000000000000e6cc      0x214 contiki-srf06-cc26xx.a(contikimac.o)
 .text.init     0x000000000000e8e0        0x4 contiki-srf06-cc26xx.a(nullsec.o)
 .text.input    0x000000000000e8e4       0x10 contiki-srf06-cc26xx.a(nullsec.o)
 .text.send     0x000000000000e8f4       0x20 contiki-srf06-cc26xx.a(nullsec.o)
 .text.sensor_common_read_reg
                0x000000000000e914       0x1c contiki-srf06-cc26xx.a(sensor-common.o)
                0x000000000000e914                sensor_common_read_reg
 .text.sensor_common_write_reg
                0x000000000000e930       0x28 contiki-srf06-cc26xx.a(sensor-common.o)
                0x000000000000e930                sensor_common_write_reg
 .text.sensor_common_set_error_data
                0x000000000000e958       0x10 contiki-srf06-cc26xx.a(sensor-common.o)
                0x000000000000e958                sensor_common_set_error_data
 .text.verify_part
                0x000000000000e968       0x7c contiki-srf06-cc26xx.a(ext-flash.o)
 .text.wait_ready
                0x000000000000e9e4       0x64 contiki-srf06-cc26xx.a(ext-flash.o)
 .text.power_down
                0x000000000000ea48       0x50 contiki-srf06-cc26xx.a(ext-flash.o)
 .text.ext_flash_open
                0x000000000000ea98       0x5c contiki-srf06-cc26xx.a(ext-flash.o)
                0x000000000000ea98                ext_flash_open
 .text.ext_flash_init
                0x000000000000eaf4       0x14 contiki-srf06-cc26xx.a(ext-flash.o)
                0x000000000000eaf4                ext_flash_init
 .text.buzzer_init
                0x000000000000eb08        0xc contiki-srf06-cc26xx.a(buzzer.o)
                0x000000000000eb08                buzzer_init
 .text.buzzer_stop
                0x000000000000eb14       0x74 contiki-srf06-cc26xx.a(buzzer.o)
                0x000000000000eb14                buzzer_stop
 .text.accessible
                0x000000000000eb88       0x24 contiki-srf06-cc26xx.a(board-spi.o)
 .text.board_spi_write
                0x000000000000ebac       0x3c contiki-srf06-cc26xx.a(board-spi.o)
                0x000000000000ebac                board_spi_write
 .text.board_spi_read
                0x000000000000ebe8       0x4c contiki-srf06-cc26xx.a(board-spi.o)
                0x000000000000ebe8                board_spi_read
 .text.board_spi_flush
                0x000000000000ec34       0x24 contiki-srf06-cc26xx.a(board-spi.o)
                0x000000000000ec34                board_spi_flush
 .text.board_spi_open
                0x000000000000ec58       0xbc contiki-srf06-cc26xx.a(board-spi.o)
                0x000000000000ec58                board_spi_open
 .text.board_spi_close
                0x000000000000ed14       0x6c contiki-srf06-cc26xx.a(board-spi.o)
                0x000000000000ed14                board_spi_close
 .text.aux_ctrl_power_up
                0x000000000000ed80       0x28 contiki-srf06-cc26xx.a(aux-ctrl.o)
                0x000000000000ed80                aux_ctrl_power_up
 .text.aux_ctrl_register_consumer
                0x000000000000eda8       0x40 contiki-srf06-cc26xx.a(aux-ctrl.o)
                0x000000000000eda8                aux_ctrl_register_consumer
 .text.aux_ctrl_power_down
                0x000000000000ede8       0x70 contiki-srf06-cc26xx.a(aux-ctrl.o)
                0x000000000000ede8                aux_ctrl_power_down
 .text.aux_ctrl_unregister_consumer
                0x000000000000ee58       0x28 contiki-srf06-cc26xx.a(aux-ctrl.o)
                0x000000000000ee58                aux_ctrl_unregister_consumer
 .text.process_thread_rf_core_process
                0x000000000000ee80       0x58 contiki-srf06-cc26xx.a(rf-core.o)
 .text.rf_core_is_accessible
                0x000000000000eed8       0x10 contiki-srf06-cc26xx.a(rf-core.o)
                0x000000000000eed8                rf_core_is_accessible
 .text.rf_core_send_cmd
                0x000000000000eee8       0xa0 contiki-srf06-cc26xx.a(rf-core.o)
                0x000000000000eee8                rf_core_send_cmd
 .text.rf_core_wait_cmd_done
                0x000000000000ef88       0x2c contiki-srf06-cc26xx.a(rf-core.o)
                0x000000000000ef88                rf_core_wait_cmd_done
 .text.rf_core_power_up
                0x000000000000efb4       0xb0 contiki-srf06-cc26xx.a(rf-core.o)
                0x000000000000efb4                rf_core_power_up
 .text.rf_core_start_rat
                0x000000000000f064       0x68 contiki-srf06-cc26xx.a(rf-core.o)
                0x000000000000f064                rf_core_start_rat
 .text.rf_core_stop_rat
                0x000000000000f0cc       0x7c contiki-srf06-cc26xx.a(rf-core.o)
                0x000000000000f0cc                rf_core_stop_rat
 .text.rf_core_power_down
                0x000000000000f148       0xec contiki-srf06-cc26xx.a(rf-core.o)
                0x000000000000f148                rf_core_power_down
 .text.rf_core_set_modesel
                0x000000000000f234       0x44 contiki-srf06-cc26xx.a(rf-core.o)
                0x000000000000f234                rf_core_set_modesel
 .text.rf_core_boot
                0x000000000000f278       0x1c contiki-srf06-cc26xx.a(rf-core.o)
                0x000000000000f278                rf_core_boot
 .text.rf_core_restart_rat
                0x000000000000f294       0x20 contiki-srf06-cc26xx.a(rf-core.o)
                0x000000000000f294                rf_core_restart_rat
 .text.rf_core_setup_interrupts
                0x000000000000f2b4       0x74 contiki-srf06-cc26xx.a(rf-core.o)
                0x000000000000f2b4                rf_core_setup_interrupts
 .text.rf_core_cmd_done_en
                0x000000000000f328       0x28 contiki-srf06-cc26xx.a(rf-core.o)
                0x000000000000f328                rf_core_cmd_done_en
 .text.rf_core_cmd_done_dis
                0x000000000000f350       0x18 contiki-srf06-cc26xx.a(rf-core.o)
                0x000000000000f350                rf_core_cmd_done_dis
 .text.rf_core_get_last_radio_op
                0x000000000000f368        0xc contiki-srf06-cc26xx.a(rf-core.o)
                0x000000000000f368                rf_core_get_last_radio_op
 .text.rf_core_init_radio_op
                0x000000000000f374       0x1c contiki-srf06-cc26xx.a(rf-core.o)
                0x000000000000f374                rf_core_init_radio_op
 .text.rf_core_primary_mode_register
                0x000000000000f390        0xc contiki-srf06-cc26xx.a(rf-core.o)
                0x000000000000f390                rf_core_primary_mode_register
 .text.RFCCPE1IntHandler
                0x000000000000f39c       0x28 contiki-srf06-cc26xx.a(rf-core.o)
                0x000000000000f39c                RFCCPE1IntHandler
 .text.RFCCPE0IntHandler
                0x000000000000f3c4       0x5c contiki-srf06-cc26xx.a(rf-core.o)
                0x000000000000f3c4                RFCCPE0IntHandler
 .text.rf_ble_is_active
                0x000000000000f420        0xc contiki-srf06-cc26xx.a(rf-ble.o)
                0x000000000000f420                rf_ble_is_active
 .text.stimer_set
                0x000000000000f42c       0x10 contiki-srf06-cc26xx.a(stimer.o)
                0x000000000000f42c                stimer_set
 .text.stimer_expired
                0x000000000000f43c       0x20 contiki-srf06-cc26xx.a(stimer.o)
                0x000000000000f43c                stimer_expired
 .text.memb_init
                0x000000000000f45c       0x24 contiki-srf06-cc26xx.a(memb.o)
                0x000000000000f45c                memb_init
 .text.memb_alloc
                0x000000000000f480       0x3c contiki-srf06-cc26xx.a(memb.o)
                0x000000000000f480                memb_alloc
 .text.memb_free
                0x000000000000f4bc       0x44 contiki-srf06-cc26xx.a(memb.o)
                0x000000000000f4bc                memb_free
 .text.memb_inmemb
                0x000000000000f500       0x1c contiki-srf06-cc26xx.a(memb.o)
                0x000000000000f500                memb_inmemb
 .text.memb_numfree
                0x000000000000f51c       0x24 contiki-srf06-cc26xx.a(memb.o)
                0x000000000000f51c                memb_numfree
 .text.echo_reply_input
                0x000000000000f540       0xac contiki-srf06-cc26xx.a(uip-icmp6.o)
 .text.echo_request_input
                0x000000000000f5ec       0xb8 contiki-srf06-cc26xx.a(uip-icmp6.o)
 .text.uip_icmp6_input
                0x000000000000f6a4       0x40 contiki-srf06-cc26xx.a(uip-icmp6.o)
                0x000000000000f6a4                uip_icmp6_input
 .text.uip_icmp6_register_input_handler
                0x000000000000f6e4        0xc contiki-srf06-cc26xx.a(uip-icmp6.o)
                0x000000000000f6e4                uip_icmp6_register_input_handler
 .text.uip_icmp6_error_output
                0x000000000000f6f0      0x158 contiki-srf06-cc26xx.a(uip-icmp6.o)
                0x000000000000f6f0                uip_icmp6_error_output
 .text.uip_icmp6_send
                0x000000000000f848       0x8c contiki-srf06-cc26xx.a(uip-icmp6.o)
                0x000000000000f848                uip_icmp6_send
 .text.uip_icmp6_init
                0x000000000000f8d4       0x24 contiki-srf06-cc26xx.a(uip-icmp6.o)
                0x000000000000f8d4                uip_icmp6_init
 .text.update_nbr
                0x000000000000f8f8      0x114 contiki-srf06-cc26xx.a(rpl-nbr-policy.)
 .text.handle_periodic_timer
                0x000000000000fa0c       0x14 contiki-srf06-cc26xx.a(rpl-nbr-policy.)
 .text.find_removable_dio
                0x000000000000fa20       0x40 contiki-srf06-cc26xx.a(rpl-nbr-policy.)
                0x000000000000fa20                find_removable_dio
 .text.find_removable_dao
                0x000000000000fa60       0x38 contiki-srf06-cc26xx.a(rpl-nbr-policy.)
                0x000000000000fa60                find_removable_dao
 .text.rpl_nbr_policy_find_removable
                0x000000000000fa98       0x44 contiki-srf06-cc26xx.a(rpl-nbr-policy.)
                0x000000000000fa98                rpl_nbr_policy_find_removable
 .text.NOROM_SetupAfterColdResetWakeupFromShutDownCfg1
                0x000000000000fadc       0x7c contiki-srf06-cc26xx.a(setup_rom.o)
                0x000000000000fadc                NOROM_SetupAfterColdResetWakeupFromShutDownCfg1
 .text.NOROM_SetupAfterColdResetWakeupFromShutDownCfg3
                0x000000000000fb58      0x194 contiki-srf06-cc26xx.a(setup_rom.o)
                0x000000000000fb58                NOROM_SetupAfterColdResetWakeupFromShutDownCfg3
 .text.NOROM_SetupGetTrimForAnabypassValue1
                0x000000000000fcec       0x64 contiki-srf06-cc26xx.a(setup_rom.o)
                0x000000000000fcec                NOROM_SetupGetTrimForAnabypassValue1
 .text.NOROM_SetupGetTrimForAmpcompCtrl
                0x000000000000fd50       0x74 contiki-srf06-cc26xx.a(setup_rom.o)
                0x000000000000fd50                NOROM_SetupGetTrimForAmpcompCtrl
 .text.NOROM_SetupAfterColdResetWakeupFromShutDownCfg2
                0x000000000000fdc4      0x1a0 contiki-srf06-cc26xx.a(setup_rom.o)
                0x000000000000fdc4                NOROM_SetupAfterColdResetWakeupFromShutDownCfg2
 .text.NOROM_SetupSetCacheModeAccordingToCcfgSetting
                0x000000000000ff64       0x70 contiki-srf06-cc26xx.a(setup_rom.o)
                0x000000000000ff64                NOROM_SetupSetCacheModeAccordingToCcfgSetting
 .text.NOROM_AONBatMonTemperatureGetDegC
                0x000000000000ffd4       0x30 contiki-srf06-cc26xx.a(aon_batmon.o)
                0x000000000000ffd4                NOROM_AONBatMonTemperatureGetDegC
 .text.mac_sequence_is_duplicate
                0x0000000000010004       0x4c contiki-srf06-cc26xx.a(mac-sequence.o)
                0x0000000000010004                mac_sequence_is_duplicate
 .text.mac_sequence_register_seqno
                0x0000000000010050       0x68 contiki-srf06-cc26xx.a(mac-sequence.o)
                0x0000000000010050                mac_sequence_register_seqno
 .text.exp2     0x00000000000100b8       0x10 /usr/lib/gcc/arm-none-eabi/4.8/../../../arm-none-eabi/lib/armv7-m/libm.a(lib_a-w_exp2.o)
                0x00000000000100b8                exp2
 .text.pow      0x00000000000100c8      0x2f8 /usr/lib/gcc/arm-none-eabi/4.8/../../../arm-none-eabi/lib/armv7-m/libm.a(lib_a-w_pow.o)
                0x00000000000100c8                pow
 .text.__ieee754_sqrt
                0x00000000000103c0      0x180 /usr/lib/gcc/arm-none-eabi/4.8/../../../arm-none-eabi/lib/armv7-m/libm.a(lib_a-e_sqrt.o)
                0x00000000000103c0                __ieee754_sqrt
 .text.fabs     0x0000000000010540        0x8 /usr/lib/gcc/arm-none-eabi/4.8/../../../arm-none-eabi/lib/armv7-m/libm.a(lib_a-s_fabs.o)
                0x0000000000010540                fabs
 .text.finite   0x0000000000010548        0xc /usr/lib/gcc/arm-none-eabi/4.8/../../../arm-none-eabi/lib/armv7-m/libm.a(lib_a-s_finite.o)
                0x0000000000010548                finite
 .text.__fpclassifyd
                0x0000000000010554       0x50 /usr/lib/gcc/arm-none-eabi/4.8/../../../arm-none-eabi/lib/armv7-m/libm.a(lib_a-s_fpclassify.o)
                0x0000000000010554                __fpclassifyd
 .text.matherr  0x00000000000105a4        0x4 /usr/lib/gcc/arm-none-eabi/4.8/../../../arm-none-eabi/lib/armv7-m/libm.a(lib_a-s_matherr.o)
                0x00000000000105a4                matherr
 .text.nan      0x00000000000105a8        0xc /usr/lib/gcc/arm-none-eabi/4.8/../../../arm-none-eabi/lib/armv7-m/libm.a(lib_a-s_nan.o)
                0x00000000000105a8                nan
 .text.rint     0x00000000000105b4      0x118 /usr/lib/gcc/arm-none-eabi/4.8/../../../arm-none-eabi/lib/armv7-m/libm.a(lib_a-s_rint.o)
                0x00000000000105b4                rint
 .text.copysign
                0x00000000000106cc       0x14 /usr/lib/gcc/arm-none-eabi/4.8/../../../arm-none-eabi/lib/armv7-m/libm.a(lib_a-s_copysign.o)
                0x00000000000106cc                copysign
 .text          0x00000000000106e0      0x370 /usr/lib/gcc/arm-none-eabi/4.8/armv7-m/libgcc.a(_arm_addsubdf3.o)
                0x00000000000106e0                __aeabi_drsub
                0x00000000000106e8                __aeabi_dsub
                0x00000000000106e8                __subdf3
                0x00000000000106ec                __adddf3
                0x00000000000106ec                __aeabi_dadd
                0x0000000000010964                __aeabi_ui2d
                0x0000000000010964                __floatunsidf
                0x0000000000010984                __floatsidf
                0x0000000000010984                __aeabi_i2d
                0x00000000000109a8                __extendsfdf2
                0x00000000000109a8                __aeabi_f2d
                0x00000000000109e4                __aeabi_ul2d
                0x00000000000109e4                __floatundidf
                0x00000000000109f4                __floatdidf
                0x00000000000109f4                __aeabi_l2d
 .text          0x0000000000010a50      0x424 /usr/lib/gcc/arm-none-eabi/4.8/armv7-m/libgcc.a(_arm_muldivdf3.o)
                0x0000000000010a50                __aeabi_dmul
                0x0000000000010a50                __muldf3
                0x0000000000010ca4                __aeabi_ddiv
                0x0000000000010ca4                __divdf3
 .text          0x0000000000010e74      0x110 /usr/lib/gcc/arm-none-eabi/4.8/armv7-m/libgcc.a(_arm_cmpdf2.o)
                0x0000000000010e74                __gtdf2
                0x0000000000010e74                __gedf2
                0x0000000000010e7c                __ltdf2
                0x0000000000010e7c                __ledf2
                0x0000000000010e84                __cmpdf2
                0x0000000000010e84                __eqdf2
                0x0000000000010e84                __nedf2
                0x0000000000010f00                __aeabi_cdrcmple
                0x0000000000010f10                __aeabi_cdcmple
                0x0000000000010f10                __aeabi_cdcmpeq
                0x0000000000010f20                __aeabi_dcmpeq
                0x0000000000010f34                __aeabi_dcmplt
                0x0000000000010f48                __aeabi_dcmple
                0x0000000000010f5c                __aeabi_dcmpge
                0x0000000000010f70                __aeabi_dcmpgt
 .text          0x0000000000010f84       0xa0 /usr/lib/gcc/arm-none-eabi/4.8/armv7-m/libgcc.a(_arm_truncdfsf2.o)
                0x0000000000010f84                __aeabi_d2f
                0x0000000000010f84                __truncdfsf2
 .text          0x0000000000011024      0x21c /usr/lib/gcc/arm-none-eabi/4.8/armv7-m/libgcc.a(_arm_addsubsf3.o)
                0x0000000000011024                __aeabi_frsub
                0x000000000001102c                __subsf3
                0x000000000001102c                __aeabi_fsub
                0x0000000000011030                __aeabi_fadd
                0x0000000000011030                __addsf3
                0x0000000000011190                __aeabi_ui2f
                0x0000000000011190                __floatunsisf
                0x0000000000011198                __aeabi_i2f
                0x0000000000011198                __floatsisf
                0x00000000000111b4                __floatundisf
                0x00000000000111b4                __aeabi_ul2f
                0x00000000000111c4                __floatdisf
                0x00000000000111c4                __aeabi_l2f
 .text          0x0000000000011240      0x2a0 /usr/lib/gcc/arm-none-eabi/4.8/armv7-m/libgcc.a(_arm_muldivsf3.o)
                0x0000000000011240                __mulsf3
                0x0000000000011240                __aeabi_fmul
                0x00000000000113a8                __divsf3
                0x00000000000113a8                __aeabi_fdiv
 .text          0x00000000000114e0       0x4c /usr/lib/gcc/arm-none-eabi/4.8/armv7-m/libgcc.a(_arm_fixsfsi.o)
                0x00000000000114e0                __fixsfsi
                0x00000000000114e0                __aeabi_f2iz
 .text          0x000000000001152c       0x2c /usr/lib/gcc/arm-none-eabi/4.8/armv7-m/libgcc.a(_aeabi_uldivmod.o)
                0x000000000001152c                __aeabi_uldivmod
 .text          0x0000000000011558       0x60 /usr/lib/gcc/arm-none-eabi/4.8/armv7-m/libgcc.a(bpabi.o)
                0x0000000000011558                __gnu_ldivmod_helper
                0x0000000000011588                __gnu_uldivmod_helper
 .text          0x00000000000115b8        0x4 /usr/lib/gcc/arm-none-eabi/4.8/armv7-m/libgcc.a(_dvmd_tls.o)
                0x00000000000115b8                __aeabi_ldiv0
                0x00000000000115b8                __aeabi_idiv0
 .text          0x00000000000115bc      0x2a0 /usr/lib/gcc/arm-none-eabi/4.8/armv7-m/libgcc.a(_divdi3.o)
                0x00000000000115bc                __divdi3
 .text          0x000000000001185c      0x290 /usr/lib/gcc/arm-none-eabi/4.8/armv7-m/libgcc.a(_udivdi3.o)
                0x000000000001185c                __udivdi3
 .text.__errno  0x0000000000011aec        0xc /usr/lib/gcc/arm-none-eabi/4.8/../../../arm-none-eabi/lib/armv7-m/libc.a(lib_a-errno.o)
                0x0000000000011aec                __errno
 .text.memcmp   0x0000000000011af8       0x68 /usr/lib/gcc/arm-none-eabi/4.8/../../../arm-none-eabi/lib/armv7-m/libc.a(lib_a-memcmp.o)
                0x0000000000011af8                memcmp
 .text          0x0000000000011b60       0xec /usr/lib/gcc/arm-none-eabi/4.8/../../../arm-none-eabi/lib/armv7-m/libc.a(lib_a-memcpy.o)
                0x0000000000011b60                memcpy
 .text.memmove  0x0000000000011c4c       0xcc /usr/lib/gcc/arm-none-eabi/4.8/../../../arm-none-eabi/lib/armv7-m/libc.a(lib_a-memmove.o)
                0x0000000000011c4c                memmove
 .text.memset   0x0000000000011d18       0x94 /usr/lib/gcc/arm-none-eabi/4.8/../../../arm-none-eabi/lib/armv7-m/libc.a(lib_a-memset.o)
                0x0000000000011d18                memset
 .text.strcasecmp
                0x0000000000011dac       0x44 /usr/lib/gcc/arm-none-eabi/4.8/../../../arm-none-eabi/lib/armv7-m/libc.a(lib_a-strcasecmp.o)
                0x0000000000011dac                strcasecmp
 .text          0x0000000000011df0      0x1bc /usr/lib/gcc/arm-none-eabi/4.8/../../../arm-none-eabi/lib/armv7-m/libc.a(lib_a-strcmp.o)
                0x0000000000011df0                strcmp
 .text.strlen   0x0000000000011fac       0x5c /usr/lib/gcc/arm-none-eabi/4.8/../../../arm-none-eabi/lib/armv7-m/libc.a(lib_a-strlen.o)
                0x0000000000011fac                strlen
 .text.strncasecmp