Archive member included to satisfy reference by file (symbol)

contiki-srf06-cc26xx.a(contiki-main.o)
                              obj_srf06-cc26xx/startup_gcc.o (main)
contiki-srf06-cc26xx.a(sensors.o)
                              contiki-srf06-cc26xx.a(contiki-main.o) (sensors_process)
contiki-srf06-cc26xx.a(leds.o)
                              contiki-srf06-cc26xx.a(contiki-main.o) (leds_init)
contiki-srf06-cc26xx.a(leds-arch.o)
                              contiki-srf06-cc26xx.a(leds.o) (leds_arch_init)
contiki-srf06-cc26xx.a(sensortag-senso)
                              contiki-srf06-cc26xx.a(sensors.o) (sensors_flags)
contiki-srf06-cc26xx.a(bmp-280-sensor.)
                              contiki-srf06-cc26xx.a(sensortag-senso) (bmp_280_sensor)
contiki-srf06-cc26xx.a(tmp-007-sensor.)
                              contiki-srf06-cc26xx.a(sensortag-senso) (tmp_007_sensor)
contiki-srf06-cc26xx.a(opt-3001-sensor)
                              contiki-srf06-cc26xx.a(sensortag-senso) (opt_3001_sensor)
contiki-srf06-cc26xx.a(hdc-1000-sensor)
                              contiki-srf06-cc26xx.a(sensortag-senso) (hdc_1000_sensor)
contiki-srf06-cc26xx.a(mpu-9250-sensor)
                              contiki-srf06-cc26xx.a(sensortag-senso) (mpu_9250_sensor)
contiki-srf06-cc26xx.a(button-sensor.o)
                              contiki-srf06-cc26xx.a(sensortag-senso) (button_right_sensor)
contiki-srf06-cc26xx.a(reed-relay.o)
                              contiki-srf06-cc26xx.a(sensortag-senso) (reed_relay_sensor)
contiki-srf06-cc26xx.a(board.o)
                              contiki-srf06-cc26xx.a(contiki-main.o) (board_init)
contiki-srf06-cc26xx.a(board-i2c.o)
                              contiki-srf06-cc26xx.a(board.o) (board_i2c_wakeup)
contiki-srf06-cc26xx.a(clock.o)
                              contiki-srf06-cc26xx.a(contiki-main.o) (clock_init)
contiki-srf06-cc26xx.a(rtimer-arch.o)
                              udp-server.co (rtimer_arch_now)
contiki-srf06-cc26xx.a(soc-rtc.o)
                              contiki-srf06-cc26xx.a(contiki-main.o) (soc_rtc_init)
contiki-srf06-cc26xx.a(contiki-watchdo)
                              contiki-srf06-cc26xx.a(contiki-main.o) (watchdog_init)
contiki-srf06-cc26xx.a(putchar.o)
                              contiki-srf06-cc26xx.a(contiki-main.o) (putchar)
contiki-srf06-cc26xx.a(ieee-addr.o)
                              contiki-srf06-cc26xx.a(contiki-main.o) (ieee_addr_cpy_to)
contiki-srf06-cc26xx.a(cc26xx-uart.o)
                              contiki-srf06-cc26xx.a(contiki-main.o) (cc26xx_uart_init)
contiki-srf06-cc26xx.a(lpm.o)
                              contiki-srf06-cc26xx.a(button-sensor.o) (lpm_shutdown)
contiki-srf06-cc26xx.a(gpio-interrupt.)
                              contiki-srf06-cc26xx.a(button-sensor.o) (gpio_interrupt_register_handler)
contiki-srf06-cc26xx.a(oscillators.o)
                              contiki-srf06-cc26xx.a(contiki-main.o) (oscillators_select_lf_xosc)
contiki-srf06-cc26xx.a(ieee-mode.o)
                              contiki-srf06-cc26xx.a(contiki-main.o) (ieee_mode_driver)
contiki-srf06-cc26xx.a(random.o)
                              contiki-srf06-cc26xx.a(contiki-main.o) (random_init)
contiki-srf06-cc26xx.a(soc-trng.o)
                              contiki-srf06-cc26xx.a(random.o) (soc_trng_rand_synchronous)
contiki-srf06-cc26xx.a(dbg-printf.o)
                              udp-server.co (printf)
contiki-srf06-cc26xx.a(dbg-sprintf.o)
                              udp-server.co (sprintf)
contiki-srf06-cc26xx.a(strformat.o)
                              contiki-srf06-cc26xx.a(dbg-printf.o) (format_str_v)
contiki-srf06-cc26xx.a(ctimer.o)
                              contiki-srf06-cc26xx.a(contiki-main.o) (ctimer_init)
contiki-srf06-cc26xx.a(autostart.o)
                              contiki-srf06-cc26xx.a(contiki-main.o) (autostart_start)
contiki-srf06-cc26xx.a(energest.o)
                              contiki-srf06-cc26xx.a(contiki-main.o) (energest_init)
contiki-srf06-cc26xx.a(etimer.o)
                              contiki-srf06-cc26xx.a(clock.o) (etimer_request_poll)
contiki-srf06-cc26xx.a(process.o)
                              contiki-srf06-cc26xx.a(sensors.o) (process_alloc_event)
contiki-srf06-cc26xx.a(rtimer.o)
                              contiki-srf06-cc26xx.a(contiki-main.o) (rtimer_init)
contiki-srf06-cc26xx.a(timer.o)
                              contiki-srf06-cc26xx.a(button-sensor.o) (timer_set)
contiki-srf06-cc26xx.a(serial-line.o)
                              contiki-srf06-cc26xx.a(contiki-main.o) (serial_line_init)
contiki-srf06-cc26xx.a(list.o)
                              contiki-srf06-cc26xx.a(lpm.o) (list_init)
contiki-srf06-cc26xx.a(ringbuf.o)
                              contiki-srf06-cc26xx.a(serial-line.o) (ringbuf_init)
contiki-srf06-cc26xx.a(uip-ds6.o)
                              udp-server.co (uip_ds6_if)
contiki-srf06-cc26xx.a(uip-ds6-route.o)
[...]
Memory Configuration

Name             Origin             Length             Attributes
FLASH            0x0000000000000000 0x000000000001ffa8 xr
FLASH_CCFG       0x000000000001ffa8 0x0000000000000058 xr
SRAM             0x0000000020000000 0x0000000000005000 xrw
GPRAM            0x0000000011000000 0x0000000000002000 xrw
*default*        0x0000000000000000 0xffffffffffffffff

Linker script and memory map

LOAD obj_srf06-cc26xx/fault-handlers.o
LOAD obj_srf06-cc26xx/ccfg.o
LOAD obj_srf06-cc26xx/startup_gcc.o
LOAD udp-server.co
LOAD contiki-srf06-cc26xx.a
LOAD /usr/lib/gcc/arm-none-eabi/4.8/../../../arm-none-eabi/lib/armv7-m/libm.a
START GROUP
LOAD /usr/lib/gcc/arm-none-eabi/4.8/armv7-m/libgcc.a
LOAD /usr/lib/gcc/arm-none-eabi/4.8/../../../arm-none-eabi/lib/armv7-m/libc.a
END GROUP
                0x0000000020005000                _estack = (ORIGIN (SRAM) + 0x5000)
                0x0000000000000000                _Min_Heap_Size = 0x0
                0x0000000000000100                _Min_Stack_Size = 0x100

.text           0x0000000000000000    0x12a60
                0x0000000000000000                _text = .
 *(SORT(.vectors))
 .vectors       0x0000000000000000       0xc8 obj_srf06-cc26xx/startup_gcc.o
                0x0000000000000000                g_pfnVectors
 *(SORT(.text*))
 .text.value    0x00000000000000c8       0xa8 contiki-srf06-cc26xx.a(opt-3001-sensor)
 .text.value    0x0000000000000170       0xa0 contiki-srf06-cc26xx.a(hdc-1000-sensor)
 .text.value    0x0000000000000210      0x1b8 contiki-srf06-cc26xx.a(mpu-9250-sensor)
 .text.__ieee754_pow
                0x00000000000003c8      0xab8 /usr/lib/gcc/arm-none-eabi/4.8/../../../arm-none-eabi/lib/armv7-m/libm.a(lib_a-e_pow.o)
                0x00000000000003c8                __ieee754_pow
 .text.scalbn   0x0000000000000e80      0x100 /usr/lib/gcc/arm-none-eabi/4.8/../../../arm-none-eabi/lib/armv7-m/libm.a(lib_a-s_scalbn.o)
                0x0000000000000e80                scalbn
 .text.FaultISR
                0x0000000000000f80       0x18 obj_srf06-cc26xx/fault-handlers.o
                0x0000000000000f80                FaultISR
 .text.NmiSRHandler
                0x0000000000000f98        0x4 obj_srf06-cc26xx/startup_gcc.o
                0x0000000000000f98                NmiSR
 .text.IntDefaultHandler
                0x0000000000000f9c        0x4 obj_srf06-cc26xx/startup_gcc.o
                0x0000000000000f9c                SSI0IntHandler
                0x0000000000000f9c                SWEvent0IntHandler
                0x0000000000000f9c                uDMAIntHandler
                0x0000000000000f9c                WatchdogIntHandler
                0x0000000000000f9c                RFCHardwareIntHandler
                0x0000000000000f9c                Timer1BIntHandler
                0x0000000000000f9c                I2SIntHandler
                0x0000000000000f9c                Timer2BIntHandler
                0x0000000000000f9c                Timer2AIntHandler
                0x0000000000000f9c                Timer1AIntHandler
                0x0000000000000f9c                AONIntHandler
                0x0000000000000f9c                AUXSWEvent0IntHandler
                0x0000000000000f9c                AUXADCIntHandler
                0x0000000000000f9c                PendSVIntHandler
                0x0000000000000f9c                AUXSWEvent1IntHandler
                0x0000000000000f9c                SVCallIntHandler
                0x0000000000000f9c                MPUFaultIntHandler
                0x0000000000000f9c                SysTickIntHandler
                0x0000000000000f9c                BusFaultIntHandler
                0x0000000000000f9c                AONProgIntHandler
                0x0000000000000f9c                AUXCompAIntHandler
                0x0000000000000f9c                SSI1IntHandler
                0x0000000000000f9c                FlashIntHandler
                0x0000000000000f9c                uDMAErrIntHandler
                0x0000000000000f9c                UsageFaultIntHandler
                0x0000000000000f9c                RFCCmdAckIntHandler
                0x0000000000000f9c                CryptoIntHandler
                0x0000000000000f9c                Timer0AIntHandler
                0x0000000000000f9c                I2CIntHandler
                0x0000000000000f9c                DebugMonIntHandler
                0x0000000000000f9c                Timer0BIntHandler
                0x0000000000000f9c                AUXCombEventIntHandler
                0x0000000000000f9c                Timer3AIntHandler
                0x0000000000000f9c                DynProgIntHandler
                0x0000000000000f9c                Timer3BIntHandler
 .text.ResetISR
                0x0000000000000fa0       0x58 obj_srf06-cc26xx/startup_gcc.o
                0x0000000000000fa0                ResetISR
 .text.process_thread_udp_server_process
                0x0000000000000ff8      0x178 udp-server.co
 .text.timeout_handler
                0x0000000000001170       0x5c udp-server.co
 .text.fade     0x00000000000011cc       0x64 contiki-srf06-cc26xx.a(contiki-main.o)
 .text.startup.main
                0x0000000000001230      0x254 contiki-srf06-cc26xx.a(contiki-main.o)
                0x0000000000001230                main
 .text.process_thread_sensors_process
                0x0000000000001484       0xf0 contiki-srf06-cc26xx.a(sensors.o)
 .text.sensors_changed
                0x0000000000001574       0x4c contiki-srf06-cc26xx.a(sensors.o)
                0x0000000000001574                sensors_changed
 .text.leds_init
                0x00000000000015c0       0x14 contiki-srf06-cc26xx.a(leds.o)
                0x00000000000015c0                leds_init
 .text.leds_on  0x00000000000015d4       0x14 contiki-srf06-cc26xx.a(leds.o)
                0x00000000000015d4                leds_on
 .text.leds_off
                0x00000000000015e8       0x14 contiki-srf06-cc26xx.a(leds.o)
                0x00000000000015e8                leds_off
 .text.leds_toggle
                0x00000000000015fc       0x14 contiki-srf06-cc26xx.a(leds.o)
                0x00000000000015fc                leds_toggle
 .text.leds_arch_init
                0x0000000000001610       0x34 contiki-srf06-cc26xx.a(leds-arch.o)
                0x0000000000001610                leds_arch_init
 .text.leds_arch_set
                0x0000000000001644       0x34 contiki-srf06-cc26xx.a(leds-arch.o)
                0x0000000000001644                leds_arch_set
 .text.status   0x0000000000001678       0x14 contiki-srf06-cc26xx.a(bmp-280-sensor.)
 .text.notify_ready
                0x000000000000168c       0x14 contiki-srf06-cc26xx.a(bmp-280-sensor.)
 .text.enable_sensor
                0x00000000000016a0       0x2c contiki-srf06-cc26xx.a(bmp-280-sensor.)
 .text.configure
                0x00000000000016cc       0x94 contiki-srf06-cc26xx.a(bmp-280-sensor.)
 .text.value    0x0000000000001760      0x164 contiki-srf06-cc26xx.a(bmp-280-sensor.)
 .text.status   0x00000000000018c4       0x14 contiki-srf06-cc26xx.a(tmp-007-sensor.)
 .text.notify_ready
                0x00000000000018d8       0x14 contiki-srf06-cc26xx.a(tmp-007-sensor.)
 .text.enable_sensor
                0x00000000000018ec       0x2c contiki-srf06-cc26xx.a(tmp-007-sensor.)
 .text.configure
                0x0000000000001918       0x94 contiki-srf06-cc26xx.a(tmp-007-sensor.)
 .text.value    0x00000000000019ac       0xec contiki-srf06-cc26xx.a(tmp-007-sensor.)
 .text.status   0x0000000000001a98        0xc contiki-srf06-cc26xx.a(opt-3001-sensor)
 .text.enable_sensor
                0x0000000000001aa4       0x44 contiki-srf06-cc26xx.a(opt-3001-sensor)
 .text.notify_ready
                0x0000000000001ae8       0x54 contiki-srf06-cc26xx.a(opt-3001-sensor)
 .text.configure
                0x0000000000001b3c       0x4c contiki-srf06-cc26xx.a(opt-3001-sensor)
 .text.status   0x0000000000001b88       0x14 contiki-srf06-cc26xx.a(hdc-1000-sensor)
 .text.notify_ready
                0x0000000000001b9c       0x60 contiki-srf06-cc26xx.a(hdc-1000-sensor)
 .text.configure
                0x0000000000001bfc       0xb8 contiki-srf06-cc26xx.a(hdc-1000-sensor)
 .text.acc_convert
                0x0000000000001cb4       0x70 contiki-srf06-cc26xx.a(mpu-9250-sensor)
 .text.status   0x0000000000001d24       0x14 contiki-srf06-cc26xx.a(mpu-9250-sensor)
 .text.notify_ready
                0x0000000000001d38       0x14 contiki-srf06-cc26xx.a(mpu-9250-sensor)
 .text.sensor_sleep
                0x0000000000001d4c       0x38 contiki-srf06-cc26xx.a(mpu-9250-sensor)
 .text.configure
                0x0000000000001d84       0xdc contiki-srf06-cc26xx.a(mpu-9250-sensor)
 .text.int_status
                0x0000000000001e60       0x28 contiki-srf06-cc26xx.a(mpu-9250-sensor)
 .text.initialise
                0x0000000000001e88       0xf4 contiki-srf06-cc26xx.a(mpu-9250-sensor)
 .text.status.part.0
                0x0000000000001f7c       0x14 contiki-srf06-cc26xx.a(button-sensor.o)
 .text.value_left
                0x0000000000001f90       0x24 contiki-srf06-cc26xx.a(button-sensor.o)
 .text.value_right
                0x0000000000001fb4       0x18 contiki-srf06-cc26xx.a(button-sensor.o)
 .text.status_left
                0x0000000000001fcc       0x10 contiki-srf06-cc26xx.a(button-sensor.o)
 .text.status_right
                0x0000000000001fdc       0x10 contiki-srf06-cc26xx.a(button-sensor.o)
 .text.config_buttons
                0x0000000000001fec       0x80 contiki-srf06-cc26xx.a(button-sensor.o)
 .text.config_left
                0x000000000000206c        0xc contiki-srf06-cc26xx.a(button-sensor.o)
 .text.config_right
                0x0000000000002078        0xc contiki-srf06-cc26xx.a(button-sensor.o)
 .text.button_press_handler
                0x0000000000002084       0x64 contiki-srf06-cc26xx.a(button-sensor.o)
 .text.value    0x00000000000020e8       0x10 contiki-srf06-cc26xx.a(reed-relay.o)
 .text.status   0x00000000000020f8       0x20 contiki-srf06-cc26xx.a(reed-relay.o)
 .text.configure
                0x0000000000002118       0x6c contiki-srf06-cc26xx.a(reed-relay.o)
 .text.reed_interrupt_handler
                0x0000000000002184       0x28 contiki-srf06-cc26xx.a(reed-relay.o)
 .text.power_domains_on
                0x00000000000021ac       0x20 contiki-srf06-cc26xx.a(board.o)
 .text.lpm_wakeup_handler
                0x00000000000021cc        0x4 contiki-srf06-cc26xx.a(board.o)
 .text.shutdown_handler
                0x00000000000021d0       0x6c contiki-srf06-cc26xx.a(board.o)
 .text.board_init
                0x000000000000223c      0x118 contiki-srf06-cc26xx.a(board.o)
                0x000000000000223c                board_init
 .text.i2c_status
                0x0000000000002354       0x38 contiki-srf06-cc26xx.a(board-i2c.o)
 .text.accessible
                0x000000000000238c       0x24 contiki-srf06-cc26xx.a(board-i2c.o)
 .text.board_i2c_wakeup
                0x00000000000023b0       0x5c contiki-srf06-cc26xx.a(board-i2c.o)
                0x00000000000023b0                board_i2c_wakeup
 .text.board_i2c_shutdown
                0x000000000000240c       0xa4 contiki-srf06-cc26xx.a(board-i2c.o)
                0x000000000000240c                board_i2c_shutdown
 .text.board_i2c_write
                0x00000000000024b0       0xd0 contiki-srf06-cc26xx.a(board-i2c.o)
                0x00000000000024b0                board_i2c_write
 .text.board_i2c_write_single
                0x0000000000002580       0x44 contiki-srf06-cc26xx.a(board-i2c.o)
                0x0000000000002580                board_i2c_write_single
 .text.board_i2c_read
                0x00000000000025c4       0xb4 contiki-srf06-cc26xx.a(board-i2c.o)
                0x00000000000025c4                board_i2c_read
 .text.board_i2c_write_read
                0x0000000000002678      0x12c contiki-srf06-cc26xx.a(board-i2c.o)
                0x0000000000002678                board_i2c_write_read
 .text.board_i2c_select
                0x00000000000027a4       0xd0 contiki-srf06-cc26xx.a(board-i2c.o)
                0x00000000000027a4                board_i2c_select
 .text.power_domain_on
                0x0000000000002874       0x20 contiki-srf06-cc26xx.a(clock.o)
 .text.clock_init
                0x0000000000002894       0x98 contiki-srf06-cc26xx.a(clock.o)
                0x0000000000002894                clock_init
 .text.clock_time
                0x000000000000292c       0x34 contiki-srf06-cc26xx.a(clock.o)
                0x000000000000292c                clock_time
 .text.clock_update
                0x0000000000002960       0x3c contiki-srf06-cc26xx.a(clock.o)
                0x0000000000002960                clock_update
 .text.clock_seconds
                0x000000000000299c       0x18 contiki-srf06-cc26xx.a(clock.o)
                0x000000000000299c                clock_seconds
 .text.rtimer_arch_init
                0x00000000000029b4        0x4 contiki-srf06-cc26xx.a(rtimer-arch.o)
                0x00000000000029b4                rtimer_arch_init
 .text.rtimer_arch_schedule
                0x00000000000029b8        0x8 contiki-srf06-cc26xx.a(rtimer-arch.o)
                0x00000000000029b8                rtimer_arch_schedule
 .text.rtimer_arch_now
                0x00000000000029c0        0x4 contiki-srf06-cc26xx.a(rtimer-arch.o)
                0x00000000000029c0                rtimer_arch_now
 .text.soc_rtc_init
                0x00000000000029c4       0xa0 contiki-srf06-cc26xx.a(soc-rtc.o)
                0x00000000000029c4                soc_rtc_init
 .text.soc_rtc_schedule_one_shot
                0x0000000000002a64       0x70 contiki-srf06-cc26xx.a(soc-rtc.o)
                0x0000000000002a64                soc_rtc_schedule_one_shot
 .text.soc_rtc_last_isr_time
                0x0000000000002ad4        0xc contiki-srf06-cc26xx.a(soc-rtc.o)
                0x0000000000002ad4                soc_rtc_last_isr_time
 .text.AONRTCIntHandler
                0x0000000000002ae0       0x88 contiki-srf06-cc26xx.a(soc-rtc.o)
                0x0000000000002ae0                AONRTCIntHandler
 .text.lock_config
                0x0000000000002b68       0x18 contiki-srf06-cc26xx.a(contiki-watchdo)
 .text.unlock_config
                0x0000000000002b80       0x2c contiki-srf06-cc26xx.a(contiki-watchdo)
 .text.watchdog_init
                0x0000000000002bac       0x1c contiki-srf06-cc26xx.a(contiki-watchdo)
                0x0000000000002bac                watchdog_init
 .text.watchdog_start
                0x0000000000002bc8       0x30 contiki-srf06-cc26xx.a(contiki-watchdo)
                0x0000000000002bc8                watchdog_start
 .text.watchdog_periodic
                0x0000000000002bf8       0x1c contiki-srf06-cc26xx.a(contiki-watchdo)
                0x0000000000002bf8                watchdog_periodic
 .text.putchar  0x0000000000002c14       0x10 contiki-srf06-cc26xx.a(putchar.o)
                0x0000000000002c14                putchar
 .text.puts     0x0000000000002c24       0x2c contiki-srf06-cc26xx.a(putchar.o)
                0x0000000000002c24                puts
 .text.dbg_send_bytes
                0x0000000000002c50       0x40 contiki-srf06-cc26xx.a(putchar.o)
                0x0000000000002c50                dbg_send_bytes
 .text.ieee_addr_cpy_to
                0x0000000000002c90       0x44 contiki-srf06-cc26xx.a(ieee-addr.o)
                0x0000000000002c90                ieee_addr_cpy_to
 .text.power_and_clock
                0x0000000000002cd4       0x40 contiki-srf06-cc26xx.a(cc26xx-uart.o)
 .text.enable   0x0000000000002d14       0xec contiki-srf06-cc26xx.a(cc26xx-uart.o)
 .text.accessible
                0x0000000000002e00       0x24 contiki-srf06-cc26xx.a(cc26xx-uart.o)
 .text.lpm_drop_handler
                0x0000000000002e24       0xcc contiki-srf06-cc26xx.a(cc26xx-uart.o)
 .text.cc26xx_uart_init
                0x0000000000002ef0       0x28 contiki-srf06-cc26xx.a(cc26xx-uart.o)
                0x0000000000002ef0                cc26xx_uart_init
 .text.cc26xx_uart_write_byte
                0x0000000000002f18       0x24 contiki-srf06-cc26xx.a(cc26xx-uart.o)
                0x0000000000002f18                cc26xx_uart_write_byte
 .text.cc26xx_uart_busy
                0x0000000000002f3c       0x18 contiki-srf06-cc26xx.a(cc26xx-uart.o)
                0x0000000000002f3c                cc26xx_uart_busy
 .text.UART0IntHandler
                0x0000000000002f54       0x54 contiki-srf06-cc26xx.a(cc26xx-uart.o)
                0x0000000000002f54                UART0IntHandler
 .text.lpm_shutdown
                0x0000000000002fa8      0x194 contiki-srf06-cc26xx.a(lpm.o)
                0x0000000000002fa8                lpm_shutdown
 .text.lpm_sleep
                0x000000000000313c       0x14 contiki-srf06-cc26xx.a(lpm.o)
                0x000000000000313c                lpm_sleep
 .text.lpm_drop
                0x0000000000003150      0x29c contiki-srf06-cc26xx.a(lpm.o)
                0x0000000000003150                lpm_drop
 .text.lpm_register_module
                0x00000000000033ec        0xc contiki-srf06-cc26xx.a(lpm.o)
                0x00000000000033ec                lpm_register_module
 .text.lpm_unregister_module
                0x00000000000033f8        0xc contiki-srf06-cc26xx.a(lpm.o)
                0x00000000000033f8                lpm_unregister_module
 .text.lpm_init
                0x0000000000003404       0x20 contiki-srf06-cc26xx.a(lpm.o)
                0x0000000000003404                lpm_init
 .text.lpm_pin_set_default_state
                0x0000000000003424       0x2c contiki-srf06-cc26xx.a(lpm.o)
                0x0000000000003424                lpm_pin_set_default_state
 .text.gpio_interrupt_register_handler
                0x0000000000003450       0x2c contiki-srf06-cc26xx.a(gpio-interrupt.)
                0x0000000000003450                gpio_interrupt_register_handler
 .text.gpio_interrupt_init
                0x000000000000347c       0x28 contiki-srf06-cc26xx.a(gpio-interrupt.)
                0x000000000000347c                gpio_interrupt_init
 .text.GPIOIntHandler
                0x00000000000034a4       0x30 contiki-srf06-cc26xx.a(gpio-interrupt.)
                0x00000000000034a4                GPIOIntHandler
 .text.oscillators_select_lf_xosc
                0x00000000000034d4       0x50 contiki-srf06-cc26xx.a(oscillators.o)
                0x00000000000034d4                oscillators_select_lf_xosc
 .text.oscillators_select_lf_rcosc
                0x0000000000003524       0x3c contiki-srf06-cc26xx.a(oscillators.o)
                0x0000000000003524                oscillators_select_lf_rcosc
 .text.oscillators_request_hf_xosc
                0x0000000000003560       0x30 contiki-srf06-cc26xx.a(oscillators.o)
                0x0000000000003560                oscillators_request_hf_xosc
 .text.oscillators_switch_to_hf_xosc
                0x0000000000003590       0x34 contiki-srf06-cc26xx.a(oscillators.o)
                0x0000000000003590                oscillators_switch_to_hf_xosc
 .text.oscillators_switch_to_hf_rc
                0x00000000000035c4       0x38 contiki-srf06-cc26xx.a(oscillators.o)
                0x00000000000035c4                oscillators_switch_to_hf_rc
 .text.request  0x00000000000035fc       0x20 contiki-srf06-cc26xx.a(ieee-mode.o)
 .text.rx_on    0x000000000000361c       0x5c contiki-srf06-cc26xx.a(ieee-mode.o)
 .text.prepare  0x0000000000003678       0x1c contiki-srf06-cc26xx.a(ieee-mode.o)
 .text.check_rat_overflow
                0x0000000000003694       0x74 contiki-srf06-cc26xx.a(ieee-mode.o)
 .text.rf_radio_setup
                0x0000000000003708       0x70 contiki-srf06-cc26xx.a(ieee-mode.o)
 .text.soft_on  0x0000000000003778       0x18 contiki-srf06-cc26xx.a(ieee-mode.o)
 .text.pending_packet
                0x0000000000003790       0x48 contiki-srf06-cc26xx.a(ieee-mode.o)
 .text.soft_off
                0x00000000000037d8       0x3c contiki-srf06-cc26xx.a(ieee-mode.o)
 .text.get_object
                0x0000000000003814       0x4c contiki-srf06-cc26xx.a(ieee-mode.o)
 .text.transmitting
                0x0000000000003860       0x48 contiki-srf06-cc26xx.a(ieee-mode.o)
 .text.rx_off   0x00000000000038a8       0x58 contiki-srf06-cc26xx.a(ieee-mode.o)
 .text.off      0x0000000000003900       0x68 contiki-srf06-cc26xx.a(ieee-mode.o)
 .text.get_cca_info
                0x0000000000003968       0x44 contiki-srf06-cc26xx.a(ieee-mode.o)
 .text.set_object
                0x00000000000039ac       0x54 contiki-srf06-cc26xx.a(ieee-mode.o)
 .text.receiving_packet
                0x0000000000003a00       0x34 contiki-srf06-cc26xx.a(ieee-mode.o)
 .text.on       0x0000000000003a34       0xac contiki-srf06-cc26xx.a(ieee-mode.o)
 .text.set_value
                0x0000000000003ae0      0x178 contiki-srf06-cc26xx.a(ieee-mode.o)
 .text.get_value
                0x0000000000003c58      0x160 contiki-srf06-cc26xx.a(ieee-mode.o)
 .text.transmit
                0x0000000000003db8       0xec contiki-srf06-cc26xx.a(ieee-mode.o)
 .text.send     0x0000000000003ea4       0x24 contiki-srf06-cc26xx.a(ieee-mode.o)
 .text.channel_clear
                0x0000000000003ec8       0x5c contiki-srf06-cc26xx.a(ieee-mode.o)
 .text.read_frame
                0x0000000000003f24      0x170 contiki-srf06-cc26xx.a(ieee-mode.o)
 .text.handle_rat_overflow
                0x0000000000004094       0x48 contiki-srf06-cc26xx.a(ieee-mode.o)
 .text.init     0x00000000000040dc      0x118 contiki-srf06-cc26xx.a(ieee-mode.o)
 .text.random_rand
                0x00000000000041f4        0xc contiki-srf06-cc26xx.a(random.o)
                0x00000000000041f4                random_rand
 .text.random_init
                0x0000000000004200        0x4 contiki-srf06-cc26xx.a(random.o)
                0x0000000000004200                random_init
 .text.power_up
                0x0000000000004204       0x40 contiki-srf06-cc26xx.a(soc-trng.o)
 .text.request  0x0000000000004244       0x14 contiki-srf06-cc26xx.a(soc-trng.o)
 .text.process_thread_soc_trng_process
                0x0000000000004258       0xa0 contiki-srf06-cc26xx.a(soc-trng.o)
 .text.accessible
                0x00000000000042f8       0x24 contiki-srf06-cc26xx.a(soc-trng.o)
 .text.soc_trng_rand_synchronous
                0x000000000000431c       0xc0 contiki-srf06-cc26xx.a(soc-trng.o)
                0x000000000000431c                soc_trng_rand_synchronous
 .text.TRNGIntHandler
                0x00000000000043dc       0x50 contiki-srf06-cc26xx.a(soc-trng.o)
                0x00000000000043dc                TRNGIntHandler
 .text.soc_trng_init
                0x000000000000442c       0x28 contiki-srf06-cc26xx.a(soc-trng.o)
                0x000000000000442c                soc_trng_init
 .text.write_str
                0x0000000000004454       0x10 contiki-srf06-cc26xx.a(dbg-printf.o)
 .text.printf   0x0000000000004464       0x24 contiki-srf06-cc26xx.a(dbg-printf.o)
                0x0000000000004464                printf
 .text.buffer_str
                0x0000000000004488       0x18 contiki-srf06-cc26xx.a(dbg-sprintf.o)
 .text.sprintf  0x00000000000044a0       0x34 contiki-srf06-cc26xx.a(dbg-sprintf.o)
                0x00000000000044a0                sprintf
 .text.fill_space
                0x00000000000044d4       0x30 contiki-srf06-cc26xx.a(strformat.o)
 .text.format_str_v
                0x0000000000004504      0x8a8 contiki-srf06-cc26xx.a(strformat.o)
                0x0000000000004504                format_str_v
 .text.process_thread_ctimer_process
                0x0000000000004dac       0x94 contiki-srf06-cc26xx.a(ctimer.o)
 .text.ctimer_init
                0x0000000000004e40       0x28 contiki-srf06-cc26xx.a(ctimer.o)
                0x0000000000004e40                ctimer_init
 .text.ctimer_set_with_process
                0x0000000000004e68       0x4c contiki-srf06-cc26xx.a(ctimer.o)
                0x0000000000004e68                ctimer_set_with_process
 .text.ctimer_set
                0x0000000000004eb4       0x18 contiki-srf06-cc26xx.a(ctimer.o)
                0x0000000000004eb4                ctimer_set
 .text.ctimer_reset
                0x0000000000004ecc       0x38 contiki-srf06-cc26xx.a(ctimer.o)
                0x0000000000004ecc                ctimer_reset
 .text.ctimer_restart
                0x0000000000004f04       0x38 contiki-srf06-cc26xx.a(ctimer.o)
                0x0000000000004f04                ctimer_restart
 .text.ctimer_stop
                0x0000000000004f3c       0x34 contiki-srf06-cc26xx.a(ctimer.o)
                0x0000000000004f3c                ctimer_stop
 .text.autostart_start
                0x0000000000004f70       0x18 contiki-srf06-cc26xx.a(autostart.o)
                0x0000000000004f70                autostart_start
 .text.energest_init
                0x0000000000004f88        0x4 contiki-srf06-cc26xx.a(energest.o)
                0x0000000000004f88                energest_init
 .text.update_time
                0x0000000000004f8c       0x44 contiki-srf06-cc26xx.a(etimer.o)
 .text.process_thread_etimer_process
                0x0000000000004fd0       0xc8 contiki-srf06-cc26xx.a(etimer.o)
 .text.add_timer
                0x0000000000005098       0x54 contiki-srf06-cc26xx.a(etimer.o)
 .text.etimer_request_poll
                0x00000000000050ec        0xc contiki-srf06-cc26xx.a(etimer.o)
                0x00000000000050ec                etimer_request_poll
 .text.etimer_set
                0x00000000000050f8       0x14 contiki-srf06-cc26xx.a(etimer.o)
                0x00000000000050f8                etimer_set
 .text.etimer_reset
                0x000000000000510c       0x14 contiki-srf06-cc26xx.a(etimer.o)
                0x000000000000510c                etimer_reset
 .text.etimer_restart
                0x0000000000005120       0x14 contiki-srf06-cc26xx.a(etimer.o)
                0x0000000000005120                etimer_restart
 .text.etimer_expired
                0x0000000000005134        0xc contiki-srf06-cc26xx.a(etimer.o)
                0x0000000000005134                etimer_expired
 .text.etimer_expiration_time
                0x0000000000005140        0x8 contiki-srf06-cc26xx.a(etimer.o)
                0x0000000000005140                etimer_expiration_time
 .text.etimer_pending
                0x0000000000005148       0x10 contiki-srf06-cc26xx.a(etimer.o)
                0x0000000000005148                etimer_pending
 .text.etimer_next_expiration_time
                0x0000000000005158       0x14 contiki-srf06-cc26xx.a(etimer.o)
                0x0000000000005158                etimer_next_expiration_time
 .text.etimer_stop
                0x000000000000516c       0x4c contiki-srf06-cc26xx.a(etimer.o)
                0x000000000000516c                etimer_stop
 .text.exit_process
                0x00000000000051b8       0xb0 contiki-srf06-cc26xx.a(process.o)
 .text.call_process.part.0
                0x0000000000005268       0x38 contiki-srf06-cc26xx.a(process.o)
 .text.do_poll  0x00000000000052a0       0x3c contiki-srf06-cc26xx.a(process.o)
 .text.process_alloc_event
                0x00000000000052dc       0x10 contiki-srf06-cc26xx.a(process.o)
                0x00000000000052dc                process_alloc_event
 .text.process_exit
                0x00000000000052ec        0xc contiki-srf06-cc26xx.a(process.o)
                0x00000000000052ec                process_exit
 .text.process_init
                0x00000000000052f8       0x34 contiki-srf06-cc26xx.a(process.o)
                0x00000000000052f8                process_init
 .text.process_run
                0x000000000000532c       0xb0 contiki-srf06-cc26xx.a(process.o)
                0x000000000000532c                process_run
 .text.process_nevents
                0x00000000000053dc       0x14 contiki-srf06-cc26xx.a(process.o)
                0x00000000000053dc                process_nevents
 .text.process_post
                0x00000000000053f0       0x44 contiki-srf06-cc26xx.a(process.o)
                0x00000000000053f0                process_post
 .text.process_post_synch
                0x0000000000005434       0x18 contiki-srf06-cc26xx.a(process.o)
                0x0000000000005434                process_post_synch
 .text.process_start
                0x000000000000544c       0x40 contiki-srf06-cc26xx.a(process.o)
                0x000000000000544c                process_start
 .text.process_poll
                0x000000000000548c       0x18 contiki-srf06-cc26xx.a(process.o)
                0x000000000000548c                process_poll
 .text.rtimer_init
                0x00000000000054a4        0x4 contiki-srf06-cc26xx.a(rtimer.o)
                0x00000000000054a4                rtimer_init
 .text.rtimer_set
                0x00000000000054a8       0x28 contiki-srf06-cc26xx.a(rtimer.o)
                0x00000000000054a8                rtimer_set
 .text.rtimer_run_next
                0x00000000000054d0       0x28 contiki-srf06-cc26xx.a(rtimer.o)
                0x00000000000054d0                rtimer_run_next
 .text.timer_set
                0x00000000000054f8       0x10 contiki-srf06-cc26xx.a(timer.o)
                0x00000000000054f8                timer_set
 .text.timer_reset
                0x0000000000005508        0xc contiki-srf06-cc26xx.a(timer.o)
                0x0000000000005508                timer_reset
 .text.timer_restart
                0x0000000000005514        0xc contiki-srf06-cc26xx.a(timer.o)
                0x0000000000005514                timer_restart
 .text.timer_expired
                0x0000000000005520       0x1c contiki-srf06-cc26xx.a(timer.o)
                0x0000000000005520                timer_expired
 .text.process_thread_serial_line_process
                0x000000000000553c       0xac contiki-srf06-cc26xx.a(serial-line.o)
 .text.serial_line_init
                0x00000000000055e8       0x24 contiki-srf06-cc26xx.a(serial-line.o)
                0x00000000000055e8                serial_line_init
 .text.list_init
                0x000000000000560c        0x8 contiki-srf06-cc26xx.a(list.o)
                0x000000000000560c                list_init
 .text.list_head
                0x0000000000005614        0x4 contiki-srf06-cc26xx.a(list.o)
                0x0000000000005614                list_head
 .text.list_add
                0x0000000000005618       0x60 contiki-srf06-cc26xx.a(list.o)
                0x0000000000005618                list_add
 .text.list_push
                0x0000000000005678       0x48 contiki-srf06-cc26xx.a(list.o)
                0x0000000000005678                list_push
 .text.list_remove
                0x00000000000056c0       0x40 contiki-srf06-cc26xx.a(list.o)
                0x00000000000056c0                list_remove
 .text.list_length
                0x0000000000005700       0x14 contiki-srf06-cc26xx.a(list.o)
                0x0000000000005700                list_length
 .text.list_item_next
                0x0000000000005714        0x8 contiki-srf06-cc26xx.a(list.o)
                0x0000000000005714                list_item_next
 .text.ringbuf_init
                0x000000000000571c       0x10 contiki-srf06-cc26xx.a(ringbuf.o)
                0x000000000000571c                ringbuf_init
 .text.ringbuf_get
                0x000000000000572c       0x28 contiki-srf06-cc26xx.a(ringbuf.o)
                0x000000000000572c                ringbuf_get
 .text.uip_ds6_list_loop
                0x0000000000005754       0x68 contiki-srf06-cc26xx.a(uip-ds6.o)
                0x0000000000005754                uip_ds6_list_loop
 .text.uip_ds6_prefix_add
                0x00000000000057bc       0x70 contiki-srf06-cc26xx.a(uip-ds6.o)
                0x00000000000057bc                uip_ds6_prefix_add
 .text.uip_ds6_is_addr_onlink
                0x000000000000582c       0x48 contiki-srf06-cc26xx.a(uip-ds6.o)
                0x000000000000582c                uip_ds6_is_addr_onlink
 .text.uip_ds6_addr_lookup
                0x0000000000005874       0x30 contiki-srf06-cc26xx.a(uip-ds6.o)
                0x0000000000005874                uip_ds6_addr_lookup
 .text.uip_ds6_get_link_local
                0x00000000000058a4       0x4c contiki-srf06-cc26xx.a(uip-ds6.o)
                0x00000000000058a4                uip_ds6_get_link_local
 .text.uip_ds6_maddr_add
                0x00000000000058f0       0x50 contiki-srf06-cc26xx.a(uip-ds6.o)
                0x00000000000058f0                uip_ds6_maddr_add
 .text.uip_ds6_addr_add
                0x0000000000005940       0xac contiki-srf06-cc26xx.a(uip-ds6.o)
                0x0000000000005940                uip_ds6_addr_add
 .text.uip_ds6_maddr_lookup
                0x00000000000059ec       0x30 contiki-srf06-cc26xx.a(uip-ds6.o)
                0x00000000000059ec                uip_ds6_maddr_lookup
 .text.uip_ds6_addr_rm
                0x0000000000005a1c       0x48 contiki-srf06-cc26xx.a(uip-ds6.o)
                0x0000000000005a1c                uip_ds6_addr_rm
 .text.uip_ds6_periodic
                0x0000000000005a64       0x5c contiki-srf06-cc26xx.a(uip-ds6.o)
                0x0000000000005a64                uip_ds6_periodic
 .text.uip_ds6_select_src
                0x0000000000005ac0       0xfc contiki-srf06-cc26xx.a(uip-ds6.o)
                0x0000000000005ac0                uip_ds6_select_src
 .text.uip_ds6_set_addr_iid
                0x0000000000005bbc       0x14 contiki-srf06-cc26xx.a(uip-ds6.o)
                0x0000000000005bbc                uip_ds6_set_addr_iid
 .text.uip_ds6_compute_reachable_time
                0x0000000000005bd0       0x28 contiki-srf06-cc26xx.a(uip-ds6.o)
                0x0000000000005bd0                uip_ds6_compute_reachable_time
 .text.uip_ds6_init
                0x0000000000005bf8       0xf0 contiki-srf06-cc26xx.a(uip-ds6.o)
                0x0000000000005bf8                uip_ds6_init
 .text.call_route_callback
                0x0000000000005ce8       0x50 contiki-srf06-cc26xx.a(uip-ds6-route.o)
 .text.uip_ds6_route_init
                0x0000000000005d38       0x4c contiki-srf06-cc26xx.a(uip-ds6-route.o)
                0x0000000000005d38                uip_ds6_route_init
 .text.uip_ds6_route_nexthop
                0x0000000000005d84       0x1c contiki-srf06-cc26xx.a(uip-ds6-route.o)
                0x0000000000005d84                uip_ds6_route_nexthop
 .text.uip_ds6_route_head
                0x0000000000005da0        0xc contiki-srf06-cc26xx.a(uip-ds6-route.o)
                0x0000000000005da0                uip_ds6_route_head
 .text.uip_ds6_route_next
                0x0000000000005dac        0x8 contiki-srf06-cc26xx.a(uip-ds6-route.o)
                0x0000000000005dac                uip_ds6_route_next
 .text.uip_ds6_route_is_nexthop
                0x0000000000005db4       0x20 contiki-srf06-cc26xx.a(uip-ds6-route.o)
                0x0000000000005db4                uip_ds6_route_is_nexthop
 .text.uip_ds6_route_lookup
                0x0000000000005dd4       0x74 contiki-srf06-cc26xx.a(uip-ds6-route.o)
                0x0000000000005dd4                uip_ds6_route_lookup
 .text.uip_ds6_route_rm
                0x0000000000005e48       0xac contiki-srf06-cc26xx.a(uip-ds6-route.o)
                0x0000000000005e48                uip_ds6_route_rm
 .text.rm_routelist
                0x0000000000005ef4       0x30 contiki-srf06-cc26xx.a(uip-ds6-route.o)
 .text.rm_routelist_callback
                0x0000000000005f24        0x4 contiki-srf06-cc26xx.a(uip-ds6-route.o)
 .text.uip_ds6_route_add
                0x0000000000005f28      0x12c contiki-srf06-cc26xx.a(uip-ds6-route.o)
                0x0000000000005f28                uip_ds6_route_add
 .text.uip_ds6_defrt_rm
                0x0000000000006054       0x48 contiki-srf06-cc26xx.a(uip-ds6-route.o)
                0x0000000000006054                uip_ds6_defrt_rm
 .text.uip_ds6_defrt_lookup
                0x000000000000609c       0x34 contiki-srf06-cc26xx.a(uip-ds6-route.o)
                0x000000000000609c                uip_ds6_defrt_lookup
 .text.uip_ds6_defrt_add
                0x00000000000060d0       0x5c contiki-srf06-cc26xx.a(uip-ds6-route.o)
                0x00000000000060d0                uip_ds6_defrt_add
 .text.uip_ds6_defrt_choose
                0x000000000000612c       0x34 contiki-srf06-cc26xx.a(uip-ds6-route.o)
                0x000000000000612c                uip_ds6_defrt_choose
 .text.uip_ds6_defrt_periodic
                0x0000000000006160       0x3c contiki-srf06-cc26xx.a(uip-ds6-route.o)
                0x0000000000006160                uip_ds6_defrt_periodic
 .text.chksum   0x000000000000619c       0x50 contiki-srf06-cc26xx.a(uip6.o)
 .text.upper_layer_chksum
                0x00000000000061ec       0x58 contiki-srf06-cc26xx.a(uip6.o)
 .text.ext_hdr_options_process
                0x0000000000006244       0xc4 contiki-srf06-cc26xx.a(uip6.o)
 .text.uip_add32
                0x0000000000006308       0x58 contiki-srf06-cc26xx.a(uip6.o)
                0x0000000000006308                uip_add32
 .text.unlikely.uip_add_rcv_nxt
                0x0000000000006360       0x2c contiki-srf06-cc26xx.a(uip6.o)
 .text.uip_icmp6chksum
                0x000000000000638c        0x8 contiki-srf06-cc26xx.a(uip6.o)
                0x000000000000638c                uip_icmp6chksum
 .text.uip_init
                0x0000000000006394       0x5c contiki-srf06-cc26xx.a(uip6.o)
                0x0000000000006394                uip_init
 .text.remove_ext_hdr
                0x00000000000063f0       0x60 contiki-srf06-cc26xx.a(uip6.o)
                0x00000000000063f0                remove_ext_hdr
 .text.uip_udp_new
                0x0000000000006450       0x8c contiki-srf06-cc26xx.a(uip6.o)
                0x0000000000006450                uip_udp_new
 .text.uip_unlisten
                0x00000000000064dc       0x28 contiki-srf06-cc26xx.a(uip6.o)
                0x00000000000064dc                uip_unlisten
 .text.uip_process
                0x0000000000006504     0x1020 contiki-srf06-cc26xx.a(uip6.o)
                0x0000000000006504                uip_process
 .text.uip_htons
                0x0000000000007524        0x8 contiki-srf06-cc26xx.a(uip6.o)
                0x0000000000007524                uip_htons
 .text.uip_htonl
                0x000000000000752c       0x14 contiki-srf06-cc26xx.a(uip6.o)
                0x000000000000752c                uip_htonl
 .text.uip_ds6_nbr_rm
                0x0000000000007540       0x20 contiki-srf06-cc26xx.a(uip-ds6-nbr.o)
                0x0000000000007540                uip_ds6_nbr_rm
 .text.uip_ds6_neighbors_init
                0x0000000000007560       0x1c contiki-srf06-cc26xx.a(uip-ds6-nbr.o)
                0x0000000000007560                uip_ds6_neighbors_init
 .text.uip_ds6_nbr_add
                0x000000000000757c       0x38 contiki-srf06-cc26xx.a(uip-ds6-nbr.o)
                0x000000000000757c                uip_ds6_nbr_add
 .text.uip_ds6_nbr_get_ll
                0x00000000000075b4       0x10 contiki-srf06-cc26xx.a(uip-ds6-nbr.o)
                0x00000000000075b4                uip_ds6_nbr_get_ll
 .text.uip_ds6_nbr_lookup
                0x00000000000075c4       0x3c contiki-srf06-cc26xx.a(uip-ds6-nbr.o)
                0x00000000000075c4                uip_ds6_nbr_lookup
 .text.uip_ds6_nbr_ipaddr_from_lladdr
                0x0000000000007600       0x10 contiki-srf06-cc26xx.a(uip-ds6-nbr.o)
                0x0000000000007600                uip_ds6_nbr_ipaddr_from_lladdr
 .text.uip_ds6_nbr_lladdr_from_ipaddr
                0x0000000000007610       0x1c contiki-srf06-cc26xx.a(uip-ds6-nbr.o)
                0x0000000000007610                uip_ds6_nbr_lladdr_from_ipaddr
 .text.uip_ds6_link_neighbor_callback
                0x000000000000762c       0x34 contiki-srf06-cc26xx.a(uip-ds6-nbr.o)
                0x000000000000762c                uip_ds6_link_neighbor_callback
 .text.ns_input
                0x0000000000007660      0x2a0 contiki-srf06-cc26xx.a(uip-nd6.o)
 .text.uip_nd6_init
                0x0000000000007900        0xc contiki-srf06-cc26xx.a(uip-nd6.o)
                0x0000000000007900                uip_nd6_init
 .text.sicslowpan_init
                0x000000000000790c       0x24 contiki-srf06-cc26xx.a(sicslowpan.o)
                0x000000000000790c                sicslowpan_init
 .text.compress_addr_64
                0x0000000000007930       0x9c contiki-srf06-cc26xx.a(sicslowpan.o)
 .text.set_packet_attrs
                0x00000000000079cc       0x4c contiki-srf06-cc26xx.a(sicslowpan.o)
 .text.addr_context_lookup_by_prefix
                0x0000000000007a18       0x28 contiki-srf06-cc26xx.a(sicslowpan.o)
 .text.send_packet
                0x0000000000007a40       0x24 contiki-srf06-cc26xx.a(sicslowpan.o)
 .text.packet_sent
                0x0000000000007a64       0x28 contiki-srf06-cc26xx.a(sicslowpan.o)
 .text.store_fragment
                0x0000000000007a8c       0x6c contiki-srf06-cc26xx.a(sicslowpan.o)
 .text.add_fragment
                0x0000000000007af8      0x1b4 contiki-srf06-cc26xx.a(sicslowpan.o)
 .text.uncompress_addr
                0x0000000000007cac       0x8c contiki-srf06-cc26xx.a(sicslowpan.o)
 .text.input    0x0000000000007d38      0x6dc contiki-srf06-cc26xx.a(sicslowpan.o)
 .text.output   0x0000000000008414      0x748 contiki-srf06-cc26xx.a(sicslowpan.o)
 .text.uip_udp_packet_send
                0x0000000000008b5c       0x40 contiki-srf06-cc26xx.a(uip-udp-packet.)
                0x0000000000008b5c                uip_udp_packet_send
 .text.uip_udp_packet_sendto
                0x0000000000008b9c       0x4c contiki-srf06-cc26xx.a(uip-udp-packet.)
                0x0000000000008b9c                uip_udp_packet_sendto
 .text.start_periodic_tcp_timer
                0x0000000000008be8       0x1c contiki-srf06-cc26xx.a(tcpip.o)
 .text.tcpip_set_outputfunc
                0x0000000000008c04        0xc contiki-srf06-cc26xx.a(tcpip.o)
                0x0000000000008c04                tcpip_set_outputfunc
 .text.udp_new  0x0000000000008c10       0x18 contiki-srf06-cc26xx.a(tcpip.o)
                0x0000000000008c10                udp_new
 .text.tcpip_icmp6_call
                0x0000000000008c28       0x28 contiki-srf06-cc26xx.a(tcpip.o)
                0x0000000000008c28                tcpip_icmp6_call
 .text.tcpip_input
                0x0000000000008c50       0x24 contiki-srf06-cc26xx.a(tcpip.o)
                0x0000000000008c50                tcpip_input
 .text.tcpip_ipv6_output
                0x0000000000008c74       0xbc contiki-srf06-cc26xx.a(tcpip.o)
                0x0000000000008c74                tcpip_ipv6_output
 .text.process_thread_tcpip_process
                0x0000000000008d30      0x1c8 contiki-srf06-cc26xx.a(tcpip.o)
 .text.tcpip_poll_udp
                0x0000000000008ef8       0x10 contiki-srf06-cc26xx.a(tcpip.o)
                0x0000000000008ef8                tcpip_poll_udp
 .text.tcpip_uipcall
                0x0000000000008f08       0x70 contiki-srf06-cc26xx.a(tcpip.o)
                0x0000000000008f08                tcpip_uipcall
 .text.dns_name_isequal
                0x0000000000008f78       0xc0 contiki-srf06-cc26xx.a(resolv.o)
 .text.encode_name
                0x0000000000009038       0x68 contiki-srf06-cc26xx.a(resolv.o)
 .text.mdns_write_announce_records
                0x00000000000090a0       0x9c contiki-srf06-cc26xx.a(resolv.o)
 .text.mdns_prep_host_announce_packet
                0x000000000000913c       0xa4 contiki-srf06-cc26xx.a(resolv.o)
 .text.remove_trailing_dots
                0x00000000000091e0       0x50 contiki-srf06-cc26xx.a(resolv.o)
 .text.resolv_found
                0x0000000000009230       0xf8 contiki-srf06-cc26xx.a(resolv.o)
 .text.resolv_set_hostname
                0x0000000000009328       0x68 contiki-srf06-cc26xx.a(resolv.o)
                0x0000000000009328                resolv_set_hostname
 .text.process_thread_resolv_process
                0x0000000000009390      0x7ec contiki-srf06-cc26xx.a(resolv.o)
 .text.resolv_query
                0x0000000000009b7c      0x14c contiki-srf06-cc26xx.a(resolv.o)
                0x0000000000009b7c                resolv_query
 .text.process_thread_mdns_probe_process
                0x0000000000009cc8       0xac contiki-srf06-cc26xx.a(resolv.o)
 .text.uip_nameserver_get
                0x0000000000009d74       0x10 contiki-srf06-cc26xx.a(uip-nameserver.)
                0x0000000000009d74                uip_nameserver_get
 .text.uip_debug_ipaddr_print
                0x0000000000009d84       0xb4 contiki-srf06-cc26xx.a(uip-debug.o)
                0x0000000000009d84                uip_debug_ipaddr_print
 .text.lollipop_greater_than
                0x0000000000009e38       0x3c contiki-srf06-cc26xx.a(rpl-dag.o)
 .text.rpl_set_preferred_parent
                0x0000000000009e74       0x28 contiki-srf06-cc26xx.a(rpl-dag.o)
 .text.set_ip_from_prefix
                0x0000000000009e9c       0x2c contiki-srf06-cc26xx.a(rpl-dag.o)
 .text.check_prefix
                0x0000000000009ec8       0x60 contiki-srf06-cc26xx.a(rpl-dag.o)
 .text.find_parent_any_dag_any_instance
                0x0000000000009f28       0x1c contiki-srf06-cc26xx.a(rpl-dag.o)
 .text.rpl_dag_init
                0x0000000000009f44       0x14 contiki-srf06-cc26xx.a(rpl-dag.o)
                0x0000000000009f44                rpl_dag_init
 .text.rpl_get_parent
                0x0000000000009f58       0x10 contiki-srf06-cc26xx.a(rpl-dag.o)
                0x0000000000009f58                rpl_get_parent
 .text.rpl_rank_via_parent
                0x0000000000009f68       0x20 contiki-srf06-cc26xx.a(rpl-dag.o)
                0x0000000000009f68                rpl_rank_via_parent
 .text.rpl_get_parent_ipaddr
                0x0000000000009f88       0x18 contiki-srf06-cc26xx.a(rpl-dag.o)
                0x0000000000009f88                rpl_get_parent_ipaddr
 .text.rpl_get_parent_link_stats
                0x0000000000009fa0       0x18 contiki-srf06-cc26xx.a(rpl-dag.o)
                0x0000000000009fa0                rpl_get_parent_link_stats
 .text.best_parent
                0x0000000000009fb8       0x84 contiki-srf06-cc26xx.a(rpl-dag.o)
 .text.rpl_parent_is_fresh
                0x000000000000a03c       0x10 contiki-srf06-cc26xx.a(rpl-dag.o)
                0x000000000000a03c                rpl_parent_is_fresh
 .text.rpl_parent_is_reachable
                0x000000000000a04c       0x40 contiki-srf06-cc26xx.a(rpl-dag.o)
                0x000000000000a04c                rpl_parent_is_reachable
 .text.rpl_repair_root
                0x000000000000a08c       0x5c contiki-srf06-cc26xx.a(rpl-dag.o)
                0x000000000000a08c                rpl_repair_root
 .text.rpl_set_prefix
                0x000000000000a0e8       0x98 contiki-srf06-cc26xx.a(rpl-dag.o)
                0x000000000000a0e8                rpl_set_prefix
 .text.rpl_set_default_route
                0x000000000000a180       0x30 contiki-srf06-cc26xx.a(rpl-dag.o)
                0x000000000000a180                rpl_set_default_route
 .text.rpl_alloc_instance
                0x000000000000a1b0       0x34 contiki-srf06-cc26xx.a(rpl-dag.o)
                0x000000000000a1b0                rpl_alloc_instance
 .text.rpl_alloc_dag
                0x000000000000a1e4       0x5c contiki-srf06-cc26xx.a(rpl-dag.o)
                0x000000000000a1e4                rpl_alloc_dag
 .text.rpl_add_parent
                0x000000000000a240       0x30 contiki-srf06-cc26xx.a(rpl-dag.o)
                0x000000000000a240                rpl_add_parent
 .text.rpl_find_parent
                0x000000000000a270       0x18 contiki-srf06-cc26xx.a(rpl-dag.o)
                0x000000000000a270                rpl_find_parent
 .text.rpl_find_parent_any_dag
                0x000000000000a288       0x24 contiki-srf06-cc26xx.a(rpl-dag.o)
                0x000000000000a288                rpl_find_parent_any_dag
 .text.rpl_select_parent
                0x000000000000a2ac       0x58 contiki-srf06-cc26xx.a(rpl-dag.o)
                0x000000000000a2ac                rpl_select_parent
 .text.rpl_select_dag
                0x000000000000a304      0x184 contiki-srf06-cc26xx.a(rpl-dag.o)
                0x000000000000a304                rpl_select_dag
 .text.rpl_nullify_parent
                0x000000000000a488       0x58 contiki-srf06-cc26xx.a(rpl-dag.o)
                0x000000000000a488                rpl_nullify_parent
 .text.rpl_remove_parent
                0x000000000000a4e0       0x1c contiki-srf06-cc26xx.a(rpl-dag.o)
                0x000000000000a4e0                rpl_remove_parent
 .text.nbr_callback
                0x000000000000a4fc        0x4 contiki-srf06-cc26xx.a(rpl-dag.o)
 .text.remove_parents.constprop.4
                0x000000000000a500       0x44 contiki-srf06-cc26xx.a(rpl-dag.o)
 .text.rpl_free_dag
                0x000000000000a544       0x3c contiki-srf06-cc26xx.a(rpl-dag.o)
                0x000000000000a544                rpl_free_dag
 .text.rpl_move_parent
                0x000000000000a580       0x58 contiki-srf06-cc26xx.a(rpl-dag.o)
                0x000000000000a580                rpl_move_parent
 .text.rpl_get_any_dag
                0x000000000000a5d8       0x18 contiki-srf06-cc26xx.a(rpl-dag.o)
                0x000000000000a5d8                rpl_get_any_dag
 .text.rpl_get_instance
                0x000000000000a5f0       0x20 contiki-srf06-cc26xx.a(rpl-dag.o)
                0x000000000000a5f0                rpl_get_instance
 .text.rpl_join_instance
                0x000000000000a610      0x168 contiki-srf06-cc26xx.a(rpl-dag.o)
                0x000000000000a610                rpl_join_instance
 .text.rpl_local_repair
                0x000000000000a778       0x88 contiki-srf06-cc26xx.a(rpl-dag.o)
                0x000000000000a778                rpl_local_repair
 .text.rpl_process_parent_event
                0x000000000000a800       0x9c contiki-srf06-cc26xx.a(rpl-dag.o)
                0x000000000000a800                rpl_process_parent_event
 .text.rpl_add_dag
                0x000000000000a89c      0x14c contiki-srf06-cc26xx.a(rpl-dag.o)
                0x000000000000a89c                rpl_add_dag
 .text.rpl_recalculate_ranks
                0x000000000000a9e8       0x44 contiki-srf06-cc26xx.a(rpl-dag.o)
                0x000000000000a9e8                rpl_recalculate_ranks
 .text.rpl_process_dio
                0x000000000000aa2c      0x348 contiki-srf06-cc26xx.a(rpl-dag.o)
                0x000000000000aa2c                rpl_process_dio
 .text.new_dio_interval
                0x000000000000ad74       0x64 contiki-srf06-cc26xx.a(rpl-timers.o)
 .text.handle_periodic_timer
                0x000000000000add8       0x58 contiki-srf06-cc26xx.a(rpl-timers.o)
 .text.set_dao_lifetime_timer
                0x000000000000ae30       0x48 contiki-srf06-cc26xx.a(rpl-timers.o)
 .text.handle_unicast_dio_timer
                0x000000000000ae78       0x1c contiki-srf06-cc26xx.a(rpl-timers.o)
 .text.handle_dio_timer
                0x000000000000ae94       0x8c contiki-srf06-cc26xx.a(rpl-timers.o)
 .text.schedule_dao
                0x000000000000af20       0x54 contiki-srf06-cc26xx.a(rpl-timers.o)
 .text.handle_dao_timer
                0x000000000000af74       0x5c contiki-srf06-cc26xx.a(rpl-timers.o)
 .text.rpl_reset_periodic_timer
                0x000000000000afd0       0x3c contiki-srf06-cc26xx.a(rpl-timers.o)
                0x000000000000afd0                rpl_reset_periodic_timer
 .text.rpl_reset_dio_timer
                0x000000000000b00c       0x1c contiki-srf06-cc26xx.a(rpl-timers.o)
                0x000000000000b00c                rpl_reset_dio_timer
 .text.rpl_schedule_dao
                0x000000000000b028        0x8 contiki-srf06-cc26xx.a(rpl-timers.o)
                0x000000000000b028                rpl_schedule_dao
 .text.rpl_schedule_dao_immediately
                0x000000000000b030        0x8 contiki-srf06-cc26xx.a(rpl-timers.o)
                0x000000000000b030                rpl_schedule_dao_immediately
 .text.rpl_cancel_dao
                0x000000000000b038       0x18 contiki-srf06-cc26xx.a(rpl-timers.o)
                0x000000000000b038                rpl_cancel_dao
 .text.rpl_schedule_unicast_dio_immediately
                0x000000000000b050       0x14 contiki-srf06-cc26xx.a(rpl-timers.o)
                0x000000000000b050                rpl_schedule_unicast_dio_immediately
 .text.get_probing_delay
                0x000000000000b064       0x4c contiki-srf06-cc26xx.a(rpl-timers.o)
                0x000000000000b064                get_probing_delay
 .text.get_probing_target
                0x000000000000b0b0       0xe0 contiki-srf06-cc26xx.a(rpl-timers.o)
                0x000000000000b0b0                get_probing_target
 .text.rpl_schedule_probing
                0x000000000000b190       0x20 contiki-srf06-cc26xx.a(rpl-timers.o)
                0x000000000000b190                rpl_schedule_probing
 .text.handle_probing_timer
                0x000000000000b1b0       0x34 contiki-srf06-cc26xx.a(rpl-timers.o)
 .text.update_hbh_header
                0x000000000000b1e4       0xcc contiki-srf06-cc26xx.a(rpl-ext-header.)
 .text.insert_hbh_header.isra.0
                0x000000000000b2b0       0xb4 contiki-srf06-cc26xx.a(rpl-ext-header.)
 .text.rpl_verify_hbh_header
                0x000000000000b364       0xf0 contiki-srf06-cc26xx.a(rpl-ext-header.)
                0x000000000000b364                rpl_verify_hbh_header
 .text.rpl_remove_header
                0x000000000000b454       0x7c contiki-srf06-cc26xx.a(rpl-ext-header.)
                0x000000000000b454                rpl_remove_header
 .text.rpl_update_header
                0x000000000000b4d0       0x68 contiki-srf06-cc26xx.a(rpl-ext-header.)
                0x000000000000b4d0                rpl_update_header
 .text.rpl_get_mode
                0x000000000000b538        0xc contiki-srf06-cc26xx.a(rpl.o)
                0x000000000000b538                rpl_get_mode
 .text.rpl_set_mode
                0x000000000000b544       0x78 contiki-srf06-cc26xx.a(rpl.o)
                0x000000000000b544                rpl_set_mode
 .text.rpl_purge_routes
                0x000000000000b5bc       0xa8 contiki-srf06-cc26xx.a(rpl.o)
                0x000000000000b5bc                rpl_purge_routes
 .text.rpl_remove_routes
                0x000000000000b664       0x2c contiki-srf06-cc26xx.a(rpl.o)
                0x000000000000b664                rpl_remove_routes
 .text.rpl_remove_routes_by_nexthop
                0x000000000000b690       0x38 contiki-srf06-cc26xx.a(rpl.o)
                0x000000000000b690                rpl_remove_routes_by_nexthop
 .text.rpl_add_route
                0x000000000000b6c8       0x7c contiki-srf06-cc26xx.a(rpl.o)
                0x000000000000b6c8                rpl_add_route
 .text.rpl_link_neighbor_callback
                0x000000000000b744       0x64 contiki-srf06-cc26xx.a(rpl.o)
                0x000000000000b744                rpl_link_neighbor_callback
 .text.rpl_ipv6_neighbor_callback
                0x000000000000b7a8       0x58 contiki-srf06-cc26xx.a(rpl.o)
                0x000000000000b7a8                rpl_ipv6_neighbor_callback
 .text.rpl_purge_dags
                0x000000000000b800       0x58 contiki-srf06-cc26xx.a(rpl.o)
                0x000000000000b800                rpl_purge_dags
 .text.rpl_init
                0x000000000000b858       0x58 contiki-srf06-cc26xx.a(rpl.o)
                0x000000000000b858                rpl_init
 .text.reset    0x000000000000b8b0        0x4 contiki-srf06-cc26xx.a(rpl-mrhof.o)
 .text.update_metric_container
                0x000000000000b8b4        0x8 contiki-srf06-cc26xx.a(rpl-mrhof.o)
 .text.parent_link_metric
                0x000000000000b8bc       0x14 contiki-srf06-cc26xx.a(rpl-mrhof.o)
 .text.parent_has_usable_link
                0x000000000000b8d0       0x18 contiki-srf06-cc26xx.a(rpl-mrhof.o)
 .text.best_dag
                0x000000000000b8e8       0x2c contiki-srf06-cc26xx.a(rpl-mrhof.o)
 .text.parent_path_cost
                0x000000000000b914       0x44 contiki-srf06-cc26xx.a(rpl-mrhof.o)
 .text.parent_is_acceptable
                0x000000000000b958       0x30 contiki-srf06-cc26xx.a(rpl-mrhof.o)
 .text.rank_via_parent
                0x000000000000b988       0x34 contiki-srf06-cc26xx.a(rpl-mrhof.o)
 .text.best_parent
                0x000000000000b9bc       0x68 contiki-srf06-cc26xx.a(rpl-mrhof.o)
 .text.get32    0x000000000000ba24       0x18 contiki-srf06-cc26xx.a(rpl-icmp6.o)
 .text.dao_ack_input
                0x000000000000ba3c       0x14 contiki-srf06-cc26xx.a(rpl-icmp6.o)
 .text.dao_output_target_seq
                0x000000000000ba50      0x118 contiki-srf06-cc26xx.a(rpl-icmp6.o)
 .text.dio_input
                0x000000000000bb68      0x29c contiki-srf06-cc26xx.a(rpl-icmp6.o)
 .text.rpl_icmp6_update_nbr_table
                0x000000000000be04       0x38 contiki-srf06-cc26xx.a(rpl-icmp6.o)
                0x000000000000be04                rpl_icmp6_update_nbr_table
 .text.dao_input
                0x000000000000be3c      0x304 contiki-srf06-cc26xx.a(rpl-icmp6.o)
 .text.dis_output
                0x000000000000c140       0x58 contiki-srf06-cc26xx.a(rpl-icmp6.o)
                0x000000000000c140                dis_output
 .text.dio_output
                0x000000000000c198      0x308 contiki-srf06-cc26xx.a(rpl-icmp6.o)
                0x000000000000c198                dio_output
 .text.dis_input
                0x000000000000c4a0       0x54 contiki-srf06-cc26xx.a(rpl-icmp6.o)
 .text.dao_output
                0x000000000000c4f4       0x9c contiki-srf06-cc26xx.a(rpl-icmp6.o)
                0x000000000000c4f4                dao_output
 .text.dao_output_target
                0x000000000000c590        0xc contiki-srf06-cc26xx.a(rpl-icmp6.o)
                0x000000000000c590                dao_output_target
 .text.rpl_icmp6_register_handlers
                0x000000000000c59c       0x30 contiki-srf06-cc26xx.a(rpl-icmp6.o)
                0x000000000000c59c                rpl_icmp6_register_handlers
 .text.TrimAfterColdResetWakeupFromShutDown
                0x000000000000c5cc       0xdc contiki-srf06-cc26xx.a(setup.o)
 .text.NOROM_SetupTrimDevice
                0x000000000000c6a8       0xa4 contiki-srf06-cc26xx.a(setup.o)
                0x000000000000c6a8                NOROM_SetupTrimDevice
 .text.SafeHapiVoid
                0x000000000000c74c       0x2c contiki-srf06-cc26xx.a(adi.o)
                0x000000000000c74c                SafeHapiVoid
 .text.NOROM_DDI32RegWrite
                0x000000000000c778       0x34 contiki-srf06-cc26xx.a(ddi.o)
                0x000000000000c778                NOROM_DDI32RegWrite
 .text.NOROM_DDI16BitfieldWrite
                0x000000000000c7ac       0x48 contiki-srf06-cc26xx.a(ddi.o)
                0x000000000000c7ac                NOROM_DDI16BitfieldWrite
 .text.NOROM_DDI16BitfieldRead
                0x000000000000c7f4       0x4c contiki-srf06-cc26xx.a(ddi.o)
                0x000000000000c7f4                NOROM_DDI16BitfieldRead
 .text.NOROM_PowerCtrlSourceSet
                0x000000000000c840       0x30 contiki-srf06-cc26xx.a(pwr_ctrl.o)
                0x000000000000c840                NOROM_PowerCtrlSourceSet
 .text.NOROM_OSCClockSourceSet
                0x000000000000c870       0x50 contiki-srf06-cc26xx.a(osc.o)
                0x000000000000c870                NOROM_OSCClockSourceSet
 .text.NOROM_OSCClockSourceGet
                0x000000000000c8c0       0x24 contiki-srf06-cc26xx.a(osc.o)
                0x000000000000c8c0                NOROM_OSCClockSourceGet
 .text.NOROM_TRNGConfigure
                0x000000000000c8e4       0x38 contiki-srf06-cc26xx.a(trng.o)
                0x000000000000c8e4                NOROM_TRNGConfigure
 .text.NOROM_CPUcpsid
                0x000000000000c91c        0x8 contiki-srf06-cc26xx.a(cpu.o)
                0x000000000000c91c                NOROM_CPUcpsid
 .text.NOROM_CPUcpsie
                0x000000000000c924        0x8 contiki-srf06-cc26xx.a(cpu.o)
                0x000000000000c924                NOROM_CPUcpsie
 .text.NOROM_CPUdelay
                0x000000000000c92c        0x8 contiki-srf06-cc26xx.a(cpu.o)
                0x000000000000c92c                NOROM_CPUdelay
 .text.NOROM_SysCtrlSetRechargeBeforePowerDown
                0x000000000000c934      0x290 contiki-srf06-cc26xx.a(sys_ctrl.o)
                0x000000000000c934                NOROM_SysCtrlSetRechargeBeforePowerDown
 .text.NOROM_SysCtrlAdjustRechargeAfterPowerDown
                0x000000000000cbc4       0x6c contiki-srf06-cc26xx.a(sys_ctrl.o)
                0x000000000000cbc4                NOROM_SysCtrlAdjustRechargeAfterPowerDown
 .text.NOROM_SysCtrl_DCDC_VoltageConditionalControl
                0x000000000000cc30       0x7c contiki-srf06-cc26xx.a(sys_ctrl.o)
                0x000000000000cc30                NOROM_SysCtrl_DCDC_VoltageConditionalControl
 .text.NOROM_AONRTCCurrentCompareValueGet
                0x000000000000ccac       0x24 contiki-srf06-cc26xx.a(aon_rtc.o)
                0x000000000000ccac                NOROM_AONRTCCurrentCompareValueGet
 .text.NOROM_ChipInfo_GetSupportedProtocol_BV
                0x000000000000ccd0       0x10 contiki-srf06-cc26xx.a(chipinfo.o)
                0x000000000000ccd0                NOROM_ChipInfo_GetSupportedProtocol_BV
 .text.NOROM_ChipInfo_GetChipFamily
                0x000000000000cce0       0x50 contiki-srf06-cc26xx.a(chipinfo.o)
                0x000000000000cce0                NOROM_ChipInfo_GetChipFamily
 .text.NOROM_ChipInfo_GetChipType
                0x000000000000cd30       0x58 contiki-srf06-cc26xx.a(chipinfo.o)
                0x000000000000cd30                NOROM_ChipInfo_GetChipType
 .text.NOROM_ChipInfo_GetHwRevision
                0x000000000000cd88       0x74 contiki-srf06-cc26xx.a(chipinfo.o)
                0x000000000000cd88                NOROM_ChipInfo_GetHwRevision
 .text.NOROM_ThisCodeIsBuiltForCC26xxHwRev22AndLater_HaltIfViolated
                0x000000000000cdfc       0x14 contiki-srf06-cc26xx.a(chipinfo.o)
                0x000000000000cdfc                NOROM_ThisCodeIsBuiltForCC26xxHwRev22AndLater_HaltIfViolated
 .text.queuebuf_init
                0x000000000000ce10       0x1c contiki-srf06-cc26xx.a(queuebuf.o)
                0x000000000000ce10                queuebuf_init
 .text.queuebuf_numfree
                0x000000000000ce2c        0xc contiki-srf06-cc26xx.a(queuebuf.o)
                0x000000000000ce2c                queuebuf_numfree
 .text.queuebuf_new_from_packetbuf
                0x000000000000ce38       0x48 contiki-srf06-cc26xx.a(queuebuf.o)
                0x000000000000ce38                queuebuf_new_from_packetbuf
 .text.queuebuf_update_attr_from_packetbuf
                0x000000000000ce80        0xc contiki-srf06-cc26xx.a(queuebuf.o)
                0x000000000000ce80                queuebuf_update_attr_from_packetbuf
 .text.queuebuf_update_from_packetbuf
                0x000000000000ce8c       0x1c contiki-srf06-cc26xx.a(queuebuf.o)
                0x000000000000ce8c                queuebuf_update_from_packetbuf
 .text.queuebuf_free
                0x000000000000cea8       0x2c contiki-srf06-cc26xx.a(queuebuf.o)
                0x000000000000cea8                queuebuf_free
 .text.queuebuf_to_packetbuf
                0x000000000000ced4       0x30 contiki-srf06-cc26xx.a(queuebuf.o)
                0x000000000000ced4                queuebuf_to_packetbuf
 .text.queuebuf_attr
                0x000000000000cf04        0xc contiki-srf06-cc26xx.a(queuebuf.o)
                0x000000000000cf04                queuebuf_attr
 .text.nbr_set_bit
                0x000000000000cf10       0x44 contiki-srf06-cc26xx.a(nbr-table.o)
 .text.index_from_lladdr
                0x000000000000cf54       0x50 contiki-srf06-cc26xx.a(nbr-table.o)
 .text.nbr_get_bit.constprop.0
                0x000000000000cfa4       0x2c contiki-srf06-cc26xx.a(nbr-table.o)
 .text.remove_key
                0x000000000000cfd0       0xa0 contiki-srf06-cc26xx.a(nbr-table.o)
 .text.nbr_table_register
                0x000000000000d070       0x2c contiki-srf06-cc26xx.a(nbr-table.o)
                0x000000000000d070                nbr_table_register
 .text.nbr_table_next
                0x000000000000d09c       0x78 contiki-srf06-cc26xx.a(nbr-table.o)
                0x000000000000d09c                nbr_table_next
 .text.nbr_table_head
                0x000000000000d114       0x5c contiki-srf06-cc26xx.a(nbr-table.o)
                0x000000000000d114                nbr_table_head
 .text.nbr_table_add_lladdr
                0x000000000000d170      0x128 contiki-srf06-cc26xx.a(nbr-table.o)
                0x000000000000d170                nbr_table_add_lladdr
 .text.nbr_table_get_from_lladdr
                0x000000000000d298       0x34 contiki-srf06-cc26xx.a(nbr-table.o)
                0x000000000000d298                nbr_table_get_from_lladdr
 .text.nbr_table_remove
                0x000000000000d2cc       0x2c contiki-srf06-cc26xx.a(nbr-table.o)
                0x000000000000d2cc                nbr_table_remove
 .text.nbr_table_lock
                0x000000000000d2f8       0x10 contiki-srf06-cc26xx.a(nbr-table.o)
                0x000000000000d2f8                nbr_table_lock
 .text.nbr_table_unlock
                0x000000000000d308       0x10 contiki-srf06-cc26xx.a(nbr-table.o)
                0x000000000000d308                nbr_table_unlock
 .text.nbr_table_get_lladdr
                0x000000000000d318       0x30 contiki-srf06-cc26xx.a(nbr-table.o)
                0x000000000000d318                nbr_table_get_lladdr
 .text.nbr_table_update_lladdr
                0x000000000000d348       0x54 contiki-srf06-cc26xx.a(nbr-table.o)
                0x000000000000d348                nbr_table_update_lladdr
 .text.packetbuf_copyto
                0x000000000000d39c       0x50 contiki-srf06-cc26xx.a(packetbuf.o)
                0x000000000000d39c                packetbuf_copyto
 .text.packetbuf_hdralloc
                0x000000000000d3ec       0x58 contiki-srf06-cc26xx.a(packetbuf.o)
                0x000000000000d3ec                packetbuf_hdralloc
 .text.packetbuf_hdrreduce
                0x000000000000d444       0x30 contiki-srf06-cc26xx.a(packetbuf.o)
                0x000000000000d444                packetbuf_hdrreduce
 .text.packetbuf_set_datalen
                0x000000000000d474        0xc contiki-srf06-cc26xx.a(packetbuf.o)
                0x000000000000d474                packetbuf_set_datalen
 .text.packetbuf_dataptr
                0x000000000000d480       0x20 contiki-srf06-cc26xx.a(packetbuf.o)
                0x000000000000d480                packetbuf_dataptr
 .text.packetbuf_hdrptr
                0x000000000000d4a0        0x8 contiki-srf06-cc26xx.a(packetbuf.o)
                0x000000000000d4a0                packetbuf_hdrptr
 .text.packetbuf_datalen
                0x000000000000d4a8        0xc contiki-srf06-cc26xx.a(packetbuf.o)
                0x000000000000d4a8                packetbuf_datalen
 .text.packetbuf_totlen
                0x000000000000d4b4       0x24 contiki-srf06-cc26xx.a(packetbuf.o)
                0x000000000000d4b4                packetbuf_totlen
 .text.packetbuf_attr_clear
                0x000000000000d4d8       0x4c contiki-srf06-cc26xx.a(packetbuf.o)
                0x000000000000d4d8                packetbuf_attr_clear
 .text.packetbuf_clear
                0x000000000000d524       0x20 contiki-srf06-cc26xx.a(packetbuf.o)
                0x000000000000d524                packetbuf_clear
 .text.packetbuf_copyfrom
                0x000000000000d544       0x40 contiki-srf06-cc26xx.a(packetbuf.o)
                0x000000000000d544                packetbuf_copyfrom
 .text.packetbuf_attr_copyto
                0x000000000000d584       0x38 contiki-srf06-cc26xx.a(packetbuf.o)
                0x000000000000d584                packetbuf_attr_copyto
 .text.packetbuf_attr_copyfrom
                0x000000000000d5bc       0x38 contiki-srf06-cc26xx.a(packetbuf.o)
                0x000000000000d5bc                packetbuf_attr_copyfrom
 .text.packetbuf_set_attr
                0x000000000000d5f4       0x10 contiki-srf06-cc26xx.a(packetbuf.o)
                0x000000000000d5f4                packetbuf_set_attr
 .text.packetbuf_attr
                0x000000000000d604        0xc contiki-srf06-cc26xx.a(packetbuf.o)
                0x000000000000d604                packetbuf_attr
 .text.packetbuf_set_addr
                0x000000000000d610       0x18 contiki-srf06-cc26xx.a(packetbuf.o)
                0x000000000000d610                packetbuf_set_addr
 .text.packetbuf_addr
                0x000000000000d628       0x10 contiki-srf06-cc26xx.a(packetbuf.o)
                0x000000000000d628                packetbuf_addr
 .text.packetbuf_holds_broadcast
                0x000000000000d638       0x10 contiki-srf06-cc26xx.a(packetbuf.o)
                0x000000000000d638                packetbuf_holds_broadcast
 .text.netstack_init
                0x000000000000d648       0x38 contiki-srf06-cc26xx.a(netstack.o)
                0x000000000000d648                netstack_init
 .text.linkaddr_copy
                0x000000000000d680        0xc contiki-srf06-cc26xx.a(linkaddr.o)
                0x000000000000d680                linkaddr_copy
 .text.linkaddr_cmp
                0x000000000000d68c       0x14 contiki-srf06-cc26xx.a(linkaddr.o)
                0x000000000000d68c                linkaddr_cmp
 .text.periodic
                0x000000000000d6a0       0x2c contiki-srf06-cc26xx.a(link-stats.o)
 .text.link_stats_from_lladdr
                0x000000000000d6cc        0xc contiki-srf06-cc26xx.a(link-stats.o)
                0x000000000000d6cc                link_stats_from_lladdr
 .text.link_stats_is_fresh
                0x000000000000d6d8       0x24 contiki-srf06-cc26xx.a(link-stats.o)
                0x000000000000d6d8                link_stats_is_fresh
 .text.link_stats_packet_sent
                0x000000000000d6fc       0x88 contiki-srf06-cc26xx.a(link-stats.o)
                0x000000000000d6fc                link_stats_packet_sent
 .text.link_stats_input_callback
                0x000000000000d784       0x5c contiki-srf06-cc26xx.a(link-stats.o)
                0x000000000000d784                link_stats_input_callback
 .text.link_stats_init
                0x000000000000d7e0       0x28 contiki-srf06-cc26xx.a(link-stats.o)
                0x000000000000d7e0                link_stats_init
 .text.parse    0x000000000000d808       0xa0 contiki-srf06-cc26xx.a(framer-802154.o)
 .text.create_frame.isra.0
                0x000000000000d8a8      0x144 contiki-srf06-cc26xx.a(framer-802154.o)
 .text.create   0x000000000000d9ec        0x8 contiki-srf06-cc26xx.a(framer-802154.o)
 .text.hdr_length
                0x000000000000d9f4        0x8 contiki-srf06-cc26xx.a(framer-802154.o)
 .text.input_packet
                0x000000000000d9fc       0x10 contiki-srf06-cc26xx.a(csma.o)
 .text.on       0x000000000000da0c       0x10 contiki-srf06-cc26xx.a(csma.o)
 .text.off      0x000000000000da1c       0x10 contiki-srf06-cc26xx.a(csma.o)
 .text.channel_check_interval
                0x000000000000da2c       0x10 contiki-srf06-cc26xx.a(csma.o)
 .text.transmit_packet_list
                0x000000000000da3c       0x24 contiki-srf06-cc26xx.a(csma.o)
 .text.schedule_transmission
                0x000000000000da60       0x54 contiki-srf06-cc26xx.a(csma.o)
 .text.send_packet
                0x000000000000dab4      0x154 contiki-srf06-cc26xx.a(csma.o)
 .text.init     0x000000000000dc08       0x24 contiki-srf06-cc26xx.a(csma.o)
 .text.tx_done  0x000000000000dc2c       0x88 contiki-srf06-cc26xx.a(csma.o)
 .text.packet_sent
                0x000000000000dcb4       0xe4 contiki-srf06-cc26xx.a(csma.o)
 .text.frame802154_get_pan_id
                0x000000000000dd98        0xc contiki-srf06-cc26xx.a(frame802154.o)
                0x000000000000dd98                frame802154_get_pan_id
 .text.frame802154_has_panid
                0x000000000000dda4       0xac contiki-srf06-cc26xx.a(frame802154.o)
                0x000000000000dda4                frame802154_has_panid
 .text.field_len
                0x000000000000de50       0x9c contiki-srf06-cc26xx.a(frame802154.o)
 .text.frame802154_is_broadcast_addr
                0x000000000000deec       0x24 contiki-srf06-cc26xx.a(frame802154.o)
                0x000000000000deec                frame802154_is_broadcast_addr
 .text.frame802154_hdrlen
                0x000000000000df10       0x34 contiki-srf06-cc26xx.a(frame802154.o)
                0x000000000000df10                frame802154_hdrlen
 .text.frame802154_create
                0x000000000000df44       0xf8 contiki-srf06-cc26xx.a(frame802154.o)
                0x000000000000df44                frame802154_create
 .text.frame802154_parse
                0x000000000000e03c      0x188 contiki-srf06-cc26xx.a(frame802154.o)
                0x000000000000e03c                frame802154_parse
 .text.mac_call_sent_callback
                0x000000000000e1c4       0x70 contiki-srf06-cc26xx.a(mac.o)
                0x000000000000e1c4                mac_call_sent_callback
 .text.duty_cycle
                0x000000000000e234        0x4 contiki-srf06-cc26xx.a(contikimac.o)
 .text.init     0x000000000000e238       0x40 contiki-srf06-cc26xx.a(contikimac.o)
 .text.on       0x000000000000e278       0x28 contiki-srf06-cc26xx.a(contikimac.o)
 .text.off      0x000000000000e2a0       0x34 contiki-srf06-cc26xx.a(contikimac.o)
 .text.recv_burst_off
                0x000000000000e2d4       0x14 contiki-srf06-cc26xx.a(contikimac.o)
 .text.powercycle_turn_radio_off.part.2
                0x000000000000e2e8       0x10 contiki-srf06-cc26xx.a(contikimac.o)
 .text.turn_off
                0x000000000000e2f8       0x38 contiki-srf06-cc26xx.a(contikimac.o)
 .text.turn_on  0x000000000000e330       0x40 contiki-srf06-cc26xx.a(contikimac.o)
 .text.schedule_powercycle_fixed.part.5
                0x000000000000e370       0x2c contiki-srf06-cc26xx.a(contikimac.o)
 .text.input_packet
                0x000000000000e39c       0xa4 contiki-srf06-cc26xx.a(contikimac.o)
 .text.send_packet.isra.8
                0x000000000000e440      0x22c contiki-srf06-cc26xx.a(contikimac.o)
 .text.qsend_list
                0x000000000000e66c       0xd8 contiki-srf06-cc26xx.a(contikimac.o)
 .text.qsend_packet
                0x000000000000e744       0x24 contiki-srf06-cc26xx.a(contikimac.o)
 .text.powercycle_wrapper
                0x000000000000e768      0x214 contiki-srf06-cc26xx.a(contikimac.o)
 .text.init     0x000000000000e97c        0x4 contiki-srf06-cc26xx.a(nullsec.o)
 .text.input    0x000000000000e980       0x10 contiki-srf06-cc26xx.a(nullsec.o)
 .text.send     0x000000000000e990       0x20 contiki-srf06-cc26xx.a(nullsec.o)
 .text.sensor_common_read_reg
                0x000000000000e9b0       0x1c contiki-srf06-cc26xx.a(sensor-common.o)
                0x000000000000e9b0                sensor_common_read_reg
 .text.sensor_common_write_reg
                0x000000000000e9cc       0x28 contiki-srf06-cc26xx.a(sensor-common.o)
                0x000000000000e9cc                sensor_common_write_reg
 .text.sensor_common_set_error_data
                0x000000000000e9f4       0x10 contiki-srf06-cc26xx.a(sensor-common.o)
                0x000000000000e9f4                sensor_common_set_error_data
 .text.verify_part
                0x000000000000ea04       0x7c contiki-srf06-cc26xx.a(ext-flash.o)
 .text.wait_ready
                0x000000000000ea80       0x64 contiki-srf06-cc26xx.a(ext-flash.o)
 .text.power_down
                0x000000000000eae4       0x50 contiki-srf06-cc26xx.a(ext-flash.o)
 .text.ext_flash_open
                0x000000000000eb34       0x5c contiki-srf06-cc26xx.a(ext-flash.o)
                0x000000000000eb34                ext_flash_open
 .text.ext_flash_init
                0x000000000000eb90       0x14 contiki-srf06-cc26xx.a(ext-flash.o)
                0x000000000000eb90                ext_flash_init
 .text.buzzer_init
                0x000000000000eba4        0xc contiki-srf06-cc26xx.a(buzzer.o)
                0x000000000000eba4                buzzer_init
 .text.buzzer_stop
                0x000000000000ebb0       0x74 contiki-srf06-cc26xx.a(buzzer.o)
                0x000000000000ebb0                buzzer_stop
 .text.accessible
                0x000000000000ec24       0x24 contiki-srf06-cc26xx.a(board-spi.o)
 .text.board_spi_write
                0x000000000000ec48       0x3c contiki-srf06-cc26xx.a(board-spi.o)
                0x000000000000ec48                board_spi_write
 .text.board_spi_read
                0x000000000000ec84       0x4c contiki-srf06-cc26xx.a(board-spi.o)
                0x000000000000ec84                board_spi_read
 .text.board_spi_flush
                0x000000000000ecd0       0x24 contiki-srf06-cc26xx.a(board-spi.o)
                0x000000000000ecd0                board_spi_flush
 .text.board_spi_open
                0x000000000000ecf4       0xbc contiki-srf06-cc26xx.a(board-spi.o)
                0x000000000000ecf4                board_spi_open
 .text.board_spi_close
                0x000000000000edb0       0x6c contiki-srf06-cc26xx.a(board-spi.o)
                0x000000000000edb0                board_spi_close
 .text.aux_ctrl_power_up
                0x000000000000ee1c       0x28 contiki-srf06-cc26xx.a(aux-ctrl.o)
                0x000000000000ee1c                aux_ctrl_power_up
 .text.aux_ctrl_register_consumer
                0x000000000000ee44       0x40 contiki-srf06-cc26xx.a(aux-ctrl.o)
                0x000000000000ee44                aux_ctrl_register_consumer
 .text.aux_ctrl_power_down
                0x000000000000ee84       0x70 contiki-srf06-cc26xx.a(aux-ctrl.o)
                0x000000000000ee84                aux_ctrl_power_down
 .text.aux_ctrl_unregister_consumer
                0x000000000000eef4       0x28 contiki-srf06-cc26xx.a(aux-ctrl.o)
                0x000000000000eef4                aux_ctrl_unregister_consumer
 .text.process_thread_rf_core_process
                0x000000000000ef1c       0x58 contiki-srf06-cc26xx.a(rf-core.o)
 .text.rf_core_is_accessible
                0x000000000000ef74       0x10 contiki-srf06-cc26xx.a(rf-core.o)
                0x000000000000ef74                rf_core_is_accessible
 .text.rf_core_send_cmd
                0x000000000000ef84       0xa0 contiki-srf06-cc26xx.a(rf-core.o)
                0x000000000000ef84                rf_core_send_cmd
 .text.rf_core_wait_cmd_done
                0x000000000000f024       0x2c contiki-srf06-cc26xx.a(rf-core.o)
                0x000000000000f024                rf_core_wait_cmd_done
 .text.rf_core_power_up
                0x000000000000f050       0xb0 contiki-srf06-cc26xx.a(rf-core.o)
                0x000000000000f050                rf_core_power_up
 .text.rf_core_start_rat
                0x000000000000f100       0x68 contiki-srf06-cc26xx.a(rf-core.o)
                0x000000000000f100                rf_core_start_rat
 .text.rf_core_stop_rat
                0x000000000000f168       0x7c contiki-srf06-cc26xx.a(rf-core.o)
                0x000000000000f168                rf_core_stop_rat
 .text.rf_core_power_down
                0x000000000000f1e4       0xec contiki-srf06-cc26xx.a(rf-core.o)
                0x000000000000f1e4                rf_core_power_down
 .text.rf_core_set_modesel
                0x000000000000f2d0       0x44 contiki-srf06-cc26xx.a(rf-core.o)
                0x000000000000f2d0                rf_core_set_modesel
 .text.rf_core_boot
                0x000000000000f314       0x1c contiki-srf06-cc26xx.a(rf-core.o)
                0x000000000000f314                rf_core_boot
 .text.rf_core_restart_rat
                0x000000000000f330       0x20 contiki-srf06-cc26xx.a(rf-core.o)
                0x000000000000f330                rf_core_restart_rat
 .text.rf_core_setup_interrupts
                0x000000000000f350       0x74 contiki-srf06-cc26xx.a(rf-core.o)
                0x000000000000f350                rf_core_setup_interrupts
 .text.rf_core_cmd_done_en
                0x000000000000f3c4       0x28 contiki-srf06-cc26xx.a(rf-core.o)
                0x000000000000f3c4                rf_core_cmd_done_en
 .text.rf_core_cmd_done_dis
                0x000000000000f3ec       0x18 contiki-srf06-cc26xx.a(rf-core.o)
                0x000000000000f3ec                rf_core_cmd_done_dis
 .text.rf_core_get_last_radio_op
                0x000000000000f404        0xc contiki-srf06-cc26xx.a(rf-core.o)
                0x000000000000f404                rf_core_get_last_radio_op
 .text.rf_core_init_radio_op
                0x000000000000f410       0x1c contiki-srf06-cc26xx.a(rf-core.o)
                0x000000000000f410                rf_core_init_radio_op
 .text.rf_core_primary_mode_register
                0x000000000000f42c        0xc contiki-srf06-cc26xx.a(rf-core.o)
                0x000000000000f42c                rf_core_primary_mode_register
 .text.RFCCPE1IntHandler
                0x000000000000f438       0x28 contiki-srf06-cc26xx.a(rf-core.o)
                0x000000000000f438                RFCCPE1IntHandler
 .text.RFCCPE0IntHandler
                0x000000000000f460       0x5c contiki-srf06-cc26xx.a(rf-core.o)
                0x000000000000f460                RFCCPE0IntHandler
 .text.rf_ble_is_active
                0x000000000000f4bc        0xc contiki-srf06-cc26xx.a(rf-ble.o)
                0x000000000000f4bc                rf_ble_is_active
 .text.stimer_set
                0x000000000000f4c8       0x10 contiki-srf06-cc26xx.a(stimer.o)
                0x000000000000f4c8                stimer_set
 .text.stimer_expired
                0x000000000000f4d8       0x20 contiki-srf06-cc26xx.a(stimer.o)
                0x000000000000f4d8                stimer_expired
 .text.memb_init
                0x000000000000f4f8       0x24 contiki-srf06-cc26xx.a(memb.o)
                0x000000000000f4f8                memb_init
 .text.memb_alloc
                0x000000000000f51c       0x3c contiki-srf06-cc26xx.a(memb.o)
                0x000000000000f51c                memb_alloc
 .text.memb_free
                0x000000000000f558       0x44 contiki-srf06-cc26xx.a(memb.o)
                0x000000000000f558                memb_free
 .text.memb_inmemb
                0x000000000000f59c       0x1c contiki-srf06-cc26xx.a(memb.o)
                0x000000000000f59c                memb_inmemb
 .text.memb_numfree
                0x000000000000f5b8       0x24 contiki-srf06-cc26xx.a(memb.o)
                0x000000000000f5b8                memb_numfree
 .text.echo_reply_input
                0x000000000000f5dc       0xac contiki-srf06-cc26xx.a(uip-icmp6.o)
 .text.echo_request_input
                0x000000000000f688       0xb8 contiki-srf06-cc26xx.a(uip-icmp6.o)
 .text.uip_icmp6_input
                0x000000000000f740       0x40 contiki-srf06-cc26xx.a(uip-icmp6.o)
                0x000000000000f740                uip_icmp6_input
 .text.uip_icmp6_register_input_handler
                0x000000000000f780        0xc contiki-srf06-cc26xx.a(uip-icmp6.o)
                0x000000000000f780                uip_icmp6_register_input_handler
 .text.uip_icmp6_error_output
                0x000000000000f78c      0x158 contiki-srf06-cc26xx.a(uip-icmp6.o)
                0x000000000000f78c                uip_icmp6_error_output
 .text.uip_icmp6_send
                0x000000000000f8e4       0x8c contiki-srf06-cc26xx.a(uip-icmp6.o)
                0x000000000000f8e4                uip_icmp6_send
 .text.uip_icmp6_init
                0x000000000000f970       0x24 contiki-srf06-cc26xx.a(uip-icmp6.o)
                0x000000000000f970                uip_icmp6_init
 .text.update_nbr
                0x000000000000f994      0x114 contiki-srf06-cc26xx.a(rpl-nbr-policy.)
 .text.handle_periodic_timer
                0x000000000000faa8       0x14 contiki-srf06-cc26xx.a(rpl-nbr-policy.)
 .text.find_removable_dio
                0x000000000000fabc       0x40 contiki-srf06-cc26xx.a(rpl-nbr-policy.)
                0x000000000000fabc                find_removable_dio
 .text.find_removable_dao
                0x000000000000fafc       0x38 contiki-srf06-cc26xx.a(rpl-nbr-policy.)
                0x000000000000fafc                find_removable_dao
 .text.rpl_nbr_policy_find_removable
                0x000000000000fb34       0x44 contiki-srf06-cc26xx.a(rpl-nbr-policy.)
                0x000000000000fb34                rpl_nbr_policy_find_removable
 .text.NOROM_SetupAfterColdResetWakeupFromShutDownCfg1
                0x000000000000fb78       0x7c contiki-srf06-cc26xx.a(setup_rom.o)
                0x000000000000fb78                NOROM_SetupAfterColdResetWakeupFromShutDownCfg1
 .text.NOROM_SetupAfterColdResetWakeupFromShutDownCfg3
                0x000000000000fbf4      0x194 contiki-srf06-cc26xx.a(setup_rom.o)
                0x000000000000fbf4                NOROM_SetupAfterColdResetWakeupFromShutDownCfg3
 .text.NOROM_SetupGetTrimForAnabypassValue1
                0x000000000000fd88       0x64 contiki-srf06-cc26xx.a(setup_rom.o)
                0x000000000000fd88                NOROM_SetupGetTrimForAnabypassValue1
 .text.NOROM_SetupGetTrimForAmpcompCtrl
                0x000000000000fdec       0x74 contiki-srf06-cc26xx.a(setup_rom.o)
                0x000000000000fdec                NOROM_SetupGetTrimForAmpcompCtrl
 .text.NOROM_SetupAfterColdResetWakeupFromShutDownCfg2
                0x000000000000fe60      0x1a0 contiki-srf06-cc26xx.a(setup_rom.o)
                0x000000000000fe60                NOROM_SetupAfterColdResetWakeupFromShutDownCfg2
 .text.NOROM_SetupSetCacheModeAccordingToCcfgSetting
                0x0000000000010000       0x70 contiki-srf06-cc26xx.a(setup_rom.o)
                0x0000000000010000                NOROM_SetupSetCacheModeAccordingToCcfgSetting
 .text.NOROM_AONBatMonTemperatureGetDegC
                0x0000000000010070       0x30 contiki-srf06-cc26xx.a(aon_batmon.o)
                0x0000000000010070                NOROM_AONBatMonTemperatureGetDegC
 .text.mac_sequence_is_duplicate
                0x00000000000100a0       0x4c contiki-srf06-cc26xx.a(mac-sequence.o)
                0x00000000000100a0                mac_sequence_is_duplicate
 .text.mac_sequence_register_seqno
                0x00000000000100ec       0x68 contiki-srf06-cc26xx.a(mac-sequence.o)
                0x00000000000100ec                mac_sequence_register_seqno
 .text.exp2     0x0000000000010154       0x10 /usr/lib/gcc/arm-none-eabi/4.8/../../../arm-none-eabi/lib/armv7-m/libm.a(lib_a-w_exp2.o)
                0x0000000000010154                exp2
 .text.pow      0x0000000000010164      0x2f8 /usr/lib/gcc/arm-none-eabi/4.8/../../../arm-none-eabi/lib/armv7-m/libm.a(lib_a-w_pow.o)
                0x0000000000010164                pow
 .text.__ieee754_sqrt
                0x000000000001045c      0x180 /usr/lib/gcc/arm-none-eabi/4.8/../../../arm-none-eabi/lib/armv7-m/libm.a(lib_a-e_sqrt.o)
                0x000000000001045c                __ieee754_sqrt
 .text.fabs     0x00000000000105dc        0x8 /usr/lib/gcc/arm-none-eabi/4.8/../../../arm-none-eabi/lib/armv7-m/libm.a(lib_a-s_fabs.o)
                0x00000000000105dc                fabs
 .text.finite   0x00000000000105e4        0xc /usr/lib/gcc/arm-none-eabi/4.8/../../../arm-none-eabi/lib/armv7-m/libm.a(lib_a-s_finite.o)
                0x00000000000105e4                finite
 .text.__fpclassifyd
                0x00000000000105f0       0x50 /usr/lib/gcc/arm-none-eabi/4.8/../../../arm-none-eabi/lib/armv7-m/libm.a(lib_a-s_fpclassify.o)
                0x00000000000105f0                __fpclassifyd
 .text.matherr  0x0000000000010640        0x4 /usr/lib/gcc/arm-none-eabi/4.8/../../../arm-none-eabi/lib/armv7-m/libm.a(lib_a-s_matherr.o)
                0x0000000000010640                matherr
 .text.nan      0x0000000000010644        0xc /usr/lib/gcc/arm-none-eabi/4.8/../../../arm-none-eabi/lib/armv7-m/libm.a(lib_a-s_nan.o)
                0x0000000000010644                nan
 .text.rint     0x0000000000010650      0x118 /usr/lib/gcc/arm-none-eabi/4.8/../../../arm-none-eabi/lib/armv7-m/libm.a(lib_a-s_rint.o)
                0x0000000000010650                rint
 .text.copysign
                0x0000000000010768       0x14 /usr/lib/gcc/arm-none-eabi/4.8/../../../arm-none-eabi/lib/armv7-m/libm.a(lib_a-s_copysign.o)
                0x0000000000010768                copysign
 .text          0x000000000001077c      0x370 /usr/lib/gcc/arm-none-eabi/4.8/armv7-m/libgcc.a(_arm_addsubdf3.o)
                0x000000000001077c                __aeabi_drsub
                0x0000000000010784                __aeabi_dsub
                0x0000000000010784                __subdf3
                0x0000000000010788                __adddf3
                0x0000000000010788                __aeabi_dadd
                0x0000000000010a00                __aeabi_ui2d
                0x0000000000010a00                __floatunsidf
                0x0000000000010a20                __floatsidf
                0x0000000000010a20                __aeabi_i2d
                0x0000000000010a44                __extendsfdf2
                0x0000000000010a44                __aeabi_f2d
                0x0000000000010a80                __aeabi_ul2d
                0x0000000000010a80                __floatundidf
                0x0000000000010a90                __floatdidf
                0x0000000000010a90                __aeabi_l2d
 .text          0x0000000000010aec      0x424 /usr/lib/gcc/arm-none-eabi/4.8/armv7-m/libgcc.a(_arm_muldivdf3.o)
                0x0000000000010aec                __aeabi_dmul
                0x0000000000010aec                __muldf3
                0x0000000000010d40                __aeabi_ddiv
                0x0000000000010d40                __divdf3
 .text          0x0000000000010f10      0x110 /usr/lib/gcc/arm-none-eabi/4.8/armv7-m/libgcc.a(_arm_cmpdf2.o)
                0x0000000000010f10                __gtdf2
                0x0000000000010f10                __gedf2
                0x0000000000010f18                __ltdf2
                0x0000000000010f18                __ledf2
                0x0000000000010f20                __cmpdf2
                0x0000000000010f20                __eqdf2
                0x0000000000010f20                __nedf2
                0x0000000000010f9c                __aeabi_cdrcmple
                0x0000000000010fac                __aeabi_cdcmple
                0x0000000000010fac                __aeabi_cdcmpeq
                0x0000000000010fbc                __aeabi_dcmpeq
                0x0000000000010fd0                __aeabi_dcmplt
                0x0000000000010fe4                __aeabi_dcmple
                0x0000000000010ff8                __aeabi_dcmpge
                0x000000000001100c                __aeabi_dcmpgt
 .text          0x0000000000011020       0xa0 /usr/lib/gcc/arm-none-eabi/4.8/armv7-m/libgcc.a(_arm_truncdfsf2.o)
                0x0000000000011020                __aeabi_d2f
                0x0000000000011020                __truncdfsf2
 .text          0x00000000000110c0      0x21c /usr/lib/gcc/arm-none-eabi/4.8/armv7-m/libgcc.a(_arm_addsubsf3.o)
                0x00000000000110c0                __aeabi_frsub
                0x00000000000110c8                __subsf3
                0x00000000000110c8                __aeabi_fsub
                0x00000000000110cc                __aeabi_fadd
                0x00000000000110cc                __addsf3
                0x000000000001122c                __aeabi_ui2f
                0x000000000001122c                __floatunsisf
                0x0000000000011234                __aeabi_i2f
                0x0000000000011234                __floatsisf
                0x0000000000011250                __floatundisf
                0x0000000000011250                __aeabi_ul2f
                0x0000000000011260                __floatdisf
                0x0000000000011260                __aeabi_l2f
 .text          0x00000000000112dc      0x2a0 /usr/lib/gcc/arm-none-eabi/4.8/armv7-m/libgcc.a(_arm_muldivsf3.o)
                0x00000000000112dc                __mulsf3
                0x00000000000112dc                __aeabi_fmul
                0x0000000000011444                __divsf3
                0x0000000000011444                __aeabi_fdiv
 .text          0x000000000001157c       0x4c /usr/lib/gcc/arm-none-eabi/4.8/armv7-m/libgcc.a(_arm_fixsfsi.o)
                0x000000000001157c                __fixsfsi
                0x000000000001157c                __aeabi_f2iz
 .text          0x00000000000115c8       0x2c /usr/lib/gcc/arm-none-eabi/4.8/armv7-m/libgcc.a(_aeabi_uldivmod.o)
                0x00000000000115c8                __aeabi_uldivmod
 .text          0x00000000000115f4       0x60 /usr/lib/gcc/arm-none-eabi/4.8/armv7-m/libgcc.a(bpabi.o)
                0x00000000000115f4                __gnu_ldivmod_helper
                0x0000000000011624                __gnu_uldivmod_helper
 .text          0x0000000000011654        0x4 /usr/lib/gcc/arm-none-eabi/4.8/armv7-m/libgcc.a(_dvmd_tls.o)
                0x0000000000011654                __aeabi_ldiv0
                0x0000000000011654                __aeabi_idiv0
 .text          0x0000000000011658      0x2a0 /usr/lib/gcc/arm-none-eabi/4.8/armv7-m/libgcc.a(_divdi3.o)
                0x0000000000011658                __divdi3
 .text          0x00000000000118f8      0x290 /usr/lib/gcc/arm-none-eabi/4.8/armv7-m/libgcc.a(_udivdi3.o)
                0x00000000000118f8                __udivdi3
 .text.__errno  0x0000000000011b88        0xc /usr/lib/gcc/arm-none-eabi/4.8/../../../arm-none-eabi/lib/armv7-m/libc.a(lib_a-errno.o)
                0x0000000000011b88                __errno
 .text.memcmp   0x0000000000011b94       0x68 /usr/lib/gcc/arm-none-eabi/4.8/../../../arm-none-eabi/lib/armv7-m/libc.a(lib_a-memcmp.o)
                0x0000000000011b94                memcmp
 .text          0x0000000000011bfc       0xec /usr/lib/gcc/arm-none-eabi/4.8/../../../arm-none-eabi/lib/armv7-m/libc.a(lib_a-memcpy.o)
                0x0000000000011bfc                memcpy
 .text.memmove  0x0000000000011ce8       0xcc /usr/lib/gcc/arm-none-eabi/4.8/../../../arm-none-eabi/lib/armv7-m/libc.a(lib_a-memmove.o)
                0x0000000000011ce8                memmove
 .text.memset   0x0000000000011db4       0x94 /usr/lib/gcc/arm-none-eabi/4.8/../../../arm-none-eabi/lib/armv7-m/libc.a(lib_a-memset.o)
                0x0000000000011db4                memset
 .text.strcasecmp